Archive member included to satisfy reference by file (symbol)

/usr/lib/x86_64-linux-gnu/libc_nonshared.a(elf-init.oS)
                              /usr/lib/gcc/x86_64-linux-gnu/5/../../../x86_64-linux-gnu/crt1.o (__libc_csu_init)

Allocating common symbols
Common symbol       size              file

MacroLevel          0x1               GccUnixR/expans.o
CurrProc            0x8               GccUnixR/proc.o
Frame_Datum         0x2               GccUnixR/fixup.o
LineCur             0x8               GccUnixR/input.o
ModuleInfo          0x1200            GccUnixR/assemble.o
sym_ReservedStack   0x8               GccUnixR/proc.o
sym_Interface       0x8               GccUnixR/cpumodel.o
SymTables           0x60              GccUnixR/parser.o
write_to_file       0x1               GccUnixR/assemble.o
SymCmpFunc          0x8               GccUnixR/symbols.o
Parse_Pass          0x4               GccUnixR/assemble.o
jmpenv              0xc8              GccUnixR/assemble.o
evex                0x1               GccUnixR/main.o
StackAdj            0x4               GccUnixR/proc.o
broadflags          0x1               GccUnixR/main.o
LineStoreCurr       0x8               GccUnixR/fastpass.o
CurrStruct          0x8               GccUnixR/types.o
decoflags           0x1               GccUnixR/main.o
MacroLocals         0x4               GccUnixR/expans.o
ZEROLOCALS          0x1               GccUnixR/main.o
SegAssumeTable      0x60              GccUnixR/assume.o
procidx             0x4               GccUnixR/proc.o
ProcStatus          0x4               GccUnixR/proc.o
SegOverride         0x8               GccUnixR/parser.o
StdAssumeTable      0x100             GccUnixR/assume.o
commentbuffer       0x8               GccUnixR/input.o
LastCodeBufSize     0x4               GccUnixR/omf.o
UseSavedState       0x1               GccUnixR/fastpass.o
LinnumQueue         0x10              GccUnixR/assemble.o
CurrIfState         0x4               GccUnixR/condasm.o
FileCur             0x8               GccUnixR/input.o
sym_Cpu             0x8               GccUnixR/cpumodel.o
StoreState          0x1               GccUnixR/fastpass.o
list_pos            0x4               GccUnixR/listing.o
Frame_Type          0x1               GccUnixR/fixup.o
token_stringbuf     0x8               GccUnixR/input.o
symCurSeg           0x8               GccUnixR/segment.o
StackAdjHigh        0x4               GccUnixR/proc.o

Discarded input sections

 .note.GNU-stack
                0x0000000000000000        0x0 /usr/lib/gcc/x86_64-linux-gnu/5/../../../x86_64-linux-gnu/crt1.o
 .gnu_debuglink
                0x0000000000000000        0xc /usr/lib/gcc/x86_64-linux-gnu/5/../../../x86_64-linux-gnu/crt1.o
 .note.GNU-stack
                0x0000000000000000        0x0 /usr/lib/gcc/x86_64-linux-gnu/5/../../../x86_64-linux-gnu/crti.o
 .gnu_debuglink
                0x0000000000000000        0xc /usr/lib/gcc/x86_64-linux-gnu/5/../../../x86_64-linux-gnu/crti.o
 .note.GNU-stack
                0x0000000000000000        0x0 /usr/lib/gcc/x86_64-linux-gnu/5/crtbegin.o
 .note.GNU-stack
                0x0000000000000000        0x0 GccUnixR/main.o
 .note.GNU-stack
                0x0000000000000000        0x0 GccUnixR/apiemu.o
 .note.GNU-stack
                0x0000000000000000        0x0 GccUnixR/assemble.o
 .note.GNU-stack
                0x0000000000000000        0x0 GccUnixR/assume.o
 .note.GNU-stack
                0x0000000000000000        0x0 GccUnixR/atofloat.o
 .note.GNU-stack
                0x0000000000000000        0x0 GccUnixR/backptch.o
 .note.GNU-stack
                0x0000000000000000        0x0 GccUnixR/bin.o
 .note.GNU-stack
                0x0000000000000000        0x0 GccUnixR/branch.o
 .note.GNU-stack
                0x0000000000000000        0x0 GccUnixR/cmdline.o
 .note.GNU-stack
                0x0000000000000000        0x0 GccUnixR/codegen.o
 .note.GNU-stack
                0x0000000000000000        0x0 GccUnixR/coff.o
 .note.GNU-stack
                0x0000000000000000        0x0 GccUnixR/condasm.o
 .note.GNU-stack
                0x0000000000000000        0x0 GccUnixR/context.o
 .note.GNU-stack
                0x0000000000000000        0x0 GccUnixR/cpumodel.o
 .note.GNU-stack
                0x0000000000000000        0x0 GccUnixR/data.o
 .note.GNU-stack
                0x0000000000000000        0x0 GccUnixR/dbgcv.o
 .note.GNU-stack
                0x0000000000000000        0x0 GccUnixR/directiv.o
 .note.GNU-stack
                0x0000000000000000        0x0 GccUnixR/elf.o
 .note.GNU-stack
                0x0000000000000000        0x0 GccUnixR/end.o
 .note.GNU-stack
                0x0000000000000000        0x0 GccUnixR/equate.o
 .note.GNU-stack
                0x0000000000000000        0x0 GccUnixR/errmsg.o
 .note.GNU-stack
                0x0000000000000000        0x0 GccUnixR/expans.o
 .note.GNU-stack
                0x0000000000000000        0x0 GccUnixR/expreval.o
 .note.GNU-stack
                0x0000000000000000        0x0 GccUnixR/extern.o
 .note.GNU-stack
                0x0000000000000000        0x0 GccUnixR/fastpass.o
 .note.GNU-stack
                0x0000000000000000        0x0 GccUnixR/fixup.o
 .note.GNU-stack
                0x0000000000000000        0x0 GccUnixR/fpfixup.o
 .note.GNU-stack
                0x0000000000000000        0x0 GccUnixR/hll.o
 .note.GNU-stack
                0x0000000000000000        0x0 GccUnixR/input.o
 .note.GNU-stack
                0x0000000000000000        0x0 GccUnixR/invoke.o
 .note.GNU-stack
                0x0000000000000000        0x0 GccUnixR/label.o
 .note.GNU-stack
                0x0000000000000000        0x0 GccUnixR/linnum.o
 .note.GNU-stack
                0x0000000000000000        0x0 GccUnixR/listing.o
 .note.GNU-stack
                0x0000000000000000        0x0 GccUnixR/loop.o
 .note.GNU-stack
                0x0000000000000000        0x0 GccUnixR/lqueue.o
 .note.GNU-stack
                0x0000000000000000        0x0 GccUnixR/macro.o
 .note.GNU-stack
                0x0000000000000000        0x0 GccUnixR/mangle.o
 .note.GNU-stack
                0x0000000000000000        0x0 GccUnixR/memalloc.o
 .note.GNU-stack
                0x0000000000000000        0x0 GccUnixR/msgtext.o
 .note.GNU-stack
                0x0000000000000000        0x0 GccUnixR/omf.o
 .note.GNU-stack
                0x0000000000000000        0x0 GccUnixR/omffixup.o
 .note.GNU-stack
                0x0000000000000000        0x0 GccUnixR/omfint.o
 .note.GNU-stack
                0x0000000000000000        0x0 GccUnixR/option.o
 .note.GNU-stack
                0x0000000000000000        0x0 GccUnixR/parser.o
 .note.GNU-stack
                0x0000000000000000        0x0 GccUnixR/posndir.o
 .note.GNU-stack
                0x0000000000000000        0x0 GccUnixR/preproc.o
 .note.GNU-stack
                0x0000000000000000        0x0 GccUnixR/proc.o
 .note.GNU-stack
                0x0000000000000000        0x0 GccUnixR/queue.o
 .note.GNU-stack
                0x0000000000000000        0x0 GccUnixR/reswords.o
 .note.GNU-stack
                0x0000000000000000        0x0 GccUnixR/safeseh.o
 .note.GNU-stack
                0x0000000000000000        0x0 GccUnixR/segment.o
 .note.GNU-stack
                0x0000000000000000        0x0 GccUnixR/simsegm.o
 .note.GNU-stack
                0x0000000000000000        0x0 GccUnixR/string.o
 .note.GNU-stack
                0x0000000000000000        0x0 GccUnixR/symbols.o
 .note.GNU-stack
                0x0000000000000000        0x0 GccUnixR/tbyte.o
 .note.GNU-stack
                0x0000000000000000        0x0 GccUnixR/tokenize.o
 .note.GNU-stack
                0x0000000000000000        0x0 GccUnixR/types.o
 .note.GNU-stack
                0x0000000000000000        0x0 /usr/lib/x86_64-linux-gnu/libc_nonshared.a(elf-init.oS)
 .note.GNU-stack
                0x0000000000000000        0x0 /usr/lib/gcc/x86_64-linux-gnu/5/crtend.o
 .note.GNU-stack
                0x0000000000000000        0x0 /usr/lib/gcc/x86_64-linux-gnu/5/../../../x86_64-linux-gnu/crtn.o
 .gnu_debuglink
                0x0000000000000000        0xc /usr/lib/gcc/x86_64-linux-gnu/5/../../../x86_64-linux-gnu/crtn.o

Memory Configuration

Name             Origin             Length             Attributes
*default*        0x0000000000000000 0xffffffffffffffff

Linker script and memory map

LOAD /usr/lib/gcc/x86_64-linux-gnu/5/../../../x86_64-linux-gnu/crt1.o
LOAD /usr/lib/gcc/x86_64-linux-gnu/5/../../../x86_64-linux-gnu/crti.o
LOAD /usr/lib/gcc/x86_64-linux-gnu/5/crtbegin.o
LOAD GccUnixR/main.o
LOAD GccUnixR/apiemu.o
LOAD GccUnixR/assemble.o
LOAD GccUnixR/assume.o
LOAD GccUnixR/atofloat.o
LOAD GccUnixR/backptch.o
LOAD GccUnixR/bin.o
LOAD GccUnixR/branch.o
LOAD GccUnixR/cmdline.o
LOAD GccUnixR/codegen.o
LOAD GccUnixR/coff.o
LOAD GccUnixR/condasm.o
LOAD GccUnixR/context.o
LOAD GccUnixR/cpumodel.o
LOAD GccUnixR/data.o
LOAD GccUnixR/dbgcv.o
LOAD GccUnixR/directiv.o
LOAD GccUnixR/elf.o
LOAD GccUnixR/end.o
LOAD GccUnixR/equate.o
LOAD GccUnixR/errmsg.o
LOAD GccUnixR/expans.o
LOAD GccUnixR/expreval.o
LOAD GccUnixR/extern.o
LOAD GccUnixR/fastpass.o
LOAD GccUnixR/fixup.o
LOAD GccUnixR/fpfixup.o
LOAD GccUnixR/hll.o
LOAD GccUnixR/input.o
LOAD GccUnixR/invoke.o
LOAD GccUnixR/label.o
LOAD GccUnixR/linnum.o
LOAD GccUnixR/listing.o
LOAD GccUnixR/loop.o
LOAD GccUnixR/lqueue.o
LOAD GccUnixR/macro.o
LOAD GccUnixR/mangle.o
LOAD GccUnixR/memalloc.o
LOAD GccUnixR/msgtext.o
LOAD GccUnixR/omf.o
LOAD GccUnixR/omffixup.o
LOAD GccUnixR/omfint.o
LOAD GccUnixR/option.o
LOAD GccUnixR/parser.o
LOAD GccUnixR/posndir.o
LOAD GccUnixR/preproc.o
LOAD GccUnixR/proc.o
LOAD GccUnixR/queue.o
LOAD GccUnixR/reswords.o
LOAD GccUnixR/safeseh.o
LOAD GccUnixR/segment.o
LOAD GccUnixR/simsegm.o
LOAD GccUnixR/string.o
LOAD GccUnixR/symbols.o
LOAD GccUnixR/tbyte.o
LOAD GccUnixR/tokenize.o
LOAD GccUnixR/types.o
LOAD /usr/lib/gcc/x86_64-linux-gnu/5/libgcc.a
LOAD /usr/lib/gcc/x86_64-linux-gnu/5/libgcc_s.so
LOAD /usr/lib/gcc/x86_64-linux-gnu/5/../../../x86_64-linux-gnu/libc.so
START GROUP
LOAD /lib/x86_64-linux-gnu/libc.so.6
LOAD /usr/lib/x86_64-linux-gnu/libc_nonshared.a
LOAD /lib/x86_64-linux-gnu/ld-linux-x86-64.so.2
END GROUP
LOAD /usr/lib/gcc/x86_64-linux-gnu/5/libgcc.a
LOAD /usr/lib/gcc/x86_64-linux-gnu/5/libgcc_s.so
LOAD /usr/lib/gcc/x86_64-linux-gnu/5/crtend.o
LOAD /usr/lib/gcc/x86_64-linux-gnu/5/../../../x86_64-linux-gnu/crtn.o
                [!provide]                        PROVIDE (__executable_start, 0x400000)
                0x0000000000400238                . = (0x400000 + SIZEOF_HEADERS)

.interp         0x0000000000400238       0x1c
 *(.interp)
 .interp        0x0000000000400238       0x1c /usr/lib/gcc/x86_64-linux-gnu/5/../../../x86_64-linux-gnu/crt1.o

.note.ABI-tag   0x0000000000400254       0x20
 .note.ABI-tag  0x0000000000400254       0x20 /usr/lib/gcc/x86_64-linux-gnu/5/../../../x86_64-linux-gnu/crt1.o

.note.gnu.build-id
                0x0000000000400274       0x24
 *(.note.gnu.build-id)
 .note.gnu.build-id
                0x0000000000400274       0x24 /usr/lib/gcc/x86_64-linux-gnu/5/../../../x86_64-linux-gnu/crt1.o

.hash
 *(.hash)

.gnu.hash       0x0000000000400298       0x30
 *(.gnu.hash)
 .gnu.hash      0x0000000000400298       0x30 /usr/lib/gcc/x86_64-linux-gnu/5/../../../x86_64-linux-gnu/crt1.o

.dynsym         0x00000000004002c8      0x5b8
 *(.dynsym)
 .dynsym        0x00000000004002c8      0x5b8 /usr/lib/gcc/x86_64-linux-gnu/5/../../../x86_64-linux-gnu/crt1.o

.dynstr         0x0000000000400880      0x26f
 *(.dynstr)
 .dynstr        0x0000000000400880      0x26f /usr/lib/gcc/x86_64-linux-gnu/5/../../../x86_64-linux-gnu/crt1.o

.gnu.version    0x0000000000400af0       0x7a
 *(.gnu.version)
 .gnu.version   0x0000000000400af0       0x7a /usr/lib/gcc/x86_64-linux-gnu/5/../../../x86_64-linux-gnu/crt1.o

.gnu.version_d  0x0000000000400b70        0x0
 *(.gnu.version_d)
 .gnu.version_d
                0x0000000000400b70        0x0 /usr/lib/gcc/x86_64-linux-gnu/5/../../../x86_64-linux-gnu/crt1.o

.gnu.version_r  0x0000000000400b70       0x70
 *(.gnu.version_r)
 .gnu.version_r
                0x0000000000400b70       0x70 /usr/lib/gcc/x86_64-linux-gnu/5/../../../x86_64-linux-gnu/crt1.o

.rela.dyn       0x0000000000400be0       0x30
 *(.rela.init)
 *(.rela.text .rela.text.* .rela.gnu.linkonce.t.*)
 .rela.text     0x0000000000400be0        0x0 /usr/lib/gcc/x86_64-linux-gnu/5/../../../x86_64-linux-gnu/crt1.o
 .rela.text.startup
                0x0000000000400be0        0x0 /usr/lib/gcc/x86_64-linux-gnu/5/../../../x86_64-linux-gnu/crt1.o
 .rela.text.unlikely
                0x0000000000400be0        0x0 /usr/lib/gcc/x86_64-linux-gnu/5/../../../x86_64-linux-gnu/crt1.o
 *(.rela.fini)
 *(.rela.rodata .rela.rodata.* .rela.gnu.linkonce.r.*)
 .rela.rodata   0x0000000000400be0        0x0 /usr/lib/gcc/x86_64-linux-gnu/5/../../../x86_64-linux-gnu/crt1.o
 *(.rela.data .rela.data.* .rela.gnu.linkonce.d.*)
 *(.rela.tdata .rela.tdata.* .rela.gnu.linkonce.td.*)
 *(.rela.tbss .rela.tbss.* .rela.gnu.linkonce.tb.*)
 *(.rela.ctors)
 *(.rela.dtors)
 *(.rela.got)
 .rela.got      0x0000000000400be0       0x18 /usr/lib/gcc/x86_64-linux-gnu/5/../../../x86_64-linux-gnu/crt1.o
 *(.rela.bss .rela.bss.* .rela.gnu.linkonce.b.*)
 .rela.bss      0x0000000000400bf8       0x18 /usr/lib/gcc/x86_64-linux-gnu/5/../../../x86_64-linux-gnu/crt1.o
 *(.rela.ldata .rela.ldata.* .rela.gnu.linkonce.l.*)
 *(.rela.lbss .rela.lbss.* .rela.gnu.linkonce.lb.*)
 *(.rela.lrodata .rela.lrodata.* .rela.gnu.linkonce.lr.*)
 *(.rela.ifunc)

.rela.plt       0x0000000000400c10      0x588
 *(.rela.plt)
 .rela.plt      0x0000000000400c10      0x588 /usr/lib/gcc/x86_64-linux-gnu/5/../../../x86_64-linux-gnu/crt1.o
                [!provide]                        PROVIDE (__rela_iplt_start, .)
 *(.rela.iplt)
 .rela.iplt     0x0000000000401198        0x0 /usr/lib/gcc/x86_64-linux-gnu/5/../../../x86_64-linux-gnu/crt1.o
                [!provide]                        PROVIDE (__rela_iplt_end, .)

.init           0x0000000000401198       0x1a
 *(SORT(.init))
 .init          0x0000000000401198       0x15 /usr/lib/gcc/x86_64-linux-gnu/5/../../../x86_64-linux-gnu/crti.o
                0x0000000000401198                _init
 .init          0x00000000004011ad        0x5 /usr/lib/gcc/x86_64-linux-gnu/5/../../../x86_64-linux-gnu/crtn.o

.plt            0x00000000004011c0      0x3c0
 *(.plt)
 .plt           0x00000000004011c0      0x3c0 /usr/lib/gcc/x86_64-linux-gnu/5/../../../x86_64-linux-gnu/crt1.o
                0x00000000004011d0                __strcat_chk@@GLIBC_2.3.4
                0x00000000004011e0                getenv@@GLIBC_2.2.5
                0x00000000004011f0                free@@GLIBC_2.2.5
                0x0000000000401200                putchar@@GLIBC_2.2.5
                0x0000000000401210                strcasecmp@@GLIBC_2.2.5
                0x0000000000401220                localtime@@GLIBC_2.2.5
                0x0000000000401230                __vfprintf_chk@@GLIBC_2.3.4
                0x0000000000401240                __errno_location@@GLIBC_2.2.5
                0x0000000000401250                strncpy@@GLIBC_2.2.5
                0x0000000000401260                remove@@GLIBC_2.2.5
                0x0000000000401270                strcpy@@GLIBC_2.2.5
                0x0000000000401280                puts@@GLIBC_2.2.5
                0x0000000000401290                qsort@@GLIBC_2.2.5
                0x00000000004012a0                fread@@GLIBC_2.2.5
                0x00000000004012b0                strtod@@GLIBC_2.2.5
                0x00000000004012c0                clock@@GLIBC_2.2.5
                0x00000000004012d0                fclose@@GLIBC_2.2.5
                0x00000000004012e0                stpcpy@@GLIBC_2.2.5
                0x00000000004012f0                strlen@@GLIBC_2.2.5
                0x0000000000401300                __stack_chk_fail@@GLIBC_2.4
                0x0000000000401310                mmap@@GLIBC_2.2.5
                0x0000000000401320                strchr@@GLIBC_2.2.5
                0x0000000000401330                rewind@@GLIBC_2.2.5
                0x0000000000401340                ftruncate@@GLIBC_2.2.5
                0x0000000000401350                memset@@GLIBC_2.2.5
                0x0000000000401360                __libc_start_main@@GLIBC_2.2.5
                0x0000000000401370                memcmp@@GLIBC_2.2.5
                0x0000000000401380                _setjmp@@GLIBC_2.2.5
                0x0000000000401390                strcmp@@GLIBC_2.2.5
                0x00000000004013a0                signal@@GLIBC_2.2.5
                0x00000000004013b0                __memcpy_chk@@GLIBC_2.3.4
                0x00000000004013c0                ftell@@GLIBC_2.2.5
                0x00000000004013e0                strtol@@GLIBC_2.2.5
                0x00000000004013f0                memcpy@@GLIBC_2.14
                0x0000000000401400                time@@GLIBC_2.2.5
                0x0000000000401410                fileno@@GLIBC_2.2.5
                0x0000000000401420                __stpcpy_chk@@GLIBC_2.3.4
                0x0000000000401430                __xstat@@GLIBC_2.2.5
                0x0000000000401440                malloc@@GLIBC_2.2.5
                0x0000000000401450                strncasecmp@@GLIBC_2.2.5
                0x0000000000401460                fflush@@GLIBC_2.2.5
                0x0000000000401470                _IO_getc@@GLIBC_2.2.5
                0x0000000000401480                fseek@@GLIBC_2.2.5
                0x0000000000401490                __strcpy_chk@@GLIBC_2.3.4
                0x00000000004014a0                munmap@@GLIBC_2.2.5
                0x00000000004014b0                __printf_chk@@GLIBC_2.3.4
                0x00000000004014c0                __longjmp_chk@@GLIBC_2.11
                0x00000000004014d0                memmove@@GLIBC_2.2.5
                0x00000000004014e0                fopen@@GLIBC_2.2.5
                0x00000000004014f0                strcat@@GLIBC_2.2.5
                0x0000000000401500                __memset_chk@@GLIBC_2.3.4
                0x0000000000401510                exit@@GLIBC_2.2.5
                0x0000000000401520                fwrite@@GLIBC_2.2.5
                0x0000000000401530                strstr@@GLIBC_2.2.5
                0x0000000000401540                __vsprintf_chk@@GLIBC_2.3.4
                0x0000000000401550                __ctype_tolower_loc@@GLIBC_2.3
                0x0000000000401560                __ctype_b_loc@@GLIBC_2.3
                0x0000000000401570                __sprintf_chk@@GLIBC_2.3.4
 *(.iplt)
 .iplt          0x0000000000401580        0x0 /usr/lib/gcc/x86_64-linux-gnu/5/../../../x86_64-linux-gnu/crt1.o

.plt.bnd
 *(.plt.bnd)

.text           0x0000000000401580    0x43db2
 *(.text.unlikely .text.*_unlikely .text.unlikely.*)
 .text.unlikely
                0x0000000000401580        0x0 /usr/lib/gcc/x86_64-linux-gnu/5/crtbegin.o
 .text.unlikely
                0x0000000000401580        0x0 GccUnixR/main.o
 .text.unlikely
                0x0000000000401580        0x0 GccUnixR/apiemu.o
 .text.unlikely
                0x0000000000401580        0x0 GccUnixR/assemble.o
 .text.unlikely
                0x0000000000401580        0x0 GccUnixR/assume.o
 .text.unlikely
                0x0000000000401580        0x0 GccUnixR/atofloat.o
 .text.unlikely
                0x0000000000401580        0x0 GccUnixR/backptch.o
 .text.unlikely
                0x0000000000401580        0x0 GccUnixR/bin.o
 .text.unlikely
                0x0000000000401580        0x0 GccUnixR/branch.o
 .text.unlikely
                0x0000000000401580        0x0 GccUnixR/cmdline.o
 .text.unlikely
                0x0000000000401580        0x0 GccUnixR/codegen.o
 .text.unlikely
                0x0000000000401580        0x0 GccUnixR/coff.o
 .text.unlikely
                0x0000000000401580        0x0 GccUnixR/condasm.o
 .text.unlikely
                0x0000000000401580        0x0 GccUnixR/context.o
 .text.unlikely
                0x0000000000401580        0x0 GccUnixR/cpumodel.o
 .text.unlikely
                0x0000000000401580       0x45 GccUnixR/data.o
 .text.unlikely
                0x00000000004015c5        0x0 GccUnixR/dbgcv.o
 .text.unlikely
                0x00000000004015c5        0x0 GccUnixR/directiv.o
 .text.unlikely
                0x00000000004015c5        0x0 GccUnixR/elf.o
 .text.unlikely
                0x00000000004015c5        0x0 GccUnixR/end.o
 .text.unlikely
                0x00000000004015c5        0x0 GccUnixR/equate.o
 .text.unlikely
                0x00000000004015c5        0x0 GccUnixR/errmsg.o
 .text.unlikely
                0x00000000004015c5        0x0 GccUnixR/expans.o
 .text.unlikely
                0x00000000004015c5       0xdd GccUnixR/expreval.o
 .text.unlikely
                0x00000000004016a2        0x0 GccUnixR/extern.o
 .text.unlikely
                0x00000000004016a2        0x0 GccUnixR/fastpass.o
 .text.unlikely
                0x00000000004016a2        0x0 GccUnixR/fixup.o
 .text.unlikely
                0x00000000004016a2        0x0 GccUnixR/fpfixup.o
 .text.unlikely
                0x00000000004016a2        0x0 GccUnixR/hll.o
 .text.unlikely
                0x00000000004016a2        0x0 GccUnixR/input.o
 .text.unlikely
                0x00000000004016a2        0x0 GccUnixR/invoke.o
 .text.unlikely
                0x00000000004016a2        0x0 GccUnixR/label.o
 .text.unlikely
                0x00000000004016a2        0x0 GccUnixR/linnum.o
 .text.unlikely
                0x00000000004016a2        0x0 GccUnixR/listing.o
 .text.unlikely
                0x00000000004016a2        0x0 GccUnixR/loop.o
 .text.unlikely
                0x00000000004016a2        0x0 GccUnixR/lqueue.o
 .text.unlikely
                0x00000000004016a2        0x0 GccUnixR/macro.o
 .text.unlikely
                0x00000000004016a2        0x0 GccUnixR/mangle.o
 .text.unlikely
                0x00000000004016a2        0x0 GccUnixR/memalloc.o
 .text.unlikely
                0x00000000004016a2        0x0 GccUnixR/msgtext.o
 .text.unlikely
                0x00000000004016a2        0x0 GccUnixR/omf.o
 .text.unlikely
                0x00000000004016a2        0x0 GccUnixR/omffixup.o
 .text.unlikely
                0x00000000004016a2        0x0 GccUnixR/omfint.o
 .text.unlikely
                0x00000000004016a2        0x0 GccUnixR/option.o
 .text.unlikely
                0x00000000004016a2        0x0 GccUnixR/parser.o
 .text.unlikely
                0x00000000004016a2        0x0 GccUnixR/posndir.o
 .text.unlikely
                0x00000000004016a2        0x0 GccUnixR/preproc.o
 .text.unlikely
                0x00000000004016a2        0x0 GccUnixR/proc.o
 .text.unlikely
                0x00000000004016a2        0x0 GccUnixR/queue.o
 .text.unlikely
                0x00000000004016a2        0x0 GccUnixR/reswords.o
 .text.unlikely
                0x00000000004016a2        0x0 GccUnixR/safeseh.o
 .text.unlikely
                0x00000000004016a2        0x0 GccUnixR/segment.o
 .text.unlikely
                0x00000000004016a2        0x0 GccUnixR/simsegm.o
 .text.unlikely
                0x00000000004016a2        0x0 GccUnixR/string.o
 .text.unlikely
                0x00000000004016a2        0x0 GccUnixR/symbols.o
 .text.unlikely
                0x00000000004016a2        0x0 GccUnixR/tbyte.o
 .text.unlikely
                0x00000000004016a2        0x0 GccUnixR/tokenize.o
 .text.unlikely
                0x00000000004016a2        0x0 GccUnixR/types.o
 .text.unlikely
                0x00000000004016a2        0x0 /usr/lib/x86_64-linux-gnu/libc_nonshared.a(elf-init.oS)
 *(.text.exit .text.exit.*)
 *(.text.startup .text.startup.*)
 *fill*         0x00000000004016a2        0xe 
 .text.startup  0x00000000004016b0       0xf6 GccUnixR/main.o
                0x00000000004016b0                main
 *(.text.hot .text.hot.*)
 *(.text .stub .text.* .gnu.linkonce.t.*)
 *fill*         0x00000000004017a6        0xa 
 .text          0x00000000004017b0       0x2a /usr/lib/gcc/x86_64-linux-gnu/5/../../../x86_64-linux-gnu/crt1.o
                0x00000000004017b0                _start
 .text          0x00000000004017da        0x0 /usr/lib/gcc/x86_64-linux-gnu/5/../../../x86_64-linux-gnu/crti.o
 *fill*         0x00000000004017da        0x6 
 .text          0x00000000004017e0       0xc6 /usr/lib/gcc/x86_64-linux-gnu/5/crtbegin.o
 *fill*         0x00000000004018a6        0xa 
 .text          0x00000000004018b0       0x22 GccUnixR/main.o
 *fill*         0x00000000004018d2        0xe 
 .text          0x00000000004018e0       0x2b GccUnixR/apiemu.o
                0x00000000004018e0                strupr
 *fill*         0x000000000040190b        0x5 
 .text          0x0000000000401910     0x1959 GccUnixR/assemble.o
                0x0000000000401d50                ConvertSectionName
                0x0000000000401e80                OutputByte
                0x0000000000401f40                OutputBinBytes
                0x0000000000402030                FillDataBytes
                0x0000000000402080                OutputBytes
                0x0000000000402180                SetCurrOffset
                0x0000000000402260                WritePreprocessedLine
                0x00000000004022d0                SetMasm510
                0x0000000000402350                close_files
                0x0000000000402460                AssembleModule
 *fill*         0x0000000000403269        0x7 
 .text          0x0000000000403270      0xcf4 GccUnixR/assume.o
                0x0000000000403270                SetSegAssumeTable
                0x0000000000403300                GetSegAssumeTable
                0x0000000000403390                SetStdAssumeTable
                0x00000000004033f0                GetStdAssumeTable
                0x0000000000403480                AssumeSaveState
                0x0000000000403540                AssumeInit
                0x0000000000403680                ModelAssumeInit
                0x0000000000403770                GetStdAssume
                0x00000000004037a0                GetStdAssumeEx
                0x00000000004037b0                AssumeDirective
                0x0000000000403d60                search_assume
                0x0000000000403e70                GetOverrideAssume
                0x0000000000403ea0                GetAssume
 *fill*         0x0000000000403f64        0xc 
 .text          0x0000000000403f70      0x1d7 GccUnixR/atofloat.o
                0x0000000000403f70                atofloat
 *fill*         0x0000000000404147        0x9 
 .text          0x0000000000404150      0x2dd GccUnixR/backptch.o
                0x0000000000404150                BackPatch
 *fill*         0x000000000040442d        0x3 
 .text          0x0000000000404430     0x27af GccUnixR/bin.o
                0x00000000004069f0                pe_create_PE_header
                0x0000000000406b90                bin_init
 *fill*         0x0000000000406bdf        0x1 
 .text          0x0000000000406be0      0xca0 GccUnixR/branch.o
                0x0000000000406ce0                process_branch
 .text          0x0000000000407880      0xf0c GccUnixR/cmdline.o
                0x00000000004080a0                ParseCmdline
                0x00000000004086f0                CmdlineFini
 *fill*         0x000000000040878c        0x4 
 .text          0x0000000000408790     0x373e GccUnixR/codegen.o
                0x0000000000408b30                GetByteDisp
                0x0000000000408d20                Check4CompDisp8
                0x000000000040bc60                codegen
 *fill*         0x000000000040bece        0x2 
 .text          0x000000000040bed0     0x204c GccUnixR/coff.o
                0x000000000040df10                coff_init
 *fill*         0x000000000040df1c        0x4 
 .text          0x000000000040df20     0x107f GccUnixR/condasm.o
                0x000000000040dff0                conditional_assembly_prepare
                0x000000000040e150                CondAsmDirective
                0x000000000040e830                ErrorDirective
                0x000000000040ef30                CondCheckOpen
                0x000000000040ef60                GetIfNestLevel
                0x000000000040ef70                SetIfNestLevel
                0x000000000040ef80                CondInit
 *fill*         0x000000000040ef9f        0x1 
 .text          0x000000000040efa0      0x5cc GccUnixR/context.o
                0x000000000040efa0                ContextDirective
                0x000000000040f400                ContextSaveState
                0x000000000040f4a0                ContextInit
 *fill*         0x000000000040f56c        0x4 
 .text          0x000000000040f570      0x8a0 GccUnixR/cpumodel.o
                0x000000000040f7a0                ModelDirective
                0x000000000040fae0                SetCPU
                0x000000000040fdd0                CpuDirective
 .text          0x000000000040fe10     0x2093 GccUnixR/data.o
                0x0000000000411830                data_dir
 *fill*         0x0000000000411ea3        0xd 
 .text          0x0000000000411eb0     0x1e3a GccUnixR/dbgcv.o
                0x0000000000412b10                cv_write_debug_tables
 *fill*         0x0000000000413cea        0x6 
 .text          0x0000000000413cf0      0x904 GccUnixR/directiv.o
                0x0000000000413cf0                StubDir
                0x0000000000413d00                IncludeDirective
                0x0000000000413de0                IncBinDirective
                0x00000000004140a0                AliasDirective
                0x0000000000414280                RadixDirective
                0x0000000000414380                SegOrderDirective
                0x0000000000414410                EchoDirective
                0x0000000000414450                NameDirective
                0x00000000004144c0                IncludeLibDirective
 *fill*         0x00000000004145f4        0xc 
 .text          0x0000000000414600     0x19d3 GccUnixR/elf.o
                0x0000000000415fc0                elf_init
 *fill*         0x0000000000415fd3        0xd 
 .text          0x0000000000415fe0      0x638 GccUnixR/end.o
                0x0000000000415fe0                StartupExitDirective
                0x0000000000416370                EndDirective
 *fill*         0x0000000000416618        0x8 
 .text          0x0000000000416620      0x9ab GccUnixR/equate.o
                0x0000000000416730                EqualSgnDirective
                0x0000000000416ab0                CreateVariable
                0x0000000000416bb0                CreateConstant
                0x0000000000416f80                EquDirective
 *fill*         0x0000000000416fcb        0x5 
 .text          0x0000000000416fd0      0x8be GccUnixR/errmsg.o
                0x0000000000417230                write_logo
                0x0000000000417250                PrintUsage
                0x00000000004172c0                ErrnoStr
                0x0000000000417300                Fatal
                0x0000000000417400                EmitErr
                0x0000000000417640                PrintNote
                0x0000000000417730                EmitWarn
                0x0000000000417860                EmitError
                0x0000000000417870                WriteError
 *fill*         0x000000000041788e        0x2 
 .text          0x0000000000417890     0x2e8c GccUnixR/expans.o
                0x0000000000417c10                myltoa
                0x0000000000417cd0                ExpandLine
                0x0000000000418170                ExpandText
                0x00000000004187d0                RunMacro
                0x000000000041a560                ExpandLineItems
                0x000000000041a670                ExpandLiterals
 *fill*         0x000000000041a71c        0x4 
 .text          0x000000000041a720     0x45c2 GccUnixR/expreval.o
                0x000000000041c080                myatoi128
                0x000000000041ea30                EvalOperand
                0x000000000041ec70                EmitConstError
                0x000000000041ecc0                ExprEvalInit
 *fill*         0x000000000041ece2        0xe 
 .text          0x000000000041ecf0     0x174c GccUnixR/extern.o
                0x000000000041eff0                ExterndefDirective
                0x000000000041f5c0                ProtoDirective
                0x000000000041f640                MakeExtern
                0x000000000041f6c0                ExternDirective
                0x000000000041fca0                CommDirective
                0x0000000000420190                AddPublicData
                0x00000000004201a0                FreePubQueue
                0x00000000004201b0                PublicDirective
 *fill*         0x000000000042043c        0x4 
 .text          0x0000000000420440      0x3bc GccUnixR/fastpass.o
                0x0000000000420440                StoreLine
                0x00000000004206c0                SkipSavedState
                0x00000000004206d0                SaveVariableState
                0x0000000000420740                RestoreState
                0x00000000004207d0                FastpassInit
 *fill*         0x00000000004207fc        0x4 
 .text          0x0000000000420800      0x2bb GccUnixR/fixup.o
                0x0000000000420800                CreateFixup
                0x00000000004208b0                FreeFixup
                0x0000000000420920                SetFixupFrame
                0x00000000004209d0                store_fixup
 *fill*         0x0000000000420abb        0x5 
 .text          0x0000000000420ac0      0x17e GccUnixR/fpfixup.o
                0x0000000000420ac0                AddFloatingPointEmulationFixup
 *fill*         0x0000000000420c3e        0x2 
 .text          0x0000000000420c40     0x338b GccUnixR/hll.o
                0x0000000000422b10                HllStartDir
                0x00000000004234e0                HllEndDir
                0x0000000000423b70                HllExitDir
                0x0000000000423f90                HllCheckOpen
                0x0000000000423fc0                HllInit
 *fill*         0x0000000000423fcb        0x5 
 .text          0x0000000000423fd0      0xcbc GccUnixR/input.o
                0x0000000000424140                GetFNamePart
                0x0000000000424170                GetExtPart
                0x00000000004241c0                GetFName
                0x00000000004241d0                ClearSrcStack
                0x0000000000424240                UpdateLineNumber
                0x0000000000424270                GetLineNumber
                0x00000000004242a0                PushMacro
                0x00000000004242b0                get_curr_srcfile
                0x00000000004242e0                set_curr_srcfile
                0x0000000000424300                SetLineNumber
                0x0000000000424310                GetCurrSrcPos
                0x0000000000424380                print_source_nesting_structure
                0x00000000004244c0                SearchFile
                0x0000000000424790                GetTextLine
                0x0000000000424960                AddStringToIncludePath
                0x0000000000424a30                PushInputStatus
                0x0000000000424af0                PopInputStatus
                0x0000000000424b80                InputInit
                0x0000000000424c10                InputPassInit
                0x0000000000424c40                InputFini
 *fill*         0x0000000000424c8c        0x4 
 .text          0x0000000000424c90     0x3355 GccUnixR/invoke.o
                0x00000000004278e0                InvokeDirective
 *fill*         0x0000000000427fe5        0xb 
 .text          0x0000000000427ff0      0x5e1 GccUnixR/label.o
                0x0000000000427ff0                LabelInit
                0x0000000000428000                GetAnonymousLabel
                0x0000000000428030                CreateLabel
                0x0000000000428340                LabelDirective
 *fill*         0x00000000004285d1        0xf 
 .text          0x00000000004285e0      0x466 GccUnixR/linnum.o
                0x0000000000428670                AddLinnumDataRef
                0x00000000004289f0                QueueDeleteLinnum
                0x0000000000428a10                LinnumFini
                0x0000000000428a30                LinnumInit
 *fill*         0x0000000000428a46        0xa 
 .text          0x0000000000428a50     0x20f5 GccUnixR/listing.o
                0x0000000000428cf0                LstWrite
                0x0000000000429450                LstWriteSrcLine
                0x0000000000429460                LstPrintf
                0x0000000000429540                LstNL
                0x000000000042a220                LstSetPosition
                0x000000000042a280                LstWriteCRef
                0x000000000042a830                ListingDirective
                0x000000000042aa70                ListMacroDirective
                0x000000000042aab0                LstInit
 *fill*         0x000000000042ab45        0xb 
 .text          0x000000000042ab50      0x8dc GccUnixR/loop.o
                0x000000000042ab50                LoopDirective
 *fill*         0x000000000042b42c        0x4 
 .text          0x000000000042b430      0x3db GccUnixR/lqueue.o
                0x000000000042b430                DeleteLineQueue
                0x000000000042b470                AddLineQueue
                0x000000000042b4e0                AddLineQueueX
                0x000000000042b740                RunLineQueue
 *fill*         0x000000000042b80b        0x5 
 .text          0x000000000042b810     0x156a GccUnixR/macro.o
                0x000000000042b8c0                fill_placeholders
                0x000000000042ba10                StoreMacro
                0x000000000042ca20                CreateMacro
                0x000000000042ca80                ReleaseMacroData
                0x000000000042cae0                MacroDir
                0x000000000042cc00                PurgeDirective
                0x000000000042ccf0                MacroInit
 *fill*         0x000000000042cd7a        0x6 
 .text          0x000000000042cd80      0x4d9 GccUnixR/mangle.o
                0x000000000042d1d0                Mangle
                0x000000000042d250                SetMangler
 *fill*         0x000000000042d259        0x7 
 .text          0x000000000042d260      0x165 GccUnixR/memalloc.o
                0x000000000042d260                MemInit
                0x000000000042d280                MemFini
                0x000000000042d2b0                LclAlloc
                0x000000000042d390                MemAlloc
                0x000000000042d3c0                MemFree
 *fill*         0x000000000042d3c5        0xb 
 .text          0x000000000042d3d0       0x43 GccUnixR/msgtext.o
                0x000000000042d3d0                MsgGetEx
 *fill*         0x000000000042d413        0xd 
 .text          0x000000000042d420     0x2112 GccUnixR/omf.o
                0x000000000042f0c0                omf_GetGrpIdx
                0x000000000042f0e0                omf_OutSelect
                0x000000000042f2d0                omf_FlushCurrSeg
                0x000000000042f410                omf_check_flush
                0x000000000042f4d0                omf_set_filepos
                0x000000000042f4f0                omf_init
 *fill*         0x000000000042f532        0xe 
 .text          0x000000000042f540      0x5c8 GccUnixR/omffixup.o
                0x000000000042f600                OmfFixGenFixModend
                0x000000000042f6e0                OmfFixGenFix
 *fill*         0x000000000042fb08        0x8 
 .text          0x000000000042fb10      0x739 GccUnixR/omfint.o
                0x00000000004301f0                omf_write_record
 *fill*         0x0000000000430249        0x7 
 .text          0x0000000000430250     0x14b0 GccUnixR/option.o
                0x0000000000431590                OptionDirective
 .text          0x0000000000431700     0x50b9 GccUnixR/parser.o
                0x0000000000432260                sym_add_table
                0x00000000004322a0                sym_remove_table
                0x0000000000432300                sym_ext2int
                0x00000000004323a0                GetLangType
                0x00000000004323e0                SizeFromRegister
                0x0000000000432490                SizeFromMemtype
                0x00000000004324b0                MemtypeFromSize
                0x0000000000432520                OperandSize
                0x0000000000432610                set_frame
                0x0000000000432630                set_frame2
                0x0000000000432650                segm_override
                0x0000000000433880                idata_fixup
                0x0000000000434330                ParseLine
                0x0000000000436750                ProcessFile
 *fill*         0x00000000004367b9        0x7 
 .text          0x00000000004367c0      0x5ba GccUnixR/posndir.o
                0x00000000004368e0                OrgDirective
                0x0000000000436a70                AlignCurrOffset
                0x0000000000436aa0                AlignDirective
 *fill*         0x0000000000436d7a        0x6 
 .text          0x0000000000436d80      0x2fc GccUnixR/preproc.o
                0x0000000000436d80                WriteCodeLabel
                0x0000000000436e20                PreprocessLine
 *fill*         0x000000000043707c        0x4 
 .text          0x0000000000437080     0x5195 GccUnixR/proc.o
                0x0000000000438590                LocalDir
                0x00000000004389a0                UpdateStackBase
                0x00000000004389d0                UpdateProcStatus
                0x00000000004389f0                ParseProc
                0x0000000000439b00                CreateProc
                0x0000000000439c60                DeleteProc
                0x0000000000439ca0                ProcDir
                0x000000000043a210                CopyPrototype
                0x000000000043a3b0                EndpDir
                0x000000000043a430                ExcFrameDirective
                0x000000000043ab50                ProcCheckOpen
                0x000000000043ab90                write_prologue
                0x000000000043b890                RetInstr
                0x000000000043c1a0                ProcInit
 *fill*         0x000000000043c215        0xb 
 .text          0x000000000043c220       0x85 GccUnixR/queue.o
                0x000000000043c220                QEnqueue
                0x000000000043c250                QAddItem
 *fill*         0x000000000043c2a5        0xb 
 .text          0x000000000043c2b0      0xae1 GccUnixR/reswords.o
                0x000000000043c4a0                FindResWord
                0x000000000043c580                RenameKeyword
                0x000000000043c7c0                Set64Bit
                0x000000000043cab0                DisableKeyword
                0x000000000043cb20                IsKeywordDisabled
                0x000000000043cb90                GetResWName
                0x000000000043cc50                ResWordsInit
                0x000000000043ccd0                ResWordsFini
 *fill*         0x000000000043cd91        0xf 
 .text          0x000000000043cda0      0x16a GccUnixR/safeseh.o
                0x000000000043cda0                SafeSEHDirective
 *fill*         0x000000000043cf0a        0x6 
 .text          0x000000000043cf10     0x1d28 GccUnixR/segment.o
                0x000000000043d310                UpdateCurPC
                0x000000000043d380                GetCurrOffset
                0x000000000043d3a0                GetCurrSegAlign
                0x000000000043d3e0                DeleteGroup
                0x000000000043d3f0                GrpDir
                0x000000000043d6d0                UpdateWordSize
                0x000000000043d6e0                SetOfssize
                0x000000000043d780                DefineFlatGroup
                0x000000000043d7c0                GetSegIdx
                0x000000000043d7e0                GetGroup
                0x000000000043d800                GetSymOfssize
                0x000000000043d870                SetSymSegOfs
                0x000000000043d8a0                TypeFromClassName
                0x000000000043da40                CreateIntSegment
                0x000000000043db60                EndsDir
                0x000000000043dc00                SegmentDir
                0x000000000043e810                SortSegments
                0x000000000043e910                SegmentModuleExit
                0x000000000043e970                SegmentFini
                0x000000000043e9b0                SegmentInit
                0x000000000043ebe0                SegmentSaveState
 *fill*         0x000000000043ec38        0x8 
 .text          0x000000000043ec40      0x832 GccUnixR/simsegm.o
                0x000000000043ee40                SimGetSegName
                0x000000000043ee50                GetCodeClass
                0x000000000043ee70                SimplifiedSegDir
                0x000000000043f1d0                SetModelDefaultSegNames
                0x000000000043f330                ModelSimSegmInit
                0x000000000043f440                ModelSimSegmExit
 *fill*         0x000000000043f472        0xe 
 .text          0x000000000043f480      0xfaa GccUnixR/string.o
                0x000000000043f850                TextItemError
                0x000000000043f8c0                CatStrDir
                0x000000000043faa0                SetTextMacro
                0x000000000043fc20                AddPredefinedText
                0x000000000043fc70                SubStrDir
                0x000000000043ff70                SizeStrDir
                0x0000000000440000                InStrDir
                0x0000000000440260                StringInit
 *fill*         0x000000000044042a        0x6 
 .text          0x0000000000440430      0xa76 GccUnixR/symbols.o
                0x0000000000440430                SymSetCmpFunc
                0x0000000000440450                SymClearLocal
                0x0000000000440470                SymGetLocal
                0x00000000004404b0                SymSetLocal
                0x0000000000440550                SymAlloc
                0x00000000004406c0                SymFind
                0x0000000000440870                SymLookup
                0x00000000004408a0                SymLookupLocal
                0x0000000000440910                SymFree
                0x0000000000440980                SymAddLocal
                0x0000000000440a70                SymAddGlobal
                0x0000000000440ac0                SymCreate
                0x0000000000440b10                SymLCreate
                0x0000000000440b60                SymMakeAllSymbolsPublic
                0x0000000000440be0                SymFini
                0x0000000000440bf0                SymInit
                0x0000000000440da0                SymPassInit
                0x0000000000440df0                SymGetCount
                0x0000000000440e00                SymGetAll
                0x0000000000440e40                SymEnum
 *fill*         0x0000000000440ea6        0xa 
 .text          0x0000000000440eb0      0x86a GccUnixR/tbyte.o
                0x0000000000440f10                strtotb
 *fill*         0x000000000044171a        0x6 
 .text          0x0000000000441720     0x1a8b GccUnixR/tokenize.o
                0x0000000000441820                get_broads
                0x0000000000441940                get_decos
                0x0000000000441dd0                GetToken
                0x0000000000442c80                Tokenize
 *fill*         0x00000000004431ab        0x5 
 .text          0x00000000004431b0     0x2103 GccUnixR/types.o
                0x0000000000443240                TypesInit
                0x0000000000443260                CreateTypeSymbol
                0x00000000004432e0                SearchNameInStruct
                0x00000000004434a0                StructDirective
                0x0000000000443930                CreateStructField
                0x0000000000443e40                EndstructDirective
                0x0000000000444180                AlignInStruct
                0x00000000004441b0                UpdateStructSize
                0x00000000004441e0                SetStructCurrentOffset
                0x0000000000444220                GetQualifiedType
                0x0000000000444690                TypedefDirective
                0x0000000000444ba0                RecordDirective
                0x0000000000445290                DeleteType
 *fill*         0x00000000004452b3        0xd 
 .text          0x00000000004452c0       0x72 /usr/lib/x86_64-linux-gnu/libc_nonshared.a(elf-init.oS)
                0x00000000004452c0                __libc_csu_init
                0x0000000000445330                __libc_csu_fini
 .text          0x0000000000445332        0x0 /usr/lib/gcc/x86_64-linux-gnu/5/crtend.o
 .text          0x0000000000445332        0x0 /usr/lib/gcc/x86_64-linux-gnu/5/../../../x86_64-linux-gnu/crtn.o
 *(.gnu.warning)

.fini           0x0000000000445334        0x9
 *(SORT(.fini))
 .fini          0x0000000000445334        0x4 /usr/lib/gcc/x86_64-linux-gnu/5/../../../x86_64-linux-gnu/crti.o
                0x0000000000445334                _fini
 .fini          0x0000000000445338        0x5 /usr/lib/gcc/x86_64-linux-gnu/5/../../../x86_64-linux-gnu/crtn.o
                [!provide]                        PROVIDE (__etext, .)
                [!provide]                        PROVIDE (_etext, .)
                [!provide]                        PROVIDE (etext, .)

.rodata         0x0000000000445340    0x14a7a
 *(.rodata .rodata.* .gnu.linkonce.r.*)
 .rodata.cst4   0x0000000000445340        0x4 /usr/lib/gcc/x86_64-linux-gnu/5/../../../x86_64-linux-gnu/crt1.o
                0x0000000000445340                _IO_stdin_used
 .rodata.str1.1
                0x0000000000445344        0x7 GccUnixR/main.o
                                          0xb (size before relaxing)
 .rodata.str1.1
                0x000000000044534b       0x56 GccUnixR/assemble.o
                                         0x6b (size before relaxing)
 *fill*         0x00000000004453a1       0x1f 
 .rodata        0x00000000004453c0       0xc0 GccUnixR/assemble.o
 .rodata.str1.1
                0x0000000000445480       0x24 GccUnixR/assume.o
                                         0x25 (size before relaxing)
 *fill*         0x00000000004454a4        0x4 
 .rodata.str1.8
                0x00000000004454a8       0x27 GccUnixR/assume.o
 *fill*         0x00000000004454cf        0x1 
 .rodata        0x00000000004454d0       0x38 GccUnixR/assume.o
                0x00000000004454d0                szDgroup
 .rodata.cst8   0x0000000000445508       0x10 GccUnixR/atofloat.o
 *fill*         0x0000000000445518        0x8 
 .rodata.cst16  0x0000000000445520       0x10 GccUnixR/atofloat.o
 .rodata.str1.1
                0x0000000000445530      0x22e GccUnixR/bin.o
                                        0x254 (size before relaxing)
 *fill*         0x000000000044575e        0x2 
 .rodata.str1.8
                0x0000000000445760       0x85 GccUnixR/bin.o
 *fill*         0x00000000004457e5       0x1b 
 .rodata        0x0000000000445800      0x518 GccUnixR/bin.o
 .rodata.str1.1
                0x0000000000445d18      0x126 GccUnixR/cmdline.o
                                        0x140 (size before relaxing)
 *fill*         0x0000000000445e3e        0x2 
 .rodata        0x0000000000445e40      0x7ac GccUnixR/cmdline.o
 *fill*         0x00000000004465ec        0x4 
 .rodata        0x00000000004465f0      0x225 GccUnixR/codegen.o
                0x000000000044680e                szNull
 .rodata.str1.1
                0x0000000000446815       0x66 GccUnixR/coff.o
                                         0x6d (size before relaxing)
 *fill*         0x000000000044687b        0x5 
 .rodata        0x0000000000446880      0x101 GccUnixR/coff.o
 *fill*         0x0000000000446981        0x7 
 .rodata        0x0000000000446988      0x140 GccUnixR/condasm.o
 .rodata.str1.1
                0x0000000000446ac8        0x8 GccUnixR/condasm.o
 .rodata.str1.1
                0x0000000000446ad0       0x24 GccUnixR/context.o
                                         0x28 (size before relaxing)
 *fill*         0x0000000000446af4        0xc 
 .rodata        0x0000000000446b00      0x168 GccUnixR/context.o
 .rodata.str1.1
                0x0000000000446c68       0x93 GccUnixR/cpumodel.o
                                         0x9e (size before relaxing)
 *fill*         0x0000000000446cfb        0x5 
 .rodata        0x0000000000446d00       0x98 GccUnixR/cpumodel.o
                0x0000000000446d00                elf64_fmtopt
                0x0000000000446d10                coff64_fmtopt
                0x0000000000446d60                ModelToken
 .rodata.str1.1
                0x0000000000446d98        0x2 GccUnixR/data.o
                                          0xc (size before relaxing)
 *fill*         0x0000000000446d9a        0x6 
 .rodata        0x0000000000446da0       0xe0 GccUnixR/data.o
 .rodata.str1.1
                0x0000000000446e80        0xf GccUnixR/dbgcv.o
 *fill*         0x0000000000446e8f        0x1 
 .rodata        0x0000000000446e90       0x16 GccUnixR/dbgcv.o
 *fill*         0x0000000000446ea6       0x1a 
 .rodata        0x0000000000446ec0      0x1b0 GccUnixR/directiv.o
                0x0000000000446ec0                directive_tab
 .rodata.str1.1
                0x0000000000447070       0x2d GccUnixR/elf.o
                                         0x55 (size before relaxing)
 *fill*         0x000000000044709d        0x3 
 .rodata        0x00000000004470a0      0x170 GccUnixR/elf.o
 .rodata.str1.1
                0x0000000000447210       0xab GccUnixR/end.o
                                         0xb4 (size before relaxing)
 *fill*         0x00000000004472bb        0x5 
 .rodata        0x00000000004472c0      0x1e0 GccUnixR/end.o
 .rodata        0x00000000004474a0       0x38 GccUnixR/equate.o
                0x00000000004474a0                minintvalues
                0x00000000004474c0                maxintvalues
 .rodata.str1.1
                0x00000000004474d8       0x41 GccUnixR/errmsg.o
                                         0x45 (size before relaxing)
 *fill*         0x0000000000447519        0x7 
 .rodata        0x0000000000447520      0xba2 GccUnixR/errmsg.o
 *fill*         0x00000000004480c2        0xe 
 .rodata        0x00000000004480d0      0x170 GccUnixR/expans.o
 .rodata.str1.1
                0x0000000000448240        0x1 GccUnixR/expans.o
 .rodata        0x0000000000448240      0x710 GccUnixR/expreval.o
 .rodata.str1.1
                0x0000000000448950       0x1f GccUnixR/expreval.o
                                         0x24 (size before relaxing)
 .rodata.str1.1
                0x000000000044896f        0x4 GccUnixR/extern.o
                                          0x6 (size before relaxing)
 .rodata        0x0000000000448973        0x5 GccUnixR/extern.o
 .rodata.str1.1
                0x0000000000448978        0x4 GccUnixR/fastpass.o
 *fill*         0x000000000044897c        0x4 
 .rodata        0x0000000000448980        0x8 GccUnixR/fpfixup.o
 .rodata.str1.1
                0x0000000000448988      0x10e GccUnixR/hll.o
                                        0x127 (size before relaxing)
 *fill*         0x0000000000448a96        0xa 
 .rodata        0x0000000000448aa0       0xea GccUnixR/hll.o
 .rodata.str1.1
                0x0000000000448b8a       0x1a GccUnixR/input.o
                                         0x1e (size before relaxing)
 .rodata.str1.1
                0x0000000000448ba4      0x282 GccUnixR/invoke.o
                                        0x28f (size before relaxing)
 *fill*         0x0000000000448e26        0x2 
 .rodata.str1.8
                0x0000000000448e28       0x3f GccUnixR/invoke.o
 *fill*         0x0000000000448e67       0x19 
 .rodata        0x0000000000448e80      0x108 GccUnixR/invoke.o
 .rodata.str1.1
                0x0000000000448f88        0x8 GccUnixR/label.o
 .rodata.str1.1
                0x0000000000448f90        0x8 GccUnixR/linnum.o
 .rodata.str1.1
                0x0000000000448f98      0x2c4 GccUnixR/listing.o
                                        0x331 (size before relaxing)
 *fill*         0x000000000044925c        0x4 
 .rodata        0x0000000000449260      0x4e1 GccUnixR/listing.o
 *fill*         0x0000000000449741        0x7 
 .rodata.str1.8
                0x0000000000449748      0x2ea GccUnixR/listing.o
 .rodata.str1.1
                0x0000000000449a32        0x1 GccUnixR/loop.o
 *fill*         0x0000000000449a32        0x6 
 .rodata        0x0000000000449a38       0x30 GccUnixR/loop.o
 .rodata        0x0000000000449a68       0xa8 GccUnixR/lqueue.o
 .rodata.str1.1
                0x0000000000449b10       0x29 GccUnixR/macro.o
 *fill*         0x0000000000449b39        0x7 
 .rodata        0x0000000000449b40       0xf0 GccUnixR/macro.o
 .rodata.str1.1
                0x0000000000449c30        0xe GccUnixR/mangle.o
 *fill*         0x0000000000449c3e        0x2 
 .rodata        0x0000000000449c40       0x58 GccUnixR/mangle.o
 .rodata.str1.1
                0x0000000000449c98      0x9cc GccUnixR/msgtext.o
                                        0x9cd (size before relaxing)
 *fill*         0x000000000044a664       0x1c 
 .rodata        0x000000000044a680      0x8d0 GccUnixR/msgtext.o
                0x000000000044a680                szCVCompiler
 .rodata.str1.8
                0x000000000044af50     0x1c26 GccUnixR/msgtext.o
 .rodata.str1.1
                0x000000000044cb76       0x26 GccUnixR/omf.o
                                         0x27 (size before relaxing)
 *fill*         0x000000000044cb9c        0x4 
 .rodata        0x000000000044cba0       0x60 GccUnixR/omffixup.o
 .rodata.str1.1
                0x000000000044cc00        0x9 GccUnixR/omfint.o
 *fill*         0x000000000044cc09       0x17 
 .rodata        0x000000000044cc20       0xa0 GccUnixR/omfint.o
 .rodata.str1.1
                0x000000000044ccc0      0x17b GccUnixR/option.o
                                        0x1e8 (size before relaxing)
 *fill*         0x000000000044ce3b        0x5 
 .rodata        0x000000000044ce40      0x280 GccUnixR/option.o
 .rodata        0x000000000044d0c0      0x148 GccUnixR/parser.o
 .rodata.str1.1
                0x000000000044d208        0x5 GccUnixR/parser.o
                                         0x10 (size before relaxing)
 *fill*         0x000000000044d20d        0x3 
 .rodata        0x000000000044d210       0x64 GccUnixR/posndir.o
 .rodata.str1.1
                0x000000000044d274      0x210 GccUnixR/proc.o
                                        0x28c (size before relaxing)
 *fill*         0x000000000044d484        0x4 
 .rodata.str1.8
                0x000000000044d488       0xd8 GccUnixR/proc.o
                                         0xd3 (size before relaxing)
 .rodata        0x000000000044d560      0x11c GccUnixR/proc.o
                0x000000000044d5c0                stackreg
 *fill*         0x000000000044d67c        0x4 
 .rodata        0x000000000044d680     0xbce0 GccUnixR/reswords.o
                0x000000000044d6c0                vex_flags
                0x00000000004511e0                opnd_clstab
                0x0000000000451c40                SpecialTable
                0x0000000000453160                InstrTable
 .rodata.str1.1
                0x0000000000459360        0xd GccUnixR/safeseh.o
 .rodata.str1.1
                0x0000000000459360       0x66 GccUnixR/segment.o
                                         0xd2 (size before relaxing)
 *fill*         0x00000000004593c6       0x1a 
 .rodata        0x00000000004593e0      0x138 GccUnixR/segment.o
 .rodata.str1.1
                0x0000000000459518       0x4c GccUnixR/simsegm.o
                                         0xa8 (size before relaxing)
 *fill*         0x0000000000459564       0x1c 
 .rodata        0x0000000000459580       0xf8 GccUnixR/simsegm.o
 .rodata.str1.1
                0x0000000000459678       0x20 GccUnixR/string.o
 .rodata.str1.1
                0x0000000000459698       0x77 GccUnixR/symbols.o
                                         0x7a (size before relaxing)
 *fill*         0x000000000045970f       0x11 
 .rodata        0x0000000000459720      0x190 GccUnixR/symbols.o
 *fill*         0x00000000004598b0       0x10 
 .rodata        0x00000000004598c0      0x1b0 GccUnixR/tbyte.o
 .rodata.str1.1
                0x0000000000459a70       0x23 GccUnixR/tokenize.o
                                         0x2f (size before relaxing)
 *fill*         0x0000000000459a93        0xd 
 .rodata        0x0000000000459aa0      0x2b0 GccUnixR/tokenize.o
 .rodata.str1.1
                0x0000000000459d50        0x1 GccUnixR/types.o
 .rodata        0x0000000000459d50       0x6a GccUnixR/types.o

.rodata1
 *(.rodata1)

.eh_frame_hdr   0x0000000000459dbc     0x11dc
 *(.eh_frame_hdr)
 .eh_frame_hdr  0x0000000000459dbc     0x11dc /usr/lib/gcc/x86_64-linux-gnu/5/../../../x86_64-linux-gnu/crt1.o

.eh_frame       0x000000000045af98     0x6d14
 *(.eh_frame)
 .eh_frame      0x000000000045af98       0x30 /usr/lib/gcc/x86_64-linux-gnu/5/../../../x86_64-linux-gnu/crt1.o
 .eh_frame      0x000000000045afc8       0x40 /usr/lib/gcc/x86_64-linux-gnu/5/../../../x86_64-linux-gnu/crt1.o
 .eh_frame      0x000000000045b008       0x50 GccUnixR/main.o
                                         0x60 (size before relaxing)
 .eh_frame      0x000000000045b058       0x18 GccUnixR/apiemu.o
                                         0x30 (size before relaxing)
 .eh_frame      0x000000000045b070      0x278 GccUnixR/assemble.o
                                        0x268 (size before relaxing)
 .eh_frame      0x000000000045b2e8      0x200 GccUnixR/assume.o
                                        0x1f0 (size before relaxing)
 .eh_frame      0x000000000045b4e8       0x88 GccUnixR/atofloat.o
                                         0xa0 (size before relaxing)
 .eh_frame      0x000000000045b570       0x40 GccUnixR/backptch.o
                                         0x58 (size before relaxing)
 .eh_frame      0x000000000045b5b0      0x218 GccUnixR/bin.o
                                        0x210 (size before relaxing)
 .eh_frame      0x000000000045b7c8      0x138 GccUnixR/branch.o
                                        0x148 (size before relaxing)
 .eh_frame      0x000000000045b900      0x450 GccUnixR/cmdline.o
                                        0x3e8 (size before relaxing)
 .eh_frame      0x000000000045bd50      0x1a8 GccUnixR/codegen.o
 .eh_frame      0x000000000045bef8      0x168 GccUnixR/coff.o
                                        0x170 (size before relaxing)
 .eh_frame      0x000000000045c060      0x188 GccUnixR/condasm.o
 .eh_frame      0x000000000045c1e8       0xb8 GccUnixR/context.o
                                         0xc8 (size before relaxing)
 .eh_frame      0x000000000045c2a0       0xb0 GccUnixR/cpumodel.o
                                         0xc0 (size before relaxing)
 .eh_frame      0x000000000045c350      0x1d0 GccUnixR/data.o
                                        0x1d8 (size before relaxing)
 .eh_frame      0x000000000045c520      0x268 GccUnixR/dbgcv.o
                                        0x270 (size before relaxing)
 .eh_frame      0x000000000045c788      0x1c8 GccUnixR/directiv.o
 .eh_frame      0x000000000045c950      0x150 GccUnixR/elf.o
                                        0x160 (size before relaxing)
 .eh_frame      0x000000000045caa0       0x68 GccUnixR/end.o
                                         0x80 (size before relaxing)
 .eh_frame      0x000000000045cb08       0xf0 GccUnixR/equate.o
                                        0x100 (size before relaxing)
 .eh_frame      0x000000000045cbf8      0x1c8 GccUnixR/errmsg.o
                                        0x1c0 (size before relaxing)
 .eh_frame      0x000000000045cdc0      0x2d8 GccUnixR/expans.o
 .eh_frame      0x000000000045d098      0x530 GccUnixR/expreval.o
                                        0x4e8 (size before relaxing)
 .eh_frame      0x000000000045d5c8      0x268 GccUnixR/extern.o
                                        0x270 (size before relaxing)
 .eh_frame      0x000000000045d830       0xb8 GccUnixR/fastpass.o
                                         0xc8 (size before relaxing)
 .eh_frame      0x000000000045d8e8       0xa0 GccUnixR/fixup.o
                                         0xb0 (size before relaxing)
 .eh_frame      0x000000000045d988       0x38 GccUnixR/fpfixup.o
                                         0x50 (size before relaxing)
 .eh_frame      0x000000000045d9c0      0x4e0 GccUnixR/hll.o
                                        0x4d0 (size before relaxing)
 .eh_frame      0x000000000045dea0      0x338 GccUnixR/input.o
                                        0x310 (size before relaxing)
 .eh_frame      0x000000000045e1d8      0x2b0 GccUnixR/invoke.o
                                        0x2a8 (size before relaxing)
 .eh_frame      0x000000000045e488       0xb8 GccUnixR/label.o
                                         0xc0 (size before relaxing)
 .eh_frame      0x000000000045e540       0xa0 GccUnixR/linnum.o
                                         0xa8 (size before relaxing)
 .eh_frame      0x000000000045e5e0      0x438 GccUnixR/listing.o
                                        0x420 (size before relaxing)
 .eh_frame      0x000000000045ea18       0x30 GccUnixR/loop.o
                                         0x48 (size before relaxing)
 .eh_frame      0x000000000045ea48       0xd8 GccUnixR/lqueue.o
                                         0xe8 (size before relaxing)
 .eh_frame      0x000000000045eb20      0x1b8 GccUnixR/macro.o
                                        0x1c0 (size before relaxing)
 .eh_frame      0x000000000045ecd8       0xe0 GccUnixR/mangle.o
                                         0xd8 (size before relaxing)
 .eh_frame      0x000000000045edb8       0xa0 GccUnixR/memalloc.o
                                         0xa8 (size before relaxing)
 .eh_frame      0x000000000045ee58       0x20 GccUnixR/msgtext.o
                                         0x38 (size before relaxing)
 .eh_frame      0x000000000045ee78      0x3f0 GccUnixR/omf.o
                                        0x3d8 (size before relaxing)
 .eh_frame      0x000000000045f268       0x78 GccUnixR/omffixup.o
                                         0x88 (size before relaxing)
 .eh_frame      0x000000000045f2e0      0x200 GccUnixR/omfint.o
                                        0x1f8 (size before relaxing)
 .eh_frame      0x000000000045f4e0      0x770 GccUnixR/option.o
                                        0x718 (size before relaxing)
 .eh_frame      0x000000000045fc50      0x4a8 GccUnixR/parser.o
                                        0x478 (size before relaxing)
 .eh_frame      0x00000000004600f8       0xb0 GccUnixR/posndir.o
                                         0xc0 (size before relaxing)
 .eh_frame      0x00000000004601a8       0xa0 GccUnixR/preproc.o
                                         0xb8 (size before relaxing)
 .eh_frame      0x0000000000460248      0x630 GccUnixR/proc.o
                                        0x5f8 (size before relaxing)
 .eh_frame      0x0000000000460878       0x50 GccUnixR/queue.o
                                         0x60 (size before relaxing)
 .eh_frame      0x00000000004608c8      0x1b8 GccUnixR/reswords.o
                                        0x1b0 (size before relaxing)
 .eh_frame      0x0000000000460a80       0x48 GccUnixR/safeseh.o
                                         0x60 (size before relaxing)
 .eh_frame      0x0000000000460ac8      0x4a0 GccUnixR/segment.o
                                        0x468 (size before relaxing)
 .eh_frame      0x0000000000460f68      0x140 GccUnixR/simsegm.o
                                        0x148 (size before relaxing)
 .eh_frame      0x00000000004610a8      0x2f0 GccUnixR/string.o
                                        0x2e0 (size before relaxing)
 .eh_frame      0x0000000000461398      0x2d8 GccUnixR/symbols.o
                                        0x2c0 (size before relaxing)
 .eh_frame      0x0000000000461670       0x68 GccUnixR/tbyte.o
                                         0x80 (size before relaxing)
 .eh_frame      0x00000000004616d8      0x208 GccUnixR/tokenize.o
                                        0x218 (size before relaxing)
 .eh_frame      0x00000000004618e0      0x368 GccUnixR/types.o
                                        0x358 (size before relaxing)
 .eh_frame      0x0000000000461c48       0x60 /usr/lib/x86_64-linux-gnu/libc_nonshared.a(elf-init.oS)
                                         0x78 (size before relaxing)
 .eh_frame      0x0000000000461ca8        0x4 /usr/lib/gcc/x86_64-linux-gnu/5/crtend.o

.gcc_except_table
 *(.gcc_except_table .gcc_except_table.*)

.exception_ranges
 *(.exception_ranges .exception_ranges*)
                0x0000000000461cac                . = (ALIGN (0x200000) - ((0x200000 - .) & 0x1fffff))
                0x0000000000661e10                . = DATA_SEGMENT_ALIGN (0x200000, 0x1000)

.eh_frame
 *(.eh_frame)

.gcc_except_table
 *(.gcc_except_table .gcc_except_table.*)

.exception_ranges
 *(.exception_ranges .exception_ranges*)

.tdata
 *(.tdata .tdata.* .gnu.linkonce.td.*)

.tbss
 *(.tbss .tbss.* .gnu.linkonce.tb.*)
 *(.tcommon)

.preinit_array  0x0000000000661e10        0x0
                [!provide]                        PROVIDE (__preinit_array_start, .)
 *(.preinit_array)
                [!provide]                        PROVIDE (__preinit_array_end, .)

.init_array     0x0000000000661e10        0x8
                0x0000000000661e10                PROVIDE (__init_array_start, .)
 *(SORT(.init_array.*) SORT(.ctors.*))
 *(.init_array EXCLUDE_FILE(*crtend?.o *crtend.o *crtbegin?.o *crtbegin.o) .ctors)
 .init_array    0x0000000000661e10        0x8 /usr/lib/gcc/x86_64-linux-gnu/5/crtbegin.o
                0x0000000000661e18                PROVIDE (__init_array_end, .)

.fini_array     0x0000000000661e18        0x8
                [!provide]                        PROVIDE (__fini_array_start, .)
 *(SORT(.fini_array.*) SORT(.dtors.*))
 *(.fini_array EXCLUDE_FILE(*crtend?.o *crtend.o *crtbegin?.o *crtbegin.o) .dtors)
 .fini_array    0x0000000000661e18        0x8 /usr/lib/gcc/x86_64-linux-gnu/5/crtbegin.o
                [!provide]                        PROVIDE (__fini_array_end, .)

.ctors
 *crtbegin.o(.ctors)
 *crtbegin?.o(.ctors)
 *(EXCLUDE_FILE(*crtend?.o *crtend.o) .ctors)
 *(SORT(.ctors.*))
 *(.ctors)

.dtors
 *crtbegin.o(.dtors)
 *crtbegin?.o(.dtors)
 *(EXCLUDE_FILE(*crtend?.o *crtend.o) .dtors)
 *(SORT(.dtors.*))
 *(.dtors)

.jcr            0x0000000000661e20        0x8
 *(.jcr)
 .jcr           0x0000000000661e20        0x0 /usr/lib/gcc/x86_64-linux-gnu/5/crtbegin.o
 .jcr           0x0000000000661e20        0x8 /usr/lib/gcc/x86_64-linux-gnu/5/crtend.o

.data.rel.ro
 *(.data.rel.ro.local* .gnu.linkonce.d.rel.ro.local.*)
 *(.data.rel.ro .data.rel.ro.* .gnu.linkonce.d.rel.ro.*)

.dynamic        0x0000000000661e28      0x1d0
 *(.dynamic)
 .dynamic       0x0000000000661e28      0x1d0 /usr/lib/gcc/x86_64-linux-gnu/5/../../../x86_64-linux-gnu/crt1.o
                0x0000000000661e28                _DYNAMIC

.got            0x0000000000661ff8        0x8
 *(.got)
 .got           0x0000000000661ff8        0x8 /usr/lib/gcc/x86_64-linux-gnu/5/../../../x86_64-linux-gnu/crt1.o
 *(.igot)
                0x0000000000662fe8                . = DATA_SEGMENT_RELRO_END (., (SIZEOF (.got.plt) >= 0x18)?0x18:0x0)

.got.plt        0x0000000000662000      0x1f0
 *(.got.plt)
 .got.plt       0x0000000000662000      0x1f0 /usr/lib/gcc/x86_64-linux-gnu/5/../../../x86_64-linux-gnu/crt1.o
                0x0000000000662000                _GLOBAL_OFFSET_TABLE_
 *(.igot.plt)
 .igot.plt      0x00000000006621f0        0x0 /usr/lib/gcc/x86_64-linux-gnu/5/../../../x86_64-linux-gnu/crt1.o

.data           0x0000000000662200     0x8fbe
 *(.data .data.* .gnu.linkonce.d.*)
 .data          0x0000000000662200        0x4 /usr/lib/gcc/x86_64-linux-gnu/5/../../../x86_64-linux-gnu/crt1.o
                0x0000000000662200                data_start
                0x0000000000662200                __data_start
 .data          0x0000000000662204        0x0 /usr/lib/gcc/x86_64-linux-gnu/5/../../../x86_64-linux-gnu/crti.o
 *fill*         0x0000000000662204        0x4 
 .data          0x0000000000662208        0x8 /usr/lib/gcc/x86_64-linux-gnu/5/crtbegin.o
                0x0000000000662208                __dso_handle
 .data          0x0000000000662210        0x0 GccUnixR/main.o
 .data          0x0000000000662210        0x0 GccUnixR/apiemu.o
 .data          0x0000000000662210        0x1 GccUnixR/assemble.o
 .data          0x0000000000662211        0x0 GccUnixR/assume.o
 .data          0x0000000000662211        0x0 GccUnixR/atofloat.o
 .data          0x0000000000662211        0x0 GccUnixR/backptch.o
 .data          0x0000000000662211        0x0 GccUnixR/bin.o
 .data          0x0000000000662211        0x0 GccUnixR/branch.o
 *fill*         0x0000000000662211        0xf 
 .data          0x0000000000662220       0xb0 GccUnixR/cmdline.o
                0x0000000000662220                Options
 .data          0x00000000006622d0        0x0 GccUnixR/codegen.o
 .data          0x00000000006622d0        0x0 GccUnixR/coff.o
 .data          0x00000000006622d0        0x0 GccUnixR/condasm.o
 .data          0x00000000006622d0        0x0 GccUnixR/context.o
 .data          0x00000000006622d0        0x0 GccUnixR/cpumodel.o
 .data          0x00000000006622d0        0x0 GccUnixR/data.o
 .data          0x00000000006622d0        0x0 GccUnixR/dbgcv.o
 .data          0x00000000006622d0        0x0 GccUnixR/directiv.o
 .data          0x00000000006622d0        0x0 GccUnixR/elf.o
 .data          0x00000000006622d0        0x0 GccUnixR/end.o
 .data          0x00000000006622d0        0x0 GccUnixR/equate.o
 .data          0x00000000006622d0        0x0 GccUnixR/errmsg.o
 .data          0x00000000006622d0        0x0 GccUnixR/expans.o
 .data          0x00000000006622d0        0x0 GccUnixR/expreval.o
 .data          0x00000000006622d0        0x0 GccUnixR/extern.o
 .data          0x00000000006622d0        0x0 GccUnixR/fastpass.o
 .data          0x00000000006622d0        0x0 GccUnixR/fixup.o
 .data          0x00000000006622d0        0x0 GccUnixR/fpfixup.o
 .data          0x00000000006622d0        0x0 GccUnixR/hll.o
 .data          0x00000000006622d0        0x0 GccUnixR/input.o
 .data          0x00000000006622d0        0x0 GccUnixR/invoke.o
 .data          0x00000000006622d0        0x0 GccUnixR/label.o
 .data          0x00000000006622d0        0x0 GccUnixR/linnum.o
 .data          0x00000000006622d0        0x0 GccUnixR/listing.o
 .data          0x00000000006622d0        0x0 GccUnixR/loop.o
 .data          0x00000000006622d0        0x0 GccUnixR/lqueue.o
 .data          0x00000000006622d0        0x0 GccUnixR/macro.o
 .data          0x00000000006622d0        0x0 GccUnixR/mangle.o
 .data          0x00000000006622d0        0x0 GccUnixR/memalloc.o
 .data          0x00000000006622d0        0x0 GccUnixR/msgtext.o
 .data          0x00000000006622d0        0x0 GccUnixR/omf.o
 .data          0x00000000006622d0        0x0 GccUnixR/omffixup.o
 .data          0x00000000006622d0        0x0 GccUnixR/omfint.o
 .data          0x00000000006622d0        0x0 GccUnixR/option.o
 .data          0x00000000006622d0        0x0 GccUnixR/parser.o
 .data          0x00000000006622d0        0x0 GccUnixR/posndir.o
 .data          0x00000000006622d0        0x0 GccUnixR/preproc.o
 .data          0x00000000006622d0        0x0 GccUnixR/proc.o
 .data          0x00000000006622d0        0x0 GccUnixR/queue.o
 *fill*         0x00000000006622d0       0x10 
 .data          0x00000000006622e0     0x8ede GccUnixR/reswords.o
                0x00000000006622e0                ResWordTable
                0x000000000066a500                optable_idx
 .data          0x000000000066b1be        0x0 GccUnixR/safeseh.o
 .data          0x000000000066b1be        0x0 GccUnixR/segment.o
 .data          0x000000000066b1be        0x0 GccUnixR/simsegm.o
 .data          0x000000000066b1be        0x0 GccUnixR/string.o
 .data          0x000000000066b1be        0x0 GccUnixR/symbols.o
 .data          0x000000000066b1be        0x0 GccUnixR/tbyte.o
 .data          0x000000000066b1be        0x0 GccUnixR/tokenize.o
 .data          0x000000000066b1be        0x0 GccUnixR/types.o
 .data          0x000000000066b1be        0x0 /usr/lib/x86_64-linux-gnu/libc_nonshared.a(elf-init.oS)
 .data          0x000000000066b1be        0x0 /usr/lib/gcc/x86_64-linux-gnu/5/crtend.o
 .data          0x000000000066b1be        0x0 /usr/lib/gcc/x86_64-linux-gnu/5/../../../x86_64-linux-gnu/crtn.o

.tm_clone_table
                0x000000000066b1c0        0x0
 .tm_clone_table
                0x000000000066b1c0        0x0 /usr/lib/gcc/x86_64-linux-gnu/5/crtbegin.o
 .tm_clone_table
                0x000000000066b1c0        0x0 /usr/lib/gcc/x86_64-linux-gnu/5/crtend.o

.data1
 *(.data1)
                0x000000000066b1c0                _edata = .
                [!provide]                        PROVIDE (edata, .)
                0x000000000066b1c0                . = .
                0x000000000066b1c0                __bss_start = .

.bss            0x000000000066b1c0    0x146c0
 *(.dynbss)
 .dynbss        0x000000000066b1c0        0x8 /usr/lib/gcc/x86_64-linux-gnu/5/../../../x86_64-linux-gnu/crt1.o
                0x000000000066b1c0                stderr@@GLIBC_2.2.5
 *(.bss .bss.* .gnu.linkonce.b.*)
 .bss           0x000000000066b1c8        0x0 /usr/lib/gcc/x86_64-linux-gnu/5/../../../x86_64-linux-gnu/crt1.o
 .bss           0x000000000066b1c8        0x0 /usr/lib/gcc/x86_64-linux-gnu/5/../../../x86_64-linux-gnu/crti.o
 .bss           0x000000000066b1c8        0x1 /usr/lib/gcc/x86_64-linux-gnu/5/crtbegin.o
 .bss           0x000000000066b1c9        0x0 GccUnixR/main.o
 .bss           0x000000000066b1c9        0x0 GccUnixR/apiemu.o
 .bss           0x000000000066b1c9        0x0 GccUnixR/assemble.o
 *fill*         0x000000000066b1c9       0x17 
 .bss           0x000000000066b1e0      0x360 GccUnixR/assume.o
 .bss           0x000000000066b540        0x0 GccUnixR/atofloat.o
 .bss           0x000000000066b540        0x0 GccUnixR/backptch.o
 .bss           0x000000000066b540        0x0 GccUnixR/bin.o
 .bss           0x000000000066b540        0x0 GccUnixR/branch.o
 .bss           0x000000000066b540      0x144 GccUnixR/cmdline.o
                0x000000000066b540                DefaultDir
 .bss           0x000000000066b684        0x0 GccUnixR/codegen.o
 *fill*         0x000000000066b684       0x1c 
 .bss           0x000000000066b6a0      0x420 GccUnixR/coff.o
 .bss           0x000000000066bac0        0xc GccUnixR/condasm.o
 .bss           0x000000000066bacc        0x0 GccUnixR/context.o
 .bss           0x000000000066bacc        0x0 GccUnixR/cpumodel.o
 .bss           0x000000000066bacc        0x0 GccUnixR/data.o
 .bss           0x000000000066bacc        0x0 GccUnixR/dbgcv.o
 .bss           0x000000000066bacc        0x0 GccUnixR/directiv.o
 .bss           0x000000000066bacc        0x0 GccUnixR/elf.o
 .bss           0x000000000066bacc        0x0 GccUnixR/end.o
 .bss           0x000000000066bacc        0x0 GccUnixR/equate.o
 *fill*         0x000000000066bacc       0x14 
 .bss           0x000000000066bae0       0x40 GccUnixR/errmsg.o
                0x000000000066bae0                banner_printed
 .bss           0x000000000066bb20        0x0 GccUnixR/expans.o
 .bss           0x000000000066bb20       0x20 GccUnixR/expreval.o
 .bss           0x000000000066bb40        0x0 GccUnixR/extern.o
 .bss           0x000000000066bb40     0x10f8 GccUnixR/fastpass.o
 .bss           0x000000000066cc38        0x0 GccUnixR/fixup.o
 .bss           0x000000000066cc38        0x0 GccUnixR/fpfixup.o
 .bss           0x000000000066cc38        0x0 GccUnixR/hll.o
 .bss           0x000000000066cc38       0x10 GccUnixR/input.o
 .bss           0x000000000066cc48        0x8 GccUnixR/invoke.o
 .bss           0x000000000066cc50        0x0 GccUnixR/label.o
 .bss           0x000000000066cc50       0x10 GccUnixR/linnum.o
 .bss           0x000000000066cc60        0x4 GccUnixR/listing.o
 .bss           0x000000000066cc64        0x0 GccUnixR/loop.o
 .bss           0x000000000066cc64        0x0 GccUnixR/lqueue.o
 .bss           0x000000000066cc64        0x0 GccUnixR/macro.o
 .bss           0x000000000066cc64        0x0 GccUnixR/mangle.o
 *fill*         0x000000000066cc64        0x4 
 .bss           0x000000000066cc68       0x18 GccUnixR/memalloc.o
 .bss           0x000000000066cc80        0x0 GccUnixR/msgtext.o
 .bss           0x000000000066cc80       0x3c GccUnixR/omf.o
 .bss           0x000000000066ccbc        0x0 GccUnixR/omffixup.o
 .bss           0x000000000066ccbc        0x0 GccUnixR/omfint.o
 .bss           0x000000000066ccbc        0x0 GccUnixR/option.o
 .bss           0x000000000066ccbc        0x4 GccUnixR/parser.o
 .bss           0x000000000066ccc0        0x0 GccUnixR/posndir.o
 .bss           0x000000000066ccc0        0x0 GccUnixR/preproc.o
 .bss           0x000000000066ccc0      0x278 GccUnixR/proc.o
 .bss           0x000000000066cf38        0x0 GccUnixR/queue.o
 *fill*         0x000000000066cf38        0x8 
 .bss           0x000000000066cf40      0xff8 GccUnixR/reswords.o
 .bss           0x000000000066df38        0x0 GccUnixR/safeseh.o
 *fill*         0x000000000066df38        0x8 
 .bss           0x000000000066df40      0x4e4 GccUnixR/segment.o
 *fill*         0x000000000066e424       0x1c 
 .bss           0x000000000066e440       0x38 GccUnixR/simsegm.o
 .bss           0x000000000066e478        0x0 GccUnixR/string.o
 *fill*         0x000000000066e478        0x8 
 .bss           0x000000000066e480     0xfe88 GccUnixR/symbols.o
 .bss           0x000000000067e308        0x0 GccUnixR/tbyte.o
 .bss           0x000000000067e308        0x0 GccUnixR/tokenize.o
 .bss           0x000000000067e308        0x8 GccUnixR/types.o
 .bss           0x000000000067e310        0x0 /usr/lib/x86_64-linux-gnu/libc_nonshared.a(elf-init.oS)
 .bss           0x000000000067e310        0x0 /usr/lib/gcc/x86_64-linux-gnu/5/crtend.o
 .bss           0x000000000067e310        0x0 /usr/lib/gcc/x86_64-linux-gnu/5/../../../x86_64-linux-gnu/crtn.o
 *(COMMON)
 COMMON         0x000000000067e310        0x4 GccUnixR/main.o
                0x000000000067e310                evex
                0x000000000067e311                broadflags
                0x000000000067e312                decoflags
                0x000000000067e313                ZEROLOCALS
 *fill*         0x000000000067e314        0xc 
 COMMON         0x000000000067e320     0x1300 GccUnixR/assemble.o
                0x000000000067e320                ModuleInfo
                0x000000000067f520                write_to_file
                0x000000000067f524                Parse_Pass
                0x000000000067f540                jmpenv
                0x000000000067f610                LinnumQueue
 COMMON         0x000000000067f620      0x160 GccUnixR/assume.o
                0x000000000067f620                SegAssumeTable
                0x000000000067f680                StdAssumeTable
 COMMON         0x000000000067f780        0x4 GccUnixR/condasm.o
                0x000000000067f780                CurrIfState
 *fill*         0x000000000067f784        0x4 
 COMMON         0x000000000067f788       0x10 GccUnixR/cpumodel.o
                0x000000000067f788                sym_Interface
                0x000000000067f790                sym_Cpu
 COMMON         0x000000000067f798        0x8 GccUnixR/expans.o
                0x000000000067f798                MacroLevel
                0x000000000067f79c                MacroLocals
 COMMON         0x000000000067f7a0        0xa GccUnixR/fastpass.o
                0x000000000067f7a0                LineStoreCurr
                0x000000000067f7a8                UseSavedState
                0x000000000067f7a9                StoreState
 COMMON         0x000000000067f7aa        0x3 GccUnixR/fixup.o
                0x000000000067f7aa                Frame_Datum
                0x000000000067f7ac                Frame_Type
 *fill*         0x000000000067f7ad        0x3 
 COMMON         0x000000000067f7b0       0x20 GccUnixR/input.o
                0x000000000067f7b0                LineCur
                0x000000000067f7b8                commentbuffer
                0x000000000067f7c0                FileCur
                0x000000000067f7c8                token_stringbuf
 COMMON         0x000000000067f7d0        0x4 GccUnixR/listing.o
                0x000000000067f7d0                list_pos
 COMMON         0x000000000067f7d4        0x4 GccUnixR/omf.o
                0x000000000067f7d4                LastCodeBufSize
 *fill*         0x000000000067f7d8        0x8 
 COMMON         0x000000000067f7e0       0x68 GccUnixR/parser.o
                0x000000000067f7e0                SymTables
                0x000000000067f840                SegOverride
 COMMON         0x000000000067f848       0x20 GccUnixR/proc.o
                0x000000000067f848                CurrProc
                0x000000000067f850                sym_ReservedStack
                0x000000000067f858                StackAdj
                0x000000000067f85c                procidx
                0x000000000067f860                ProcStatus
                0x000000000067f864                StackAdjHigh
 COMMON         0x000000000067f868        0x8 GccUnixR/segment.o
                0x000000000067f868                symCurSeg
 COMMON         0x000000000067f870        0x8 GccUnixR/symbols.o
                0x000000000067f870                SymCmpFunc
 COMMON         0x000000000067f878        0x8 GccUnixR/types.o
                0x000000000067f878                CurrStruct
                0x000000000067f880                . = ALIGN ((. != 0x0)?0x8:0x1)

.lbss
 *(.dynlbss)
 *(.lbss .lbss.* .gnu.linkonce.lb.*)
 *(LARGE_COMMON)
                0x000000000067f880                . = ALIGN (0x8)
                0x000000000067f880                . = SEGMENT_START ("ldata-segment", .)

.lrodata
 *(.lrodata .lrodata.* .gnu.linkonce.lr.*)

.ldata          0x0000000000a7f880        0x0
 *(.ldata .ldata.* .gnu.linkonce.l.*)
                0x0000000000a7f880                . = ALIGN ((. != 0x0)?0x8:0x1)
                0x0000000000a7f880                . = ALIGN (0x8)
                0x0000000000a7f880                _end = .
                [!provide]                        PROVIDE (end, .)
                0x0000000000a7f880                . = DATA_SEGMENT_END (.)

.stab
 *(.stab)

.stabstr
 *(.stabstr)

.stab.excl
 *(.stab.excl)

.stab.exclstr
 *(.stab.exclstr)

.stab.index
 *(.stab.index)

.stab.indexstr
 *(.stab.indexstr)

.comment        0x0000000000000000       0x52
 *(.comment)
 .comment       0x0000000000000000       0x2d /usr/lib/gcc/x86_64-linux-gnu/5/crtbegin.o
                                         0x2e (size before relaxing)
 .comment       0x000000000000002d       0x2e GccUnixR/main.o
 .comment       0x000000000000002d       0x2e GccUnixR/apiemu.o
 .comment       0x000000000000002d       0x2e GccUnixR/assemble.o
 .comment       0x000000000000002d       0x2e GccUnixR/assume.o
 .comment       0x000000000000002d       0x2e GccUnixR/atofloat.o
 .comment       0x000000000000002d       0x2e GccUnixR/backptch.o
 .comment       0x000000000000002d       0x2e GccUnixR/bin.o
 .comment       0x000000000000002d       0x2e GccUnixR/branch.o
 .comment       0x000000000000002d       0x2e GccUnixR/cmdline.o
 .comment       0x000000000000002d       0x2e GccUnixR/codegen.o
 .comment       0x000000000000002d       0x2e GccUnixR/coff.o
 .comment       0x000000000000002d       0x2e GccUnixR/condasm.o
 .comment       0x000000000000002d       0x2e GccUnixR/context.o
 .comment       0x000000000000002d       0x2e GccUnixR/cpumodel.o
 .comment       0x000000000000002d       0x2e GccUnixR/data.o
 .comment       0x000000000000002d       0x2e GccUnixR/dbgcv.o
 .comment       0x000000000000002d       0x2e GccUnixR/directiv.o
 .comment       0x000000000000002d       0x2e GccUnixR/elf.o
 .comment       0x000000000000002d       0x2e GccUnixR/end.o
 .comment       0x000000000000002d       0x2e GccUnixR/equate.o
 .comment       0x000000000000002d       0x2e GccUnixR/errmsg.o
 .comment       0x000000000000002d       0x2e GccUnixR/expans.o
 .comment       0x000000000000002d       0x2e GccUnixR/expreval.o
 .comment       0x000000000000002d       0x2e GccUnixR/extern.o
 .comment       0x000000000000002d       0x2e GccUnixR/fastpass.o
 .comment       0x000000000000002d       0x2e GccUnixR/fixup.o
 .comment       0x000000000000002d       0x2e GccUnixR/fpfixup.o
 .comment       0x000000000000002d       0x2e GccUnixR/hll.o
 .comment       0x000000000000002d       0x2e GccUnixR/input.o
 .comment       0x000000000000002d       0x2e GccUnixR/invoke.o
 .comment       0x000000000000002d       0x2e GccUnixR/label.o
 .comment       0x000000000000002d       0x2e GccUnixR/linnum.o
 .comment       0x000000000000002d       0x2e GccUnixR/listing.o
 .comment       0x000000000000002d       0x2e GccUnixR/loop.o
 .comment       0x000000000000002d       0x2e GccUnixR/lqueue.o
 .comment       0x000000000000002d       0x2e GccUnixR/macro.o
 .comment       0x000000000000002d       0x2e GccUnixR/mangle.o
 .comment       0x000000000000002d       0x2e GccUnixR/memalloc.o
 .comment       0x000000000000002d       0x2e GccUnixR/msgtext.o
 .comment       0x000000000000002d       0x2e GccUnixR/omf.o
 .comment       0x000000000000002d       0x2e GccUnixR/omffixup.o
 .comment       0x000000000000002d       0x2e GccUnixR/omfint.o
 .comment       0x000000000000002d       0x2e GccUnixR/option.o
 .comment       0x000000000000002d       0x2e GccUnixR/parser.o
 .comment       0x000000000000002d       0x2e GccUnixR/posndir.o
 .comment       0x000000000000002d       0x2e GccUnixR/preproc.o
 .comment       0x000000000000002d       0x2e GccUnixR/proc.o
 .comment       0x000000000000002d       0x2e GccUnixR/queue.o
 .comment       0x000000000000002d       0x2e GccUnixR/reswords.o
 .comment       0x000000000000002d       0x2e GccUnixR/safeseh.o
 .comment       0x000000000000002d       0x2e GccUnixR/segment.o
 .comment       0x000000000000002d       0x2e GccUnixR/simsegm.o
 .comment       0x000000000000002d       0x2e GccUnixR/string.o
 .comment       0x000000000000002d       0x2e GccUnixR/symbols.o
 .comment       0x000000000000002d       0x2e GccUnixR/tbyte.o
 .comment       0x000000000000002d       0x2e GccUnixR/tokenize.o
 .comment       0x000000000000002d       0x2e GccUnixR/types.o
 .comment       0x000000000000002d       0x25 /usr/lib/x86_64-linux-gnu/libc_nonshared.a(elf-init.oS)
                                         0x26 (size before relaxing)
 .comment       0x0000000000000052       0x2e /usr/lib/gcc/x86_64-linux-gnu/5/crtend.o

.debug
 *(.debug)

.line
 *(.line)

.debug_srcinfo
 *(.debug_srcinfo)

.debug_sfnames
 *(.debug_sfnames)

.debug_aranges
 *(.debug_aranges)

.debug_pubnames
 *(.debug_pubnames)

.debug_info
 *(.debug_info .gnu.linkonce.wi.*)

.debug_abbrev
 *(.debug_abbrev)

.debug_line
 *(.debug_line .debug_line.* .debug_line_end)

.debug_frame
 *(.debug_frame)

.debug_str
 *(.debug_str)

.debug_loc
 *(.debug_loc)

.debug_macinfo
 *(.debug_macinfo)

.debug_weaknames
 *(.debug_weaknames)

.debug_funcnames
 *(.debug_funcnames)

.debug_typenames
 *(.debug_typenames)

.debug_varnames
 *(.debug_varnames)

.debug_pubtypes
 *(.debug_pubtypes)

.debug_ranges
 *(.debug_ranges)

.debug_macro
 *(.debug_macro)

.gnu.attributes
 *(.gnu.attributes)

/DISCARD/
 *(.note.GNU-stack)
 *(.gnu_debuglink)
 *(.gnu.lto_*)
OUTPUT(GccUnixR/hjwasm elf64-x86-64)
