Archive member included to satisfy reference by file (symbol)

C:/Program Files/mingw-w64/x86_64-5.3.0-posix-seh-rt_v4-rev0/mingw64/bin/../lib/gcc/x86_64-w64-mingw32/5.3.0/../../../../x86_64-w64-mingw32/lib/../lib/libmingw32.a(lib64_libmingw32_a-atonexit.o)
                              C:/Program Files/mingw-w64/x86_64-5.3.0-posix-seh-rt_v4-rev0/mingw64/bin/../lib/gcc/x86_64-w64-mingw32/5.3.0/crtbegin.o (atexit)
C:/Program Files/mingw-w64/x86_64-5.3.0-posix-seh-rt_v4-rev0/mingw64/bin/../lib/gcc/x86_64-w64-mingw32/5.3.0/../../../../x86_64-w64-mingw32/lib/../lib/libmingw32.a(lib64_libmingw32_a-gccmain.o)
                              C:/Program Files/mingw-w64/x86_64-5.3.0-posix-seh-rt_v4-rev0/mingw64/bin/../lib/gcc/x86_64-w64-mingw32/5.3.0/../../../../x86_64-w64-mingw32/lib/../lib/crt2.o (__main)
C:/Program Files/mingw-w64/x86_64-5.3.0-posix-seh-rt_v4-rev0/mingw64/bin/../lib/gcc/x86_64-w64-mingw32/5.3.0/../../../../x86_64-w64-mingw32/lib/../lib/libmingw32.a(lib64_libmingw32_a-natstart.o)
                              C:/Program Files/mingw-w64/x86_64-5.3.0-posix-seh-rt_v4-rev0/mingw64/bin/../lib/gcc/x86_64-w64-mingw32/5.3.0/../../../../x86_64-w64-mingw32/lib/../lib/crt2.o (__native_startup_lock)
C:/Program Files/mingw-w64/x86_64-5.3.0-posix-seh-rt_v4-rev0/mingw64/bin/../lib/gcc/x86_64-w64-mingw32/5.3.0/../../../../x86_64-w64-mingw32/lib/../lib/libmingw32.a(lib64_libmingw32_a-wildcard.o)
                              C:/Program Files/mingw-w64/x86_64-5.3.0-posix-seh-rt_v4-rev0/mingw64/bin/../lib/gcc/x86_64-w64-mingw32/5.3.0/../../../../x86_64-w64-mingw32/lib/../lib/crt2.o (_dowildcard)
C:/Program Files/mingw-w64/x86_64-5.3.0-posix-seh-rt_v4-rev0/mingw64/bin/../lib/gcc/x86_64-w64-mingw32/5.3.0/../../../../x86_64-w64-mingw32/lib/../lib/libmingw32.a(lib64_libmingw32_a-charmax.o)
                              C:/Program Files/mingw-w64/x86_64-5.3.0-posix-seh-rt_v4-rev0/mingw64/bin/../lib/gcc/x86_64-w64-mingw32/5.3.0/../../../../x86_64-w64-mingw32/lib/../lib/crt2.o (mingw_initcharmax)
C:/Program Files/mingw-w64/x86_64-5.3.0-posix-seh-rt_v4-rev0/mingw64/bin/../lib/gcc/x86_64-w64-mingw32/5.3.0/../../../../x86_64-w64-mingw32/lib/../lib/libmingw32.a(lib64_libmingw32_a-dllargv.o)
                              C:/Program Files/mingw-w64/x86_64-5.3.0-posix-seh-rt_v4-rev0/mingw64/bin/../lib/gcc/x86_64-w64-mingw32/5.3.0/../../../../x86_64-w64-mingw32/lib/../lib/crt2.o (_setargv)
C:/Program Files/mingw-w64/x86_64-5.3.0-posix-seh-rt_v4-rev0/mingw64/bin/../lib/gcc/x86_64-w64-mingw32/5.3.0/../../../../x86_64-w64-mingw32/lib/../lib/libmingw32.a(lib64_libmingw32_a-gs_support.o)
                              C:/Program Files/mingw-w64/x86_64-5.3.0-posix-seh-rt_v4-rev0/mingw64/bin/../lib/gcc/x86_64-w64-mingw32/5.3.0/../../../../x86_64-w64-mingw32/lib/../lib/crt2.o (__security_init_cookie)
C:/Program Files/mingw-w64/x86_64-5.3.0-posix-seh-rt_v4-rev0/mingw64/bin/../lib/gcc/x86_64-w64-mingw32/5.3.0/../../../../x86_64-w64-mingw32/lib/../lib/libmingw32.a(lib64_libmingw32_a-_newmode.o)
                              C:/Program Files/mingw-w64/x86_64-5.3.0-posix-seh-rt_v4-rev0/mingw64/bin/../lib/gcc/x86_64-w64-mingw32/5.3.0/../../../../x86_64-w64-mingw32/lib/../lib/crt2.o (_newmode)
C:/Program Files/mingw-w64/x86_64-5.3.0-posix-seh-rt_v4-rev0/mingw64/bin/../lib/gcc/x86_64-w64-mingw32/5.3.0/../../../../x86_64-w64-mingw32/lib/../lib/libmingw32.a(lib64_libmingw32_a-tlssup.o)
                              C:/Program Files/mingw-w64/x86_64-5.3.0-posix-seh-rt_v4-rev0/mingw64/bin/../lib/gcc/x86_64-w64-mingw32/5.3.0/../../../../x86_64-w64-mingw32/lib/../lib/crt2.o (mingw_initltssuo_force)
C:/Program Files/mingw-w64/x86_64-5.3.0-posix-seh-rt_v4-rev0/mingw64/bin/../lib/gcc/x86_64-w64-mingw32/5.3.0/../../../../x86_64-w64-mingw32/lib/../lib/libmingw32.a(lib64_libmingw32_a-cinitexe.o)
                              C:/Program Files/mingw-w64/x86_64-5.3.0-posix-seh-rt_v4-rev0/mingw64/bin/../lib/gcc/x86_64-w64-mingw32/5.3.0/../../../../x86_64-w64-mingw32/lib/../lib/crt2.o (__xc_z)
C:/Program Files/mingw-w64/x86_64-5.3.0-posix-seh-rt_v4-rev0/mingw64/bin/../lib/gcc/x86_64-w64-mingw32/5.3.0/../../../../x86_64-w64-mingw32/lib/../lib/libmingw32.a(lib64_libmingw32_a-merr.o)
                              C:/Program Files/mingw-w64/x86_64-5.3.0-posix-seh-rt_v4-rev0/mingw64/bin/../lib/gcc/x86_64-w64-mingw32/5.3.0/../../../../x86_64-w64-mingw32/lib/../lib/crt2.o (__mingw_setusermatherr)
C:/Program Files/mingw-w64/x86_64-5.3.0-posix-seh-rt_v4-rev0/mingw64/bin/../lib/gcc/x86_64-w64-mingw32/5.3.0/../../../../x86_64-w64-mingw32/lib/../lib/libmingw32.a(lib64_libmingw32_a-CRT_fp10.o)
                              C:/Program Files/mingw-w64/x86_64-5.3.0-posix-seh-rt_v4-rev0/mingw64/bin/../lib/gcc/x86_64-w64-mingw32/5.3.0/../../../../x86_64-w64-mingw32/lib/../lib/crt2.o (_fpreset)
[...]
Memory Configuration

Name             Origin             Length             Attributes
*default*        0x0000000000000000 0xffffffffffffffff

Linker script and memory map

                0x0000000000400000                __image_base__ = 0x400000
                0x0000000000000000                __dll__ = 0x0
                0x0000000000400000                __ImageBase = 0x400000
                0x0000000000001000                __section_alignment__ = 0x1000
                0x0000000000000200                __file_alignment__ = 0x200
                0x0000000000000004                __major_os_version__ = 0x4
                0x0000000000000000                __minor_os_version__ = 0x0
                0x0000000000000000                __major_image_version__ = 0x0
                0x0000000000000000                __minor_image_version__ = 0x0
                0x0000000000000005                __major_subsystem_version__ = 0x5
                0x0000000000000002                __minor_subsystem_version__ = 0x2
                0x0000000000000003                __subsystem__ = 0x3
                0x0000000000200000                __size_of_stack_reserve__ = 0x200000
                0x0000000000001000                __size_of_stack_commit__ = 0x1000
                0x0000000000100000                __size_of_heap_reserve__ = 0x100000
                0x0000000000001000                __size_of_heap_commit__ = 0x1000
                0x0000000000000000                __loader_flags__ = 0x0
                0x0000000000000000                __dll_characteristics__ = 0x0
LOAD C:/Program Files/mingw-w64/x86_64-5.3.0-posix-seh-rt_v4-rev0/mingw64/bin/../lib/gcc/x86_64-w64-mingw32/5.3.0/../../../../x86_64-w64-mingw32/lib/../lib/crt2.o
LOAD C:/Program Files/mingw-w64/x86_64-5.3.0-posix-seh-rt_v4-rev0/mingw64/bin/../lib/gcc/x86_64-w64-mingw32/5.3.0/crtbegin.o
LOAD MinGW-w64R/main.o
LOAD MinGW-w64R/apiemu.o
LOAD MinGW-w64R/assemble.o
LOAD MinGW-w64R/assume.o
LOAD MinGW-w64R/atofloat.o
LOAD MinGW-w64R/backptch.o
LOAD MinGW-w64R/bin.o
LOAD MinGW-w64R/branch.o
LOAD MinGW-w64R/cmdline.o
LOAD MinGW-w64R/codegen.o
LOAD MinGW-w64R/coff.o
LOAD MinGW-w64R/condasm.o
LOAD MinGW-w64R/context.o
LOAD MinGW-w64R/cpumodel.o
LOAD MinGW-w64R/data.o
LOAD MinGW-w64R/dbgcv.o
LOAD MinGW-w64R/directiv.o
LOAD MinGW-w64R/elf.o
LOAD MinGW-w64R/end.o
LOAD MinGW-w64R/equate.o
LOAD MinGW-w64R/errmsg.o
LOAD MinGW-w64R/expans.o
LOAD MinGW-w64R/expreval.o
LOAD MinGW-w64R/extern.o
LOAD MinGW-w64R/fastpass.o
LOAD MinGW-w64R/fixup.o
LOAD MinGW-w64R/fpfixup.o
LOAD MinGW-w64R/hll.o
LOAD MinGW-w64R/input.o
LOAD MinGW-w64R/invoke.o
LOAD MinGW-w64R/label.o
LOAD MinGW-w64R/linnum.o
LOAD MinGW-w64R/listing.o
LOAD MinGW-w64R/loop.o
LOAD MinGW-w64R/lqueue.o
LOAD MinGW-w64R/macro.o
LOAD MinGW-w64R/mangle.o
LOAD MinGW-w64R/memalloc.o
LOAD MinGW-w64R/msgtext.o
LOAD MinGW-w64R/omf.o
LOAD MinGW-w64R/omffixup.o
LOAD MinGW-w64R/omfint.o
LOAD MinGW-w64R/option.o
LOAD MinGW-w64R/parser.o
LOAD MinGW-w64R/posndir.o
LOAD MinGW-w64R/preproc.o
LOAD MinGW-w64R/proc.o
LOAD MinGW-w64R/queue.o
LOAD MinGW-w64R/reswords.o
LOAD MinGW-w64R/safeseh.o
LOAD MinGW-w64R/segment.o
LOAD MinGW-w64R/simsegm.o
LOAD MinGW-w64R/string.o
LOAD MinGW-w64R/symbols.o
LOAD MinGW-w64R/tbyte.o
LOAD MinGW-w64R/tokenize.o
LOAD MinGW-w64R/types.o
LOAD C:/Program Files/mingw-w64/x86_64-5.3.0-posix-seh-rt_v4-rev0/mingw64/bin/../lib/gcc/x86_64-w64-mingw32/5.3.0/../../../../x86_64-w64-mingw32/lib/../lib/libmingw32.a
LOAD C:/Program Files/mingw-w64/x86_64-5.3.0-posix-seh-rt_v4-rev0/mingw64/bin/../lib/gcc/x86_64-w64-mingw32/5.3.0/libgcc.a
LOAD C:/Program Files/mingw-w64/x86_64-5.3.0-posix-seh-rt_v4-rev0/mingw64/bin/../lib/gcc/x86_64-w64-mingw32/5.3.0/libgcc_eh.a
LOAD C:/Program Files/mingw-w64/x86_64-5.3.0-posix-seh-rt_v4-rev0/mingw64/bin/../lib/gcc/x86_64-w64-mingw32/5.3.0/../../../../x86_64-w64-mingw32/lib/../lib/libmoldname.a
LOAD C:/Program Files/mingw-w64/x86_64-5.3.0-posix-seh-rt_v4-rev0/mingw64/bin/../lib/gcc/x86_64-w64-mingw32/5.3.0/../../../../x86_64-w64-mingw32/lib/../lib/libmingwex.a
LOAD C:/Program Files/mingw-w64/x86_64-5.3.0-posix-seh-rt_v4-rev0/mingw64/bin/../lib/gcc/x86_64-w64-mingw32/5.3.0/../../../../x86_64-w64-mingw32/lib/../lib/libmsvcrt.a
LOAD C:/Program Files/mingw-w64/x86_64-5.3.0-posix-seh-rt_v4-rev0/mingw64/bin/../lib/gcc/x86_64-w64-mingw32/5.3.0/../../../../x86_64-w64-mingw32/lib/../lib/libpthread.dll.a
LOAD C:/Program Files/mingw-w64/x86_64-5.3.0-posix-seh-rt_v4-rev0/mingw64/bin/../lib/gcc/x86_64-w64-mingw32/5.3.0/../../../../x86_64-w64-mingw32/lib/../lib/libadvapi32.a
LOAD C:/Program Files/mingw-w64/x86_64-5.3.0-posix-seh-rt_v4-rev0/mingw64/bin/../lib/gcc/x86_64-w64-mingw32/5.3.0/../../../../x86_64-w64-mingw32/lib/../lib/libshell32.a
LOAD C:/Program Files/mingw-w64/x86_64-5.3.0-posix-seh-rt_v4-rev0/mingw64/bin/../lib/gcc/x86_64-w64-mingw32/5.3.0/../../../../x86_64-w64-mingw32/lib/../lib/libuser32.a
LOAD C:/Program Files/mingw-w64/x86_64-5.3.0-posix-seh-rt_v4-rev0/mingw64/bin/../lib/gcc/x86_64-w64-mingw32/5.3.0/../../../../x86_64-w64-mingw32/lib/../lib/libkernel32.a
LOAD C:/Program Files/mingw-w64/x86_64-5.3.0-posix-seh-rt_v4-rev0/mingw64/bin/../lib/gcc/x86_64-w64-mingw32/5.3.0/../../../../x86_64-w64-mingw32/lib/../lib/libiconv.a
LOAD C:/Program Files/mingw-w64/x86_64-5.3.0-posix-seh-rt_v4-rev0/mingw64/bin/../lib/gcc/x86_64-w64-mingw32/5.3.0/../../../../x86_64-w64-mingw32/lib/../lib/libmingw32.a
LOAD C:/Program Files/mingw-w64/x86_64-5.3.0-posix-seh-rt_v4-rev0/mingw64/bin/../lib/gcc/x86_64-w64-mingw32/5.3.0/libgcc.a
LOAD C:/Program Files/mingw-w64/x86_64-5.3.0-posix-seh-rt_v4-rev0/mingw64/bin/../lib/gcc/x86_64-w64-mingw32/5.3.0/libgcc_eh.a
LOAD C:/Program Files/mingw-w64/x86_64-5.3.0-posix-seh-rt_v4-rev0/mingw64/bin/../lib/gcc/x86_64-w64-mingw32/5.3.0/../../../../x86_64-w64-mingw32/lib/../lib/libmoldname.a
LOAD C:/Program Files/mingw-w64/x86_64-5.3.0-posix-seh-rt_v4-rev0/mingw64/bin/../lib/gcc/x86_64-w64-mingw32/5.3.0/../../../../x86_64-w64-mingw32/lib/../lib/libmingwex.a
LOAD C:/Program Files/mingw-w64/x86_64-5.3.0-posix-seh-rt_v4-rev0/mingw64/bin/../lib/gcc/x86_64-w64-mingw32/5.3.0/../../../../x86_64-w64-mingw32/lib/../lib/libmsvcrt.a
LOAD C:/Program Files/mingw-w64/x86_64-5.3.0-posix-seh-rt_v4-rev0/mingw64/bin/../lib/gcc/x86_64-w64-mingw32/5.3.0/crtend.o
                0x00000000000002f0                . = SIZEOF_HEADERS
                0x0000000000001000                . = ALIGN (__section_alignment__)

.text           0x0000000000401000    0x49400
 *(.init)
 *(.text)
 .text          0x0000000000401000      0x530 C:/Program Files/mingw-w64/x86_64-5.3.0-posix-seh-rt_v4-rev0/mingw64/bin/../lib/gcc/x86_64-w64-mingw32/5.3.0/../../../../x86_64-w64-mingw32/lib/../lib/crt2.o
                0x00000000004014d0                WinMainCRTStartup
                0x0000000000401500                mainCRTStartup
 .text          0x0000000000401530       0x80 C:/Program Files/mingw-w64/x86_64-5.3.0-posix-seh-rt_v4-rev0/mingw64/bin/../lib/gcc/x86_64-w64-mingw32/5.3.0/crtbegin.o
                0x0000000000401530                .weak._Jv_RegisterClasses.__gcc_register_frame
                0x0000000000401540                __gcc_register_frame
                0x00000000004015a0                __gcc_deregister_frame
 .text          0x00000000004015b0       0x30 MinGW-w64R/main.o
 .text          0x00000000004015e0        0x0 MinGW-w64R/apiemu.o
 .text          0x00000000004015e0     0x1950 MinGW-w64R/assemble.o
                0x00000000004019b0                ConvertSectionName
                0x0000000000401ad0                OutputByte
                0x0000000000401b90                OutputBinBytes
                0x0000000000401c90                FillDataBytes
                0x0000000000401cd0                OutputBytes
                0x0000000000401dd0                SetCurrOffset
                0x0000000000401ec0                WritePreprocessedLine
                0x0000000000401f40                SetMasm510
                0x0000000000401fc0                close_files
                0x00000000004020e0                AssembleModule
 .text          0x0000000000402f30      0xd90 MinGW-w64R/assume.o
                0x0000000000402f30                SetSegAssumeTable
                0x0000000000402fc0                GetSegAssumeTable
                0x0000000000403050                SetStdAssumeTable
                0x00000000004030c0                GetStdAssumeTable
                0x0000000000403130                AssumeSaveState
                0x00000000004031f0                AssumeInit
                0x0000000000403340                ModelAssumeInit
                0x0000000000403470                GetStdAssume
                0x00000000004034a0                GetStdAssumeEx
                0x00000000004034c0                AssumeDirective
                0x0000000000403a80                search_assume
                0x0000000000403ba0                GetOverrideAssume
                0x0000000000403bd0                GetAssume
 .text          0x0000000000403cc0      0x1f0 MinGW-w64R/atofloat.o
                0x0000000000403cc0                atofloat
 .text          0x0000000000403eb0      0x2f0 MinGW-w64R/backptch.o
                0x0000000000403eb0                BackPatch
 .text          0x00000000004041a0     0x2720 MinGW-w64R/bin.o
                0x00000000004066e0                pe_create_PE_header
                0x0000000000406870                bin_init
 .text          0x00000000004068c0      0xc90 MinGW-w64R/branch.o
                0x00000000004069c0                process_branch
 .text          0x0000000000407550      0xf40 MinGW-w64R/cmdline.o
                0x0000000000407d30                ParseCmdline
                0x00000000004083f0                CmdlineFini
 .text          0x0000000000408490     0x36b0 MinGW-w64R/codegen.o
                0x0000000000408820                GetByteDisp
                0x00000000004089d0                Check4CompDisp8
                0x000000000040b890                codegen
 .text          0x000000000040bb40     0x20c0 MinGW-w64R/coff.o
                0x000000000040dbf0                coff_init
 .text          0x000000000040dc00     0x1130 MinGW-w64R/condasm.o
                0x000000000040dc80                conditional_assembly_prepare
                0x000000000040dde0                CondAsmDirective
                0x000000000040e550                ErrorDirective
                0x000000000040ecc0                CondCheckOpen
                0x000000000040ecf0                GetIfNestLevel
                0x000000000040ed00                SetIfNestLevel
                0x000000000040ed10                CondInit
 .text          0x000000000040ed30      0x630 MinGW-w64R/context.o
                0x000000000040ed30                ContextDirective
                0x000000000040f220                ContextSaveState
                0x000000000040f2b0                ContextInit
 .text          0x000000000040f360      0x8f0 MinGW-w64R/cpumodel.o
                0x000000000040f5b0                ModelDirective
                0x000000000040f930                SetCPU
                0x000000000040fc10                CpuDirective
 .text          0x000000000040fc50     0x21f0 MinGW-w64R/data.o
                0x00000000004117c0                data_dir
 .text          0x0000000000411e40     0x1b60 MinGW-w64R/dbgcv.o
                0x00000000004128e0                cv_write_debug_tables
 .text          0x00000000004139a0      0x980 MinGW-w64R/directiv.o
                0x00000000004139a0                StubDir
                0x00000000004139b0                IncludeDirective
                0x0000000000413a90                IncBinDirective
                0x0000000000413d70                AliasDirective
                0x0000000000413f50                RadixDirective
                0x0000000000414060                SegOrderDirective
                0x0000000000414120                EchoDirective
                0x0000000000414170                NameDirective
                0x00000000004141e0                IncludeLibDirective
 .text          0x0000000000414320     0x1950 MinGW-w64R/elf.o
                0x0000000000415c50                elf_init
 .text          0x0000000000415c70      0x660 MinGW-w64R/end.o
                0x0000000000415c70                StartupExitDirective
                0x0000000000416020                EndDirective
 .text          0x00000000004162d0      0xa00 MinGW-w64R/equate.o
                0x0000000000416400                EqualSgnDirective
                0x0000000000416790                CreateVariable
                0x0000000000416890                CreateConstant
                0x0000000000416c70                EquDirective
 .text          0x0000000000416cd0      0x610 MinGW-w64R/errmsg.o
                0x0000000000416ee0                write_logo
                0x0000000000416f00                PrintUsage
                0x0000000000416f70                ErrnoStr
                0x0000000000416fc0                Fatal
                0x0000000000417030                EmitErr
                0x00000000004171e0                PrintNote
                0x0000000000417220                EmitWarn
                0x00000000004172a0                EmitError
                0x00000000004172b0                WriteError
 .text          0x00000000004172e0     0x2d90 MinGW-w64R/expans.o
                0x00000000004175e0                myltoa
                0x0000000000417690                ExpandLine
                0x0000000000417b60                ExpandText
                0x0000000000418220                RunMacro
                0x0000000000419eb0                ExpandLineItems
                0x0000000000419fc0                ExpandLiterals
 .text          0x000000000041a070     0x4590 MinGW-w64R/expreval.o
                0x000000000041ba30                myatoi128
                0x000000000041e340                EvalOperand
                0x000000000041e590                EmitConstError
                0x000000000041e5d0                ExprEvalInit
 .text          0x000000000041e600     0x17b0 MinGW-w64R/extern.o
                0x000000000041e910                ExterndefDirective
                0x000000000041ef30                ProtoDirective
                0x000000000041efc0                MakeExtern
                0x000000000041f050                ExternDirective
                0x000000000041f610                CommDirective
                0x000000000041fb00                AddPublicData
                0x000000000041fb20                FreePubQueue
                0x000000000041fb30                PublicDirective
 .text          0x000000000041fdb0      0x3f0 MinGW-w64R/fastpass.o
                0x000000000041fdb0                StoreLine
                0x0000000000420040                SkipSavedState
                0x0000000000420050                SaveVariableState
                0x00000000004200d0                RestoreState
                0x0000000000420170                FastpassInit
 .text          0x00000000004201a0      0x2d0 MinGW-w64R/fixup.o
                0x00000000004201a0                CreateFixup
                0x0000000000420260                FreeFixup
                0x00000000004202c0                SetFixupFrame
                0x0000000000420370                store_fixup
 .text          0x0000000000420470      0x180 MinGW-w64R/fpfixup.o
                0x0000000000420470                AddFloatingPointEmulationFixup
 .text          0x00000000004205f0     0x3450 MinGW-w64R/hll.o
                0x0000000000422660                HllStartDir
                0x0000000000423000                HllEndDir
                0x00000000004235e0                HllExitDir
                0x00000000004239f0                HllCheckOpen
                0x0000000000423a20                HllInit
 .text          0x0000000000423a40      0xe20 MinGW-w64R/input.o
                0x0000000000423bd0                GetFNamePart
                0x0000000000423c20                GetExtPart
                0x0000000000423c90                GetFName
                0x0000000000423cb0                ClearSrcStack
                0x0000000000423d20                UpdateLineNumber
                0x0000000000423d60                GetLineNumber
                0x0000000000423da0                PushMacro
                0x0000000000423db0                get_curr_srcfile
                0x0000000000423df0                set_curr_srcfile
                0x0000000000423e10                SetLineNumber
                0x0000000000423e30                GetCurrSrcPos
                0x0000000000423e90                print_source_nesting_structure
                0x0000000000424000                SearchFile
                0x0000000000424320                GetTextLine
                0x00000000004244e0                AddStringToIncludePath
                0x00000000004245b0                PushInputStatus
                0x0000000000424680                PopInputStatus
                0x0000000000424720                InputInit
                0x00000000004247c0                InputPassInit
                0x0000000000424800                InputFini
 .text          0x0000000000424860     0x35b0 MinGW-w64R/invoke.o
                0x0000000000427700                InvokeDirective
 .text          0x0000000000427e10      0x5a0 MinGW-w64R/label.o
                0x0000000000427e10                LabelInit
                0x0000000000427e30                GetAnonymousLabel
                0x0000000000427e60                CreateLabel
                0x0000000000428130                LabelDirective
 .text          0x00000000004283b0      0x460 MinGW-w64R/linnum.o
                0x0000000000428450                AddLinnumDataRef
                0x00000000004287b0                QueueDeleteLinnum
                0x00000000004287d0                LinnumFini
                0x00000000004287f0                LinnumInit
 .text          0x0000000000428810     0x2140 MinGW-w64R/listing.o
                0x0000000000428b60                LstWrite
                0x0000000000429250                LstWriteSrcLine
                0x0000000000429260                LstPrintf
                0x00000000004292b0                LstNL
                0x0000000000429fc0                LstSetPosition
                0x000000000042a030                LstWriteCRef
                0x000000000042a5d0                ListingDirective
                0x000000000042a850                ListMacroDirective
                0x000000000042a8a0                LstInit
 .text          0x000000000042a950      0x820 MinGW-w64R/loop.o
                0x000000000042a950                LoopDirective
 .text          0x000000000042b170      0x350 MinGW-w64R/lqueue.o
                0x000000000042b170                DeleteLineQueue
                0x000000000042b1c0                AddLineQueue
                0x000000000042b240                AddLineQueueX
                0x000000000042b400                RunLineQueue
 .text          0x000000000042b4c0     0x12b0 MinGW-w64R/macro.o
                0x000000000042b520                fill_placeholders
                0x000000000042b650                StoreMacro
                0x000000000042c400                CreateMacro
                0x000000000042c470                ReleaseMacroData
                0x000000000042c4d0                MacroDir
                0x000000000042c600                PurgeDirective
                0x000000000042c6e0                MacroInit
 .text          0x000000000042c770      0x270 MinGW-w64R/mangle.o
                0x000000000042c930                Mangle
                0x000000000042c9d0                SetMangler
 .text          0x000000000042c9e0      0x170 MinGW-w64R/memalloc.o
                0x000000000042c9e0                MemInit
                0x000000000042ca00                MemFini
                0x000000000042ca50                LclAlloc
                0x000000000042cb10                MemAlloc
                0x000000000042cb40                MemFree
 .text          0x000000000042cb50       0x50 MinGW-w64R/msgtext.o
                0x000000000042cb50                MsgGetEx
 .text          0x000000000042cba0     0x1f90 MinGW-w64R/omf.o
                0x000000000042e6c0                omf_GetGrpIdx
                0x000000000042e6e0                omf_OutSelect
                0x000000000042e8d0                omf_FlushCurrSeg
                0x000000000042e9f0                omf_check_flush
                0x000000000042eac0                omf_set_filepos
                0x000000000042eae0                omf_init
 .text          0x000000000042eb30      0x570 MinGW-w64R/omffixup.o
                0x000000000042ebf0                OmfFixGenFixModend
                0x000000000042eca0                OmfFixGenFix
 .text          0x000000000042f0a0      0x7b0 MinGW-w64R/omfint.o
                0x000000000042f810                omf_write_record
 .text          0x000000000042f850     0x1490 MinGW-w64R/option.o
                0x0000000000430b70                OptionDirective
 .text          0x0000000000430ce0     0x5040 MinGW-w64R/parser.o
                0x0000000000431830                sym_add_table
                0x0000000000431870                sym_remove_table
                0x00000000004318d0                sym_ext2int
                0x0000000000431970                GetLangType
                0x00000000004319b0                SizeFromRegister
                0x0000000000431a50                SizeFromMemtype
                0x0000000000431a70                MemtypeFromSize
                0x0000000000431ae0                OperandSize
                0x0000000000431bd0                set_frame
                0x0000000000431bf0                set_frame2
                0x0000000000431c10                segm_override
                0x0000000000432d80                idata_fixup
                0x0000000000433820                ParseLine
                0x0000000000435ca0                ProcessFile
 .text          0x0000000000435d20      0x5a0 MinGW-w64R/posndir.o
                0x0000000000435e40                OrgDirective
                0x0000000000435fc0                AlignCurrOffset
                0x0000000000435ff0                AlignDirective
 .text          0x00000000004362c0      0x330 MinGW-w64R/preproc.o
                0x00000000004362c0                WriteCodeLabel
                0x0000000000436380                PreprocessLine
 .text          0x00000000004365f0     0x51d0 MinGW-w64R/proc.o
                0x0000000000437a80                LocalDir
                0x0000000000437ef0                UpdateStackBase
                0x0000000000437f30                UpdateProcStatus
                0x0000000000437f50                ParseProc
                0x00000000004390e0                CreateProc
                0x0000000000439240                DeleteProc
                0x0000000000439280                ProcDir
                0x0000000000439840                CopyPrototype
                0x00000000004399e0                EndpDir
                0x0000000000439a70                ExcFrameDirective
                0x000000000043a180                ProcCheckOpen
                0x000000000043a1d0                write_prologue
                0x000000000043ad80                RetInstr
                0x000000000043b740                ProcInit
 .text          0x000000000043b7c0       0x90 MinGW-w64R/queue.o
                0x000000000043b7c0                QEnqueue
                0x000000000043b7f0                QAddItem
 .text          0x000000000043b850      0xa50 MinGW-w64R/reswords.o
                0x000000000043ba40                FindResWord
                0x000000000043bb30                RenameKeyword
                0x000000000043bce0                Set64Bit
                0x000000000043bfe0                DisableKeyword
                0x000000000043c070                IsKeywordDisabled
                0x000000000043c0f0                GetResWName
                0x000000000043c140                ResWordsInit
                0x000000000043c1d0                ResWordsFini
 .text          0x000000000043c2a0      0x180 MinGW-w64R/safeseh.o
                0x000000000043c2a0                SafeSEHDirective
 .text          0x000000000043c420     0x1e80 MinGW-w64R/segment.o
                0x000000000043c850                UpdateCurPC
                0x000000000043c8c0                GetCurrOffset
                0x000000000043c8f0                GetCurrSegAlign
                0x000000000043c930                DeleteGroup
                0x000000000043c940                GrpDir
                0x000000000043cc10                UpdateWordSize
                0x000000000043cc30                SetOfssize
                0x000000000043ccd0                DefineFlatGroup
                0x000000000043cd20                GetSegIdx
                0x000000000043cd40                GetGroup
                0x000000000043cd60                GetSymOfssize
                0x000000000043cdd0                SetSymSegOfs
                0x000000000043ce00                TypeFromClassName
                0x000000000043cf70                CreateIntSegment
                0x000000000043d080                EndsDir
                0x000000000043d130                SegmentDir
                0x000000000043ddf0                SortSegments
                0x000000000043df10                SegmentModuleExit
                0x000000000043df70                SegmentFini
                0x000000000043dfc0                SegmentInit
                0x000000000043e240                SegmentSaveState
 .text          0x000000000043e2a0      0x8c0 MinGW-w64R/simsegm.o
                0x000000000043e4f0                SimGetSegName
                0x000000000043e500                GetCodeClass
                0x000000000043e520                SimplifiedSegDir
                0x000000000043e890                SetModelDefaultSegNames
                0x000000000043ea10                ModelSimSegmInit
                0x000000000043eb10                ModelSimSegmExit
 .text          0x000000000043eb60      0xf70 MinGW-w64R/string.o
                0x000000000043ef10                TextItemError
                0x000000000043ef80                CatStrDir
                0x000000000043f170                SetTextMacro
                0x000000000043f2e0                AddPredefinedText
                0x000000000043f320                SubStrDir
                0x000000000043f600                SizeStrDir
                0x000000000043f6a0                InStrDir
                0x000000000043f8e0                StringInit
 .text          0x000000000043fad0      0x9d0 MinGW-w64R/symbols.o
                0x000000000043fad0                SymSetCmpFunc
                0x000000000043fb00                SymClearLocal
                0x000000000043fb20                SymGetLocal
                0x000000000043fb60                SymSetLocal
                0x000000000043fc00                SymAlloc
                0x000000000043fd00                SymFind
                0x000000000043fea0                SymLookup
                0x000000000043fee0                SymLookupLocal
                0x000000000043ff50                SymFree
                0x000000000043ffd0                SymAddLocal
                0x0000000000440060                SymAddGlobal
                0x00000000004400c0                SymCreate
                0x0000000000440110                SymLCreate
                0x0000000000440160                SymMakeAllSymbolsPublic
                0x00000000004401e0                SymFini
                0x00000000004401f0                SymInit
                0x0000000000440380                SymPassInit
                0x00000000004403e0                SymGetCount
                0x00000000004403f0                SymGetAll
                0x0000000000440430                SymEnum
 .text          0x00000000004404a0      0x870 MinGW-w64R/tbyte.o
                0x0000000000440500                strtotb
 .text          0x0000000000440d10     0x19a0 MinGW-w64R/tokenize.o
                0x0000000000440e00                get_broads
                0x0000000000440f00                get_decos
                0x0000000000441360                GetToken
                0x0000000000442170                Tokenize
 .text          0x00000000004426b0     0x1f80 MinGW-w64R/types.o
                0x0000000000442750                TypesInit
                0x0000000000442770                CreateTypeSymbol
                0x00000000004427f0                SearchNameInStruct
                0x0000000000442980                StructDirective
                0x0000000000442e20                CreateStructField
                0x0000000000443290                EndstructDirective
                0x00000000004435d0                AlignInStruct
                0x0000000000443600                UpdateStructSize
                0x0000000000443630                SetStructCurrentOffset
                0x0000000000443660                GetQualifiedType
                0x0000000000443a80                TypedefDirective
                0x0000000000443fc0                RecordDirective
                0x0000000000444610                DeleteType
 .text          0x0000000000444630       0xd0 C:/Program Files/mingw-w64/x86_64-5.3.0-posix-seh-rt_v4-rev0/mingw64/bin/../lib/gcc/x86_64-w64-mingw32/5.3.0/../../../../x86_64-w64-mingw32/lib/../lib/libmingw32.a(lib64_libmingw32_a-atonexit.o)
                0x0000000000444630                mingw_onexit
                0x00000000004446e0                atexit
 .text          0x0000000000444700       0xc0 C:/Program Files/mingw-w64/x86_64-5.3.0-posix-seh-rt_v4-rev0/mingw64/bin/../lib/gcc/x86_64-w64-mingw32/5.3.0/../../../../x86_64-w64-mingw32/lib/../lib/libmingw32.a(lib64_libmingw32_a-gccmain.o)
                0x0000000000444700                __do_global_dtors
                0x0000000000444740                __do_global_ctors
                0x00000000004447a0                __main
 .text          0x00000000004447c0        0x0 C:/Program Files/mingw-w64/x86_64-5.3.0-posix-seh-rt_v4-rev0/mingw64/bin/../lib/gcc/x86_64-w64-mingw32/5.3.0/../../../../x86_64-w64-mingw32/lib/../lib/libmingw32.a(lib64_libmingw32_a-natstart.o)
 .text          0x00000000004447c0        0x0 C:/Program Files/mingw-w64/x86_64-5.3.0-posix-seh-rt_v4-rev0/mingw64/bin/../lib/gcc/x86_64-w64-mingw32/5.3.0/../../../../x86_64-w64-mingw32/lib/../lib/libmingw32.a(lib64_libmingw32_a-wildcard.o)
 .text          0x00000000004447c0       0x10 C:/Program Files/mingw-w64/x86_64-5.3.0-posix-seh-rt_v4-rev0/mingw64/bin/../lib/gcc/x86_64-w64-mingw32/5.3.0/../../../../x86_64-w64-mingw32/lib/../lib/libmingw32.a(lib64_libmingw32_a-charmax.o)
 .text          0x00000000004447d0       0x10 C:/Program Files/mingw-w64/x86_64-5.3.0-posix-seh-rt_v4-rev0/mingw64/bin/../lib/gcc/x86_64-w64-mingw32/5.3.0/../../../../x86_64-w64-mingw32/lib/../lib/libmingw32.a(lib64_libmingw32_a-dllargv.o)
                0x00000000004447d0                _setargv
 .text          0x00000000004447e0      0x1e0 C:/Program Files/mingw-w64/x86_64-5.3.0-posix-seh-rt_v4-rev0/mingw64/bin/../lib/gcc/x86_64-w64-mingw32/5.3.0/../../../../x86_64-w64-mingw32/lib/../lib/libmingw32.a(lib64_libmingw32_a-gs_support.o)
                0x00000000004447e0                __security_init_cookie
                0x00000000004448c0                __report_gsfailure
 .text          0x00000000004449c0        0x0 C:/Program Files/mingw-w64/x86_64-5.3.0-posix-seh-rt_v4-rev0/mingw64/bin/../lib/gcc/x86_64-w64-mingw32/5.3.0/../../../../x86_64-w64-mingw32/lib/../lib/libmingw32.a(lib64_libmingw32_a-_newmode.o)
 .text          0x00000000004449c0       0xb0 C:/Program Files/mingw-w64/x86_64-5.3.0-posix-seh-rt_v4-rev0/mingw64/bin/../lib/gcc/x86_64-w64-mingw32/5.3.0/../../../../x86_64-w64-mingw32/lib/../lib/libmingw32.a(lib64_libmingw32_a-tlssup.o)
                0x00000000004449f0                __dyn_tls_init
                0x0000000000444a60                __tlregdtor
 .text          0x0000000000444a70        0x0 C:/Program Files/mingw-w64/x86_64-5.3.0-posix-seh-rt_v4-rev0/mingw64/bin/../lib/gcc/x86_64-w64-mingw32/5.3.0/../../../../x86_64-w64-mingw32/lib/../lib/libmingw32.a(lib64_libmingw32_a-cinitexe.o)
 .text          0x0000000000444a70      0x160 C:/Program Files/mingw-w64/x86_64-5.3.0-posix-seh-rt_v4-rev0/mingw64/bin/../lib/gcc/x86_64-w64-mingw32/5.3.0/../../../../x86_64-w64-mingw32/lib/../lib/libmingw32.a(lib64_libmingw32_a-merr.o)
                0x0000000000444a70                __mingw_raise_matherr
                0x0000000000444ac0                __mingw_setusermatherr
                0x0000000000444ad0                _matherr
 .text          0x0000000000444bd0       0x10 C:/Program Files/mingw-w64/x86_64-5.3.0-posix-seh-rt_v4-rev0/mingw64/bin/../lib/gcc/x86_64-w64-mingw32/5.3.0/../../../../x86_64-w64-mingw32/lib/../lib/libmingw32.a(lib64_libmingw32_a-CRT_fp10.o)
                0x0000000000444bd0                fpreset
                0x0000000000444bd0                _fpreset
 .text          0x0000000000444be0       0x20 C:/Program Files/mingw-w64/x86_64-5.3.0-posix-seh-rt_v4-rev0/mingw64/bin/../lib/gcc/x86_64-w64-mingw32/5.3.0/../../../../x86_64-w64-mingw32/lib/../lib/libmingw32.a(lib64_libmingw32_a-mingw_helpers.o)
                0x0000000000444be0                _decode_pointer
                0x0000000000444bf0                _encode_pointer
 .text          0x0000000000444c00      0x4e0 C:/Program Files/mingw-w64/x86_64-5.3.0-posix-seh-rt_v4-rev0/mingw64/bin/../lib/gcc/x86_64-w64-mingw32/5.3.0/../../../../x86_64-w64-mingw32/lib/../lib/libmingw32.a(lib64_libmingw32_a-pseudo-reloc.o)
                0x0000000000444de0                _pei386_runtime_relocator
 .text          0x00000000004450e0        0x0 C:/Program Files/mingw-w64/x86_64-5.3.0-posix-seh-rt_v4-rev0/mingw64/bin/../lib/gcc/x86_64-w64-mingw32/5.3.0/../../../../x86_64-w64-mingw32/lib/../lib/libmingw32.a(lib64_libmingw32_a-xtxtmode.o)
 .text          0x00000000004450e0      0x460 C:/Program Files/mingw-w64/x86_64-5.3.0-posix-seh-rt_v4-rev0/mingw64/bin/../lib/gcc/x86_64-w64-mingw32/5.3.0/../../../../x86_64-w64-mingw32/lib/../lib/libmingw32.a(lib64_libmingw32_a-crt_handler.o)
                0x00000000004450e0                __mingw_SEH_error_handler
                0x0000000000445290                __mingw_init_ehandler
                0x0000000000445380                _gnu_exception_handler
 .text          0x0000000000445540      0x270 C:/Program Files/mingw-w64/x86_64-5.3.0-posix-seh-rt_v4-rev0/mingw64/bin/../lib/gcc/x86_64-w64-mingw32/5.3.0/../../../../x86_64-w64-mingw32/lib/../lib/libmingw32.a(lib64_libmingw32_a-tlsthrd.o)
                0x00000000004455b0                ___w64_mingwthr_add_key_dtor
                0x0000000000445630                ___w64_mingwthr_remove_key_dtor
                0x00000000004456d0                __mingw_TLScallback
 .text          0x00000000004457b0        0x0 C:/Program Files/mingw-w64/x86_64-5.3.0-posix-seh-rt_v4-rev0/mingw64/bin/../lib/gcc/x86_64-w64-mingw32/5.3.0/../../../../x86_64-w64-mingw32/lib/../lib/libmingw32.a(lib64_libmingw32_a-tlsmcrt.o)
 .text          0x00000000004457b0        0x0 C:/Program Files/mingw-w64/x86_64-5.3.0-posix-seh-rt_v4-rev0/mingw64/bin/../lib/gcc/x86_64-w64-mingw32/5.3.0/../../../../x86_64-w64-mingw32/lib/../lib/libmingw32.a(lib64_libmingw32_a-pseudo-reloc-list.o)
 .text          0x00000000004457b0      0x3a0 C:/Program Files/mingw-w64/x86_64-5.3.0-posix-seh-rt_v4-rev0/mingw64/bin/../lib/gcc/x86_64-w64-mingw32/5.3.0/../../../../x86_64-w64-mingw32/lib/../lib/libmingw32.a(lib64_libmingw32_a-pesect.o)
                0x00000000004457d0                _ValidateImageBase
                0x00000000004457f0                _FindPESection
                0x0000000000445840                _FindPESectionByName
                0x00000000004458e0                __mingw_GetSectionForAddress
                0x0000000000445930                __mingw_GetSectionCount
                0x0000000000445970                _FindPESectionExec
                0x0000000000445a00                _GetPEImageBase
                0x0000000000445a40                _IsNonwritableInCurrentImage
                0x0000000000445aa0                __mingw_enum_import_library_names
 .text          0x0000000000445b50       0x40 C:/Program Files/mingw-w64/x86_64-5.3.0-posix-seh-rt_v4-rev0/mingw64/bin/../lib/gcc/x86_64-w64-mingw32/5.3.0/libgcc.a(_chkstk_ms.o)
                0x0000000000445b50                ___chkstk_ms
 .text          0x0000000000445b90        0x0 C:/Program Files/mingw-w64/x86_64-5.3.0-posix-seh-rt_v4-rev0/mingw64/bin/../lib/gcc/x86_64-w64-mingw32/5.3.0/libgcc.a(_ctors.o)
 .text          0x0000000000445b90       0xe0 C:/Program Files/mingw-w64/x86_64-5.3.0-posix-seh-rt_v4-rev0/mingw64/bin/../lib/gcc/x86_64-w64-mingw32/5.3.0/../../../../x86_64-w64-mingw32/lib/../lib/libmingwex.a(lib64_libmingwex_a-strtodnrp.o)
                0x0000000000445b90                __mingw_strtod
                0x0000000000445b90                __strtod
 .text          0x0000000000445c70       0x10 C:/Program Files/mingw-w64/x86_64-5.3.0-posix-seh-rt_v4-rev0/mingw64/bin/../lib/gcc/x86_64-w64-mingw32/5.3.0/../../../../x86_64-w64-mingw32/lib/../lib/libmingwex.a(lib64_libmingwex_a-mingw_getsp.o)
                0x0000000000445c70                mingw_getsp
                0x0000000000445c76                longjmp
 .text          0x0000000000445c80        0x0 C:/Program Files/mingw-w64/x86_64-5.3.0-posix-seh-rt_v4-rev0/mingw64/bin/../lib/gcc/x86_64-w64-mingw32/5.3.0/../../../../x86_64-w64-mingw32/lib/../lib/libmingwex.a(lib64_libmingwex_a-mingw_matherr.o)
 .text          0x0000000000445c80     0x20a0 C:/Program Files/mingw-w64/x86_64-5.3.0-posix-seh-rt_v4-rev0/mingw64/bin/../lib/gcc/x86_64-w64-mingw32/5.3.0/../../../../x86_64-w64-mingw32/lib/../lib/libmingwex.a(lib64_libmingwex_a-strtodg.o)
                0x0000000000445c80                __increment_D2A
                0x00000000004460f0                __decrement_D2A
                0x0000000000446130                __set_ones_D2A
                0x00000000004461e0                __strtodg
 .text          0x0000000000447d20      0x160 C:/Program Files/mingw-w64/x86_64-5.3.0-posix-seh-rt_v4-rev0/mingw64/bin/../lib/gcc/x86_64-w64-mingw32/5.3.0/../../../../x86_64-w64-mingw32/lib/../lib/libmingwex.a(lib64_libmingwex_a-sum.o)
                0x0000000000447d20                __sum_D2A
 .text          0x0000000000447e80      0x8d0 C:/Program Files/mingw-w64/x86_64-5.3.0-posix-seh-rt_v4-rev0/mingw64/bin/../lib/gcc/x86_64-w64-mingw32/5.3.0/../../../../x86_64-w64-mingw32/lib/../lib/libmingwex.a(lib64_libmingwex_a-gethex.o)
                0x0000000000447e80                __gethex_D2A
 .text          0x0000000000448750      0x140 C:/Program Files/mingw-w64/x86_64-5.3.0-posix-seh-rt_v4-rev0/mingw64/bin/../lib/gcc/x86_64-w64-mingw32/5.3.0/../../../../x86_64-w64-mingw32/lib/../lib/libmingwex.a(lib64_libmingwex_a-gmisc.o)
                0x0000000000448750                __rshift_D2A
                0x0000000000448850                __trailz_D2A
 .text          0x0000000000448890       0x90 C:/Program Files/mingw-w64/x86_64-5.3.0-posix-seh-rt_v4-rev0/mingw64/bin/../lib/gcc/x86_64-w64-mingw32/5.3.0/../../../../x86_64-w64-mingw32/lib/../lib/libmingwex.a(lib64_libmingwex_a-hd_init.o)
                0x0000000000448890                __mingw_hexdig_init_D2A
 .text          0x0000000000448920      0x3c0 C:/Program Files/mingw-w64/x86_64-5.3.0-posix-seh-rt_v4-rev0/mingw64/bin/../lib/gcc/x86_64-w64-mingw32/5.3.0/../../../../x86_64-w64-mingw32/lib/../lib/libmingwex.a(lib64_libmingwex_a-hexnan.o)
                0x0000000000448920                __hexnan_D2A
 .text          0x0000000000448ce0      0xb30 C:/Program Files/mingw-w64/x86_64-5.3.0-posix-seh-rt_v4-rev0/mingw64/bin/../lib/gcc/x86_64-w64-mingw32/5.3.0/../../../../x86_64-w64-mingw32/lib/../lib/libmingwex.a(lib64_libmingwex_a-misc.o)
                0x0000000000448e00                __Balloc_D2A
                0x0000000000448f10                __Bfree_D2A
                0x0000000000448f80                __multadd_D2A
                0x0000000000449040                __i2b_D2A
                0x0000000000449070                __mult_D2A
                0x00000000004491a0                __pow5mult_D2A
                0x0000000000449310                __lshift_D2A
                0x0000000000449430                __cmp_D2A
                0x0000000000449480                __diff_D2A
                0x00000000004495c0                __b2d_D2A
                0x00000000004496e0                __d2b_D2A
                0x00000000004497e0                __strcp_D2A
 .text          0x0000000000449810      0x310 C:/Program Files/mingw-w64/x86_64-5.3.0-posix-seh-rt_v4-rev0/mingw64/bin/../lib/gcc/x86_64-w64-mingw32/5.3.0/../../../../x86_64-w64-mingw32/lib/../lib/libmingwex.a(lib64_libmingwex_a-smisc.o)
                0x0000000000449810                __s2b_D2A
                0x0000000000449910                __ratio_D2A
                0x00000000004499d0                __match_D2A
                0x0000000000449a20                __copybits_D2A
                0x0000000000449a90                __any_on_D2A
 .text          0x0000000000449b20        0x8 C:/Program Files/mingw-w64/x86_64-5.3.0-posix-seh-rt_v4-rev0/mingw64/bin/../lib/gcc/x86_64-w64-mingw32/5.3.0/../../../../x86_64-w64-mingw32/lib/../lib/libmsvcrt.a(dkpfs01245.o)
                0x0000000000449b20                vsprintf
 .text          0x0000000000449b28        0x8 C:/Program Files/mingw-w64/x86_64-5.3.0-posix-seh-rt_v4-rev0/mingw64/bin/../lib/gcc/x86_64-w64-mingw32/5.3.0/../../../../x86_64-w64-mingw32/lib/../lib/libmsvcrt.a(dkpfs01239.o)
                0x0000000000449b28                vfprintf
 .text          0x0000000000449b30        0x8 C:/Program Files/mingw-w64/x86_64-5.3.0-posix-seh-rt_v4-rev0/mingw64/bin/../lib/gcc/x86_64-w64-mingw32/5.3.0/../../../../x86_64-w64-mingw32/lib/../lib/libmsvcrt.a(dkpfs01233.o)
                0x0000000000449b30                tolower
 .text          0x0000000000449b38        0x8 C:/Program Files/mingw-w64/x86_64-5.3.0-posix-seh-rt_v4-rev0/mingw64/bin/../lib/gcc/x86_64-w64-mingw32/5.3.0/../../../../x86_64-w64-mingw32/lib/../lib/libmsvcrt.a(dkpfs01215.o)
                0x0000000000449b38                strstr
 .text          0x0000000000449b40        0x8 C:/Program Files/mingw-w64/x86_64-5.3.0-posix-seh-rt_v4-rev0/mingw64/bin/../lib/gcc/x86_64-w64-mingw32/5.3.0/../../../../x86_64-w64-mingw32/lib/../lib/libmsvcrt.a(dkpfs01208.o)
                0x0000000000449b40                strncpy
 .text          0x0000000000449b48        0x8 C:/Program Files/mingw-w64/x86_64-5.3.0-posix-seh-rt_v4-rev0/mingw64/bin/../lib/gcc/x86_64-w64-mingw32/5.3.0/../../../../x86_64-w64-mingw32/lib/../lib/libmsvcrt.a(dkpfs01207.o)
                0x0000000000449b48                strncmp
 .text          0x0000000000449b50        0x8 C:/Program Files/mingw-w64/x86_64-5.3.0-posix-seh-rt_v4-rev0/mingw64/bin/../lib/gcc/x86_64-w64-mingw32/5.3.0/../../../../x86_64-w64-mingw32/lib/../lib/libmsvcrt.a(dkpfs01204.o)
                0x0000000000449b50                strlen
 .text          0x0000000000449b58        0x8 C:/Program Files/mingw-w64/x86_64-5.3.0-posix-seh-rt_v4-rev0/mingw64/bin/../lib/gcc/x86_64-w64-mingw32/5.3.0/../../../../x86_64-w64-mingw32/lib/../lib/libmsvcrt.a(dkpfs01199.o)
                0x0000000000449b58                strcpy
 .text          0x0000000000449b60        0x8 C:/Program Files/mingw-w64/x86_64-5.3.0-posix-seh-rt_v4-rev0/mingw64/bin/../lib/gcc/x86_64-w64-mingw32/5.3.0/../../../../x86_64-w64-mingw32/lib/../lib/libmsvcrt.a(dkpfs01197.o)
                0x0000000000449b60                strcmp
 .text          0x0000000000449b68        0x8 C:/Program Files/mingw-w64/x86_64-5.3.0-posix-seh-rt_v4-rev0/mingw64/bin/../lib/gcc/x86_64-w64-mingw32/5.3.0/../../../../x86_64-w64-mingw32/lib/../lib/libmsvcrt.a(dkpfs01196.o)
                0x0000000000449b68                strchr
 .text          0x0000000000449b70        0x8 C:/Program Files/mingw-w64/x86_64-5.3.0-posix-seh-rt_v4-rev0/mingw64/bin/../lib/gcc/x86_64-w64-mingw32/5.3.0/../../../../x86_64-w64-mingw32/lib/../lib/libmsvcrt.a(dkpfs01194.o)
                0x0000000000449b70                strcat
 .text          0x0000000000449b78        0x8 C:/Program Files/mingw-w64/x86_64-5.3.0-posix-seh-rt_v4-rev0/mingw64/bin/../lib/gcc/x86_64-w64-mingw32/5.3.0/../../../../x86_64-w64-mingw32/lib/../lib/libmsvcrt.a(dkpfs01188.o)
                0x0000000000449b78                sprintf
 .text          0x0000000000449b80        0x8 C:/Program Files/mingw-w64/x86_64-5.3.0-posix-seh-rt_v4-rev0/mingw64/bin/../lib/gcc/x86_64-w64-mingw32/5.3.0/../../../../x86_64-w64-mingw32/lib/../lib/libmsvcrt.a(dkpfs01183.o)
                0x0000000000449b80                signal
 .text          0x0000000000449b88        0x8 C:/Program Files/mingw-w64/x86_64-5.3.0-posix-seh-rt_v4-rev0/mingw64/bin/../lib/gcc/x86_64-w64-mingw32/5.3.0/../../../../x86_64-w64-mingw32/lib/../lib/libmsvcrt.a(dkpfs01176.o)
                0x0000000000449b88                rewind
 .text          0x0000000000449b90        0x8 C:/Program Files/mingw-w64/x86_64-5.3.0-posix-seh-rt_v4-rev0/mingw64/bin/../lib/gcc/x86_64-w64-mingw32/5.3.0/../../../../x86_64-w64-mingw32/lib/../lib/libmsvcrt.a(dkpfs01174.o)
                0x0000000000449b90                remove
 .text          0x0000000000449b98        0x8 C:/Program Files/mingw-w64/x86_64-5.3.0-posix-seh-rt_v4-rev0/mingw64/bin/../lib/gcc/x86_64-w64-mingw32/5.3.0/../../../../x86_64-w64-mingw32/lib/../lib/libmsvcrt.a(dkpfs01169.o)
                0x0000000000449b98                qsort
 .text          0x0000000000449ba0        0x8 C:/Program Files/mingw-w64/x86_64-5.3.0-posix-seh-rt_v4-rev0/mingw64/bin/../lib/gcc/x86_64-w64-mingw32/5.3.0/../../../../x86_64-w64-mingw32/lib/../lib/libmsvcrt.a(dkpfs01166.o)
                0x0000000000449ba0                puts
 .text          0x0000000000449ba8        0x8 C:/Program Files/mingw-w64/x86_64-5.3.0-posix-seh-rt_v4-rev0/mingw64/bin/../lib/gcc/x86_64-w64-mingw32/5.3.0/../../../../x86_64-w64-mingw32/lib/../lib/libmsvcrt.a(dkpfs01165.o)
                0x0000000000449ba8                putchar
 .text          0x0000000000449bb0        0x8 C:/Program Files/mingw-w64/x86_64-5.3.0-posix-seh-rt_v4-rev0/mingw64/bin/../lib/gcc/x86_64-w64-mingw32/5.3.0/../../../../x86_64-w64-mingw32/lib/../lib/libmsvcrt.a(dkpfs01162.o)
                0x0000000000449bb0                printf
 .text          0x0000000000449bb8        0x8 C:/Program Files/mingw-w64/x86_64-5.3.0-posix-seh-rt_v4-rev0/mingw64/bin/../lib/gcc/x86_64-w64-mingw32/5.3.0/../../../../x86_64-w64-mingw32/lib/../lib/libmsvcrt.a(dkpfs01155.o)
                0x0000000000449bb8                memset
 .text          0x0000000000449bc0        0x8 C:/Program Files/mingw-w64/x86_64-5.3.0-posix-seh-rt_v4-rev0/mingw64/bin/../lib/gcc/x86_64-w64-mingw32/5.3.0/../../../../x86_64-w64-mingw32/lib/../lib/libmsvcrt.a(dkpfs01154.o)
                0x0000000000449bc0                memmove
 .text          0x0000000000449bc8        0x8 C:/Program Files/mingw-w64/x86_64-5.3.0-posix-seh-rt_v4-rev0/mingw64/bin/../lib/gcc/x86_64-w64-mingw32/5.3.0/../../../../x86_64-w64-mingw32/lib/../lib/libmsvcrt.a(dkpfs01153.o)
                0x0000000000449bc8                memcpy
 .text          0x0000000000449bd0        0x8 C:/Program Files/mingw-w64/x86_64-5.3.0-posix-seh-rt_v4-rev0/mingw64/bin/../lib/gcc/x86_64-w64-mingw32/5.3.0/../../../../x86_64-w64-mingw32/lib/../lib/libmsvcrt.a(dkpfs01152.o)
                0x0000000000449bd0                memcmp
 .text          0x0000000000449bd8        0x8 C:/Program Files/mingw-w64/x86_64-5.3.0-posix-seh-rt_v4-rev0/mingw64/bin/../lib/gcc/x86_64-w64-mingw32/5.3.0/../../../../x86_64-w64-mingw32/lib/../lib/libmsvcrt.a(dkpfs01145.o)
                0x0000000000449bd8                malloc
 .text          0x0000000000449be0        0x0 C:/Program Files/mingw-w64/x86_64-5.3.0-posix-seh-rt_v4-rev0/mingw64/bin/../lib/gcc/x86_64-w64-mingw32/5.3.0/../../../../x86_64-w64-mingw32/lib/../lib/libmsvcrt.a(dkpfs01144.o)
 .text          0x0000000000449be0        0x8 C:/Program Files/mingw-w64/x86_64-5.3.0-posix-seh-rt_v4-rev0/mingw64/bin/../lib/gcc/x86_64-w64-mingw32/5.3.0/../../../../x86_64-w64-mingw32/lib/../lib/libmsvcrt.a(dkpfs01138.o)
                0x0000000000449be0                localeconv
 .text          0x0000000000449be8        0x8 C:/Program Files/mingw-w64/x86_64-5.3.0-posix-seh-rt_v4-rev0/mingw64/bin/../lib/gcc/x86_64-w64-mingw32/5.3.0/../../../../x86_64-w64-mingw32/lib/../lib/libmsvcrt.a(dkpfs01118.o)
                0x0000000000449be8                isspace
 .text          0x0000000000449bf0        0x8 C:/Program Files/mingw-w64/x86_64-5.3.0-posix-seh-rt_v4-rev0/mingw64/bin/../lib/gcc/x86_64-w64-mingw32/5.3.0/../../../../x86_64-w64-mingw32/lib/../lib/libmsvcrt.a(dkpfs01110.o)
                0x0000000000449bf0                isalpha
 .text          0x0000000000449bf8        0x8 C:/Program Files/mingw-w64/x86_64-5.3.0-posix-seh-rt_v4-rev0/mingw64/bin/../lib/gcc/x86_64-w64-mingw32/5.3.0/../../../../x86_64-w64-mingw32/lib/../lib/libmsvcrt.a(dkpfs01109.o)
                0x0000000000449bf8                isalnum
 .text          0x0000000000449c00        0x8 C:/Program Files/mingw-w64/x86_64-5.3.0-posix-seh-rt_v4-rev0/mingw64/bin/../lib/gcc/x86_64-w64-mingw32/5.3.0/../../../../x86_64-w64-mingw32/lib/../lib/libmsvcrt.a(dkpfs01102.o)
                0x0000000000449c00                getenv
 .text          0x0000000000449c08        0x8 C:/Program Files/mingw-w64/x86_64-5.3.0-posix-seh-rt_v4-rev0/mingw64/bin/../lib/gcc/x86_64-w64-mingw32/5.3.0/../../../../x86_64-w64-mingw32/lib/../lib/libmsvcrt.a(dkpfs01100.o)
                0x0000000000449c08                getc
 .text          0x0000000000449c10        0x8 C:/Program Files/mingw-w64/x86_64-5.3.0-posix-seh-rt_v4-rev0/mingw64/bin/../lib/gcc/x86_64-w64-mingw32/5.3.0/../../../../x86_64-w64-mingw32/lib/../lib/libmsvcrt.a(dkpfs01097.o)
                0x0000000000449c10                fwrite
 .text          0x0000000000449c18        0x8 C:/Program Files/mingw-w64/x86_64-5.3.0-posix-seh-rt_v4-rev0/mingw64/bin/../lib/gcc/x86_64-w64-mingw32/5.3.0/../../../../x86_64-w64-mingw32/lib/../lib/libmsvcrt.a(dkpfs01094.o)
                0x0000000000449c18                ftell
 .text          0x0000000000449c20        0x8 C:/Program Files/mingw-w64/x86_64-5.3.0-posix-seh-rt_v4-rev0/mingw64/bin/../lib/gcc/x86_64-w64-mingw32/5.3.0/../../../../x86_64-w64-mingw32/lib/../lib/libmsvcrt.a(dkpfs01092.o)
                0x0000000000449c20                fseek
 .text          0x0000000000449c28        0x8 C:/Program Files/mingw-w64/x86_64-5.3.0-posix-seh-rt_v4-rev0/mingw64/bin/../lib/gcc/x86_64-w64-mingw32/5.3.0/../../../../x86_64-w64-mingw32/lib/../lib/libmsvcrt.a(dkpfs01086.o)
                0x0000000000449c28                free
 .text          0x0000000000449c30        0x8 C:/Program Files/mingw-w64/x86_64-5.3.0-posix-seh-rt_v4-rev0/mingw64/bin/../lib/gcc/x86_64-w64-mingw32/5.3.0/../../../../x86_64-w64-mingw32/lib/../lib/libmsvcrt.a(dkpfs01085.o)
                0x0000000000449c30                fread
 .text          0x0000000000449c38        0x8 C:/Program Files/mingw-w64/x86_64-5.3.0-posix-seh-rt_v4-rev0/mingw64/bin/../lib/gcc/x86_64-w64-mingw32/5.3.0/../../../../x86_64-w64-mingw32/lib/../lib/libmsvcrt.a(dkpfs01079.o)
                0x0000000000449c38                fprintf
 .text          0x0000000000449c40        0x8 C:/Program Files/mingw-w64/x86_64-5.3.0-posix-seh-rt_v4-rev0/mingw64/bin/../lib/gcc/x86_64-w64-mingw32/5.3.0/../../../../x86_64-w64-mingw32/lib/../lib/libmsvcrt.a(dkpfs01077.o)
                0x0000000000449c40                fopen
 .text          0x0000000000449c48        0x8 C:/Program Files/mingw-w64/x86_64-5.3.0-posix-seh-rt_v4-rev0/mingw64/bin/../lib/gcc/x86_64-w64-mingw32/5.3.0/../../../../x86_64-w64-mingw32/lib/../lib/libmsvcrt.a(dkpfs01067.o)
                0x0000000000449c48                fflush
 .text          0x0000000000449c50        0x8 C:/Program Files/mingw-w64/x86_64-5.3.0-posix-seh-rt_v4-rev0/mingw64/bin/../lib/gcc/x86_64-w64-mingw32/5.3.0/../../../../x86_64-w64-mingw32/lib/../lib/libmsvcrt.a(dkpfs01064.o)
                0x0000000000449c50                fclose
 .text          0x0000000000449c58        0x8 C:/Program Files/mingw-w64/x86_64-5.3.0-posix-seh-rt_v4-rev0/mingw64/bin/../lib/gcc/x86_64-w64-mingw32/5.3.0/../../../../x86_64-w64-mingw32/lib/../lib/libmsvcrt.a(dkpfs01060.o)
                0x0000000000449c58                exit
 .text          0x0000000000449c60        0x8 C:/Program Files/mingw-w64/x86_64-5.3.0-posix-seh-rt_v4-rev0/mingw64/bin/../lib/gcc/x86_64-w64-mingw32/5.3.0/../../../../x86_64-w64-mingw32/lib/../lib/libmsvcrt.a(dkpfs01052.o)
                0x0000000000449c60                clock
 .text          0x0000000000449c68        0x8 C:/Program Files/mingw-w64/x86_64-5.3.0-posix-seh-rt_v4-rev0/mingw64/bin/../lib/gcc/x86_64-w64-mingw32/5.3.0/../../../../x86_64-w64-mingw32/lib/../lib/libmsvcrt.a(dkpfs01047.o)
                0x0000000000449c68                calloc
 .text          0x0000000000449c70        0x8 C:/Program Files/mingw-w64/x86_64-5.3.0-posix-seh-rt_v4-rev0/mingw64/bin/../lib/gcc/x86_64-w64-mingw32/5.3.0/../../../../x86_64-w64-mingw32/lib/../lib/libmsvcrt.a(dkpfs01043.o)
                0x0000000000449c70                atoi
 .text          0x0000000000449c78        0x8 C:/Program Files/mingw-w64/x86_64-5.3.0-posix-seh-rt_v4-rev0/mingw64/bin/../lib/gcc/x86_64-w64-mingw32/5.3.0/../../../../x86_64-w64-mingw32/lib/../lib/libmsvcrt.a(dkpfs01030.o)
                0x0000000000449c78                abort
 .text          0x0000000000449c80        0x8 C:/Program Files/mingw-w64/x86_64-5.3.0-posix-seh-rt_v4-rev0/mingw64/bin/../lib/gcc/x86_64-w64-mingw32/5.3.0/../../../../x86_64-w64-mingw32/lib/../lib/libmsvcrt.a(dkpfs00819.o)
                0x0000000000449c80                _unlock
 .text          0x0000000000449c88        0x8 C:/Program Files/mingw-w64/x86_64-5.3.0-posix-seh-rt_v4-rev0/mingw64/bin/../lib/gcc/x86_64-w64-mingw32/5.3.0/../../../../x86_64-w64-mingw32/lib/../lib/libmsvcrt.a(dkpfs00788.o)
                0x0000000000449c88                _time64
 .text          0x0000000000449c90        0x8 C:/Program Files/mingw-w64/x86_64-5.3.0-posix-seh-rt_v4-rev0/mingw64/bin/../lib/gcc/x86_64-w64-mingw32/5.3.0/../../../../x86_64-w64-mingw32/lib/../lib/libmsvcrt.a(dkpfs00768.o)
                0x0000000000449c90                _strupr
 .text          0x0000000000449c98        0x8 C:/Program Files/mingw-w64/x86_64-5.3.0-posix-seh-rt_v4-rev0/mingw64/bin/../lib/gcc/x86_64-w64-mingw32/5.3.0/../../../../x86_64-w64-mingw32/lib/../lib/libmsvcrt.a(dkpfs00731.o)
                0x0000000000449c98                _stricmp
 .text          0x0000000000449ca0        0x8 C:/Program Files/mingw-w64/x86_64-5.3.0-posix-seh-rt_v4-rev0/mingw64/bin/../lib/gcc/x86_64-w64-mingw32/5.3.0/../../../../x86_64-w64-mingw32/lib/../lib/libmsvcrt.a(dkpfs00719.o)
                0x0000000000449ca0                _stat64
 .text          0x0000000000449ca8        0x8 C:/Program Files/mingw-w64/x86_64-5.3.0-posix-seh-rt_v4-rev0/mingw64/bin/../lib/gcc/x86_64-w64-mingw32/5.3.0/../../../../x86_64-w64-mingw32/lib/../lib/libmsvcrt.a(dkpfs00667.o)
                0x0000000000449ca8                _setjmp
 .text          0x0000000000449cb0        0x8 C:/Program Files/mingw-w64/x86_64-5.3.0-posix-seh-rt_v4-rev0/mingw64/bin/../lib/gcc/x86_64-w64-mingw32/5.3.0/../../../../x86_64-w64-mingw32/lib/../lib/libmsvcrt.a(dkpfs00611.o)
                0x0000000000449cb0                _onexit
 .text          0x0000000000449cb8        0x8 C:/Program Files/mingw-w64/x86_64-5.3.0-posix-seh-rt_v4-rev0/mingw64/bin/../lib/gcc/x86_64-w64-mingw32/5.3.0/../../../../x86_64-w64-mingw32/lib/../lib/libmsvcrt.a(dkpfs00599.o)
                0x0000000000449cb8                _memicmp
 .text          0x0000000000449cc0        0x8 C:/Program Files/mingw-w64/x86_64-5.3.0-posix-seh-rt_v4-rev0/mingw64/bin/../lib/gcc/x86_64-w64-mingw32/5.3.0/../../../../x86_64-w64-mingw32/lib/../lib/libmsvcrt.a(dkpfs00439.o)
                0x0000000000449cc0                _lock
 .text          0x0000000000449cc8        0x8 C:/Program Files/mingw-w64/x86_64-5.3.0-posix-seh-rt_v4-rev0/mingw64/bin/../lib/gcc/x86_64-w64-mingw32/5.3.0/../../../../x86_64-w64-mingw32/lib/../lib/libmsvcrt.a(dkpfs00438.o)
                0x0000000000449cc8                _localtime64
 .text          0x0000000000449cd0        0x8 C:/Program Files/mingw-w64/x86_64-5.3.0-posix-seh-rt_v4-rev0/mingw64/bin/../lib/gcc/x86_64-w64-mingw32/5.3.0/../../../../x86_64-w64-mingw32/lib/../lib/libmsvcrt.a(dkpfs00330.o)
                0x0000000000449cd0                _initterm
 .text          0x0000000000449cd8        0x0 C:/Program Files/mingw-w64/x86_64-5.3.0-posix-seh-rt_v4-rev0/mingw64/bin/../lib/gcc/x86_64-w64-mingw32/5.3.0/../../../../x86_64-w64-mingw32/lib/../lib/libmsvcrt.a(dkpfs00251.o)
 .text          0x0000000000449cd8        0x8 C:/Program Files/mingw-w64/x86_64-5.3.0-posix-seh-rt_v4-rev0/mingw64/bin/../lib/gcc/x86_64-w64-mingw32/5.3.0/../../../../x86_64-w64-mingw32/lib/../lib/libmsvcrt.a(dkpfs00242.o)
                0x0000000000449cd8                _findnext64
 .text          0x0000000000449ce0        0x8 C:/Program Files/mingw-w64/x86_64-5.3.0-posix-seh-rt_v4-rev0/mingw64/bin/../lib/gcc/x86_64-w64-mingw32/5.3.0/../../../../x86_64-w64-mingw32/lib/../lib/libmsvcrt.a(dkpfs00238.o)
                0x0000000000449ce0                _findfirst64
 .text          0x0000000000449ce8        0x8 C:/Program Files/mingw-w64/x86_64-5.3.0-posix-seh-rt_v4-rev0/mingw64/bin/../lib/gcc/x86_64-w64-mingw32/5.3.0/../../../../x86_64-w64-mingw32/lib/../lib/libmsvcrt.a(dkpfs00235.o)
                0x0000000000449ce8                _findclose
 .text          0x0000000000449cf0        0x8 C:/Program Files/mingw-w64/x86_64-5.3.0-posix-seh-rt_v4-rev0/mingw64/bin/../lib/gcc/x86_64-w64-mingw32/5.3.0/../../../../x86_64-w64-mingw32/lib/../lib/libmsvcrt.a(dkpfs00234.o)
                0x0000000000449cf0                _fileno
 .text          0x0000000000449cf8        0x8 C:/Program Files/mingw-w64/x86_64-5.3.0-posix-seh-rt_v4-rev0/mingw64/bin/../lib/gcc/x86_64-w64-mingw32/5.3.0/../../../../x86_64-w64-mingw32/lib/../lib/libmsvcrt.a(dkpfs00201.o)
                0x0000000000449cf8                _errno
 .text          0x0000000000449d00        0x8 C:/Program Files/mingw-w64/x86_64-5.3.0-posix-seh-rt_v4-rev0/mingw64/bin/../lib/gcc/x86_64-w64-mingw32/5.3.0/../../../../x86_64-w64-mingw32/lib/../lib/libmsvcrt.a(dkpfs00149.o)
                0x0000000000449d00                _chsize
 .text          0x0000000000449d08        0x8 C:/Program Files/mingw-w64/x86_64-5.3.0-posix-seh-rt_v4-rev0/mingw64/bin/../lib/gcc/x86_64-w64-mingw32/5.3.0/../../../../x86_64-w64-mingw32/lib/../lib/libmsvcrt.a(dkpfs00140.o)
                0x0000000000449d08                _cexit
 .text          0x0000000000449d10        0x8 C:/Program Files/mingw-w64/x86_64-5.3.0-posix-seh-rt_v4-rev0/mingw64/bin/../lib/gcc/x86_64-w64-mingw32/5.3.0/../../../../x86_64-w64-mingw32/lib/../lib/libmsvcrt.a(dkpfs00122.o)
                0x0000000000449d10                _amsg_exit
 .text          0x0000000000449d18        0x0 C:/Program Files/mingw-w64/x86_64-5.3.0-posix-seh-rt_v4-rev0/mingw64/bin/../lib/gcc/x86_64-w64-mingw32/5.3.0/../../../../x86_64-w64-mingw32/lib/../lib/libmsvcrt.a(dkpfs00115.o)
 .text          0x0000000000449d18        0x8 C:/Program Files/mingw-w64/x86_64-5.3.0-posix-seh-rt_v4-rev0/mingw64/bin/../lib/gcc/x86_64-w64-mingw32/5.3.0/../../../../x86_64-w64-mingw32/lib/../lib/libmsvcrt.a(dkpfs00098.o)
                0x0000000000449d18                __setusermatherr
 .text          0x0000000000449d20        0x8 C:/Program Files/mingw-w64/x86_64-5.3.0-posix-seh-rt_v4-rev0/mingw64/bin/../lib/gcc/x86_64-w64-mingw32/5.3.0/../../../../x86_64-w64-mingw32/lib/../lib/libmsvcrt.a(dkpfs00096.o)
                0x0000000000449d20                __set_app_type
 .text          0x0000000000449d28        0x8 C:/Program Files/mingw-w64/x86_64-5.3.0-posix-seh-rt_v4-rev0/mingw64/bin/../lib/gcc/x86_64-w64-mingw32/5.3.0/../../../../x86_64-w64-mingw32/lib/../lib/libmsvcrt.a(dkpfs00090.o)
                0x0000000000449d28                __lconv_init
 .text          0x0000000000449d30        0x8 C:/Program Files/mingw-w64/x86_64-5.3.0-posix-seh-rt_v4-rev0/mingw64/bin/../lib/gcc/x86_64-w64-mingw32/5.3.0/../../../../x86_64-w64-mingw32/lib/../lib/libmsvcrt.a(dkpfs00083.o)
                0x0000000000449d30                __iob_func
 .text          0x0000000000449d38        0x0 C:/Program Files/mingw-w64/x86_64-5.3.0-posix-seh-rt_v4-rev0/mingw64/bin/../lib/gcc/x86_64-w64-mingw32/5.3.0/../../../../x86_64-w64-mingw32/lib/../lib/libmsvcrt.a(dkpfs00082.o)
 .text          0x0000000000449d38        0x8 C:/Program Files/mingw-w64/x86_64-5.3.0-posix-seh-rt_v4-rev0/mingw64/bin/../lib/gcc/x86_64-w64-mingw32/5.3.0/../../../../x86_64-w64-mingw32/lib/../lib/libmsvcrt.a(dkpfs00081.o)
                0x0000000000449d38                __getmainargs
 .text          0x0000000000449d40        0x8 C:/Program Files/mingw-w64/x86_64-5.3.0-posix-seh-rt_v4-rev0/mingw64/bin/../lib/gcc/x86_64-w64-mingw32/5.3.0/../../../../x86_64-w64-mingw32/lib/../lib/libmsvcrt.a(dkpfs00078.o)
                0x0000000000449d40                __dllonexit
 .text          0x0000000000449d48        0x8 C:/Program Files/mingw-w64/x86_64-5.3.0-posix-seh-rt_v4-rev0/mingw64/bin/../lib/gcc/x86_64-w64-mingw32/5.3.0/../../../../x86_64-w64-mingw32/lib/../lib/libmsvcrt.a(dkpfs00055.o)
                0x0000000000449d48                __C_specific_handler
 .text          0x0000000000449d50       0x20 C:/Program Files/mingw-w64/x86_64-5.3.0-posix-seh-rt_v4-rev0/mingw64/bin/../lib/gcc/x86_64-w64-mingw32/5.3.0/../../../../x86_64-w64-mingw32/lib/../lib/libmsvcrt.a(lib64_libmsvcrt_a-invalid_parameter_handler.o)
                0x0000000000449d50                _get_invalid_parameter_handler
                0x0000000000449d60                _set_invalid_parameter_handler
 .text          0x0000000000449d70        0x0 C:/Program Files/mingw-w64/x86_64-5.3.0-posix-seh-rt_v4-rev0/mingw64/bin/../lib/gcc/x86_64-w64-mingw32/5.3.0/../../../../x86_64-w64-mingw32/lib/../lib/libmsvcrt.a(dkpfh.o)
 .text          0x0000000000449d70        0x0 C:/Program Files/mingw-w64/x86_64-5.3.0-posix-seh-rt_v4-rev0/mingw64/bin/../lib/gcc/x86_64-w64-mingw32/5.3.0/../../../../x86_64-w64-mingw32/lib/../lib/libmsvcrt.a(dkpft.o)
 .text          0x0000000000449d70        0x8 C:/Program Files/mingw-w64/x86_64-5.3.0-posix-seh-rt_v4-rev0/mingw64/bin/../lib/gcc/x86_64-w64-mingw32/5.3.0/../../../../x86_64-w64-mingw32/lib/../lib/libkernel32.a(dqmfs01266.o)
                0x0000000000449d70                VirtualQuery
 .text          0x0000000000449d78        0x8 C:/Program Files/mingw-w64/x86_64-5.3.0-posix-seh-rt_v4-rev0/mingw64/bin/../lib/gcc/x86_64-w64-mingw32/5.3.0/../../../../x86_64-w64-mingw32/lib/../lib/libkernel32.a(dqmfs01264.o)
                0x0000000000449d78                VirtualProtect
 .text          0x0000000000449d80        0x8 C:/Program Files/mingw-w64/x86_64-5.3.0-posix-seh-rt_v4-rev0/mingw64/bin/../lib/gcc/x86_64-w64-mingw32/5.3.0/../../../../x86_64-w64-mingw32/lib/../lib/libkernel32.a(dqmfs01261.o)
                0x0000000000449d80                VirtualFree
 .text          0x0000000000449d88        0x8 C:/Program Files/mingw-w64/x86_64-5.3.0-posix-seh-rt_v4-rev0/mingw64/bin/../lib/gcc/x86_64-w64-mingw32/5.3.0/../../../../x86_64-w64-mingw32/lib/../lib/libkernel32.a(dqmfs01258.o)
                0x0000000000449d88                VirtualAlloc
 .text          0x0000000000449d90        0x8 C:/Program Files/mingw-w64/x86_64-5.3.0-posix-seh-rt_v4-rev0/mingw64/bin/../lib/gcc/x86_64-w64-mingw32/5.3.0/../../../../x86_64-w64-mingw32/lib/../lib/libkernel32.a(dqmfs01234.o)
                0x0000000000449d90                UnhandledExceptionFilter
 .text          0x0000000000449d98        0x8 C:/Program Files/mingw-w64/x86_64-5.3.0-posix-seh-rt_v4-rev0/mingw64/bin/../lib/gcc/x86_64-w64-mingw32/5.3.0/../../../../x86_64-w64-mingw32/lib/../lib/libkernel32.a(dqmfs01221.o)
                0x0000000000449d98                TlsGetValue
 .text          0x0000000000449da0        0x8 C:/Program Files/mingw-w64/x86_64-5.3.0-posix-seh-rt_v4-rev0/mingw64/bin/../lib/gcc/x86_64-w64-mingw32/5.3.0/../../../../x86_64-w64-mingw32/lib/../lib/libkernel32.a(dqmfs01214.o)
                0x0000000000449da0                TerminateProcess
 .text          0x0000000000449da8        0x8 C:/Program Files/mingw-w64/x86_64-5.3.0-posix-seh-rt_v4-rev0/mingw64/bin/../lib/gcc/x86_64-w64-mingw32/5.3.0/../../../../x86_64-w64-mingw32/lib/../lib/libkernel32.a(dqmfs01200.o)
                0x0000000000449da8                Sleep
 .text          0x0000000000449db0        0x8 C:/Program Files/mingw-w64/x86_64-5.3.0-posix-seh-rt_v4-rev0/mingw64/bin/../lib/gcc/x86_64-w64-mingw32/5.3.0/../../../../x86_64-w64-mingw32/lib/../lib/libkernel32.a(dqmfs01187.o)
                0x0000000000449db0                SetUnhandledExceptionFilter
 .text          0x0000000000449db8        0x8 C:/Program Files/mingw-w64/x86_64-5.3.0-posix-seh-rt_v4-rev0/mingw64/bin/../lib/gcc/x86_64-w64-mingw32/5.3.0/../../../../x86_64-w64-mingw32/lib/../lib/libkernel32.a(dqmfs01044.o)
                0x0000000000449db8                RtlVirtualUnwind
 .text          0x0000000000449dc0        0x8 C:/Program Files/mingw-w64/x86_64-5.3.0-posix-seh-rt_v4-rev0/mingw64/bin/../lib/gcc/x86_64-w64-mingw32/5.3.0/../../../../x86_64-w64-mingw32/lib/../lib/libkernel32.a(dqmfs01037.o)
                0x0000000000449dc0                RtlLookupFunctionEntry
 .text          0x0000000000449dc8        0x8 C:/Program Files/mingw-w64/x86_64-5.3.0-posix-seh-rt_v4-rev0/mingw64/bin/../lib/gcc/x86_64-w64-mingw32/5.3.0/../../../../x86_64-w64-mingw32/lib/../lib/libkernel32.a(dqmfs01030.o)
                0x0000000000449dc8                RtlCaptureContext
 .text          0x0000000000449dd0        0x8 C:/Program Files/mingw-w64/x86_64-5.3.0-posix-seh-rt_v4-rev0/mingw64/bin/../lib/gcc/x86_64-w64-mingw32/5.3.0/../../../../x86_64-w64-mingw32/lib/../lib/libkernel32.a(dqmfs01029.o)
                0x0000000000449dd0                RtlAddFunctionTable
 .text          0x0000000000449dd8        0x8 C:/Program Files/mingw-w64/x86_64-5.3.0-posix-seh-rt_v4-rev0/mingw64/bin/../lib/gcc/x86_64-w64-mingw32/5.3.0/../../../../x86_64-w64-mingw32/lib/../lib/libkernel32.a(dqmfs00958.o)
                0x0000000000449dd8                QueryPerformanceCounter
 .text          0x0000000000449de0        0x8 C:/Program Files/mingw-w64/x86_64-5.3.0-posix-seh-rt_v4-rev0/mingw64/bin/../lib/gcc/x86_64-w64-mingw32/5.3.0/../../../../x86_64-w64-mingw32/lib/../lib/libkernel32.a(dqmfs00844.o)
                0x0000000000449de0                LeaveCriticalSection
 .text          0x0000000000449de8        0x8 C:/Program Files/mingw-w64/x86_64-5.3.0-posix-seh-rt_v4-rev0/mingw64/bin/../lib/gcc/x86_64-w64-mingw32/5.3.0/../../../../x86_64-w64-mingw32/lib/../lib/libkernel32.a(dqmfs00762.o)
                0x0000000000449de8                InitializeCriticalSection
 .text          0x0000000000449df0        0x8 C:/Program Files/mingw-w64/x86_64-5.3.0-posix-seh-rt_v4-rev0/mingw64/bin/../lib/gcc/x86_64-w64-mingw32/5.3.0/../../../../x86_64-w64-mingw32/lib/../lib/libkernel32.a(dqmfs00678.o)
                0x0000000000449df0                GetTickCount
 .text          0x0000000000449df8        0x8 C:/Program Files/mingw-w64/x86_64-5.3.0-posix-seh-rt_v4-rev0/mingw64/bin/../lib/gcc/x86_64-w64-mingw32/5.3.0/../../../../x86_64-w64-mingw32/lib/../lib/libkernel32.a(dqmfs00651.o)
                0x0000000000449df8                GetSystemTimeAsFileTime
 .text          0x0000000000449e00        0x8 C:/Program Files/mingw-w64/x86_64-5.3.0-posix-seh-rt_v4-rev0/mingw64/bin/../lib/gcc/x86_64-w64-mingw32/5.3.0/../../../../x86_64-w64-mingw32/lib/../lib/libkernel32.a(dqmfs00628.o)
                0x0000000000449e00                GetStartupInfoA
 .text          0x0000000000449e08        0x8 C:/Program Files/mingw-w64/x86_64-5.3.0-posix-seh-rt_v4-rev0/mingw64/bin/../lib/gcc/x86_64-w64-mingw32/5.3.0/../../../../x86_64-w64-mingw32/lib/../lib/libkernel32.a(dqmfs00599.o)
                0x0000000000449e08                GetProcAddress
 .text          0x0000000000449e10        0x8 C:/Program Files/mingw-w64/x86_64-5.3.0-posix-seh-rt_v4-rev0/mingw64/bin/../lib/gcc/x86_64-w64-mingw32/5.3.0/../../../../x86_64-w64-mingw32/lib/../lib/libkernel32.a(dqmfs00549.o)
                0x0000000000449e10                GetModuleHandleA
 .text          0x0000000000449e18        0x8 C:/Program Files/mingw-w64/x86_64-5.3.0-posix-seh-rt_v4-rev0/mingw64/bin/../lib/gcc/x86_64-w64-mingw32/5.3.0/../../../../x86_64-w64-mingw32/lib/../lib/libkernel32.a(dqmfs00529.o)
                0x0000000000449e18                GetLastError
 .text          0x0000000000449e20        0x8 C:/Program Files/mingw-w64/x86_64-5.3.0-posix-seh-rt_v4-rev0/mingw64/bin/../lib/gcc/x86_64-w64-mingw32/5.3.0/../../../../x86_64-w64-mingw32/lib/../lib/libkernel32.a(dqmfs00467.o)
                0x0000000000449e20                GetCurrentThreadId
 .text          0x0000000000449e28        0x8 C:/Program Files/mingw-w64/x86_64-5.3.0-posix-seh-rt_v4-rev0/mingw64/bin/../lib/gcc/x86_64-w64-mingw32/5.3.0/../../../../x86_64-w64-mingw32/lib/../lib/libkernel32.a(dqmfs00463.o)
                0x0000000000449e28                GetCurrentProcessId
 .text          0x0000000000449e30        0x8 C:/Program Files/mingw-w64/x86_64-5.3.0-posix-seh-rt_v4-rev0/mingw64/bin/../lib/gcc/x86_64-w64-mingw32/5.3.0/../../../../x86_64-w64-mingw32/lib/../lib/libkernel32.a(dqmfs00462.o)
                0x0000000000449e30                GetCurrentProcess
 .text          0x0000000000449e38        0x8 C:/Program Files/mingw-w64/x86_64-5.3.0-posix-seh-rt_v4-rev0/mingw64/bin/../lib/gcc/x86_64-w64-mingw32/5.3.0/../../../../x86_64-w64-mingw32/lib/../lib/libkernel32.a(dqmfs00249.o)
                0x0000000000449e38                EnterCriticalSection
 .text          0x0000000000449e40        0x8 C:/Program Files/mingw-w64/x86_64-5.3.0-posix-seh-rt_v4-rev0/mingw64/bin/../lib/gcc/x86_64-w64-mingw32/5.3.0/../../../../x86_64-w64-mingw32/lib/../lib/libkernel32.a(dqmfs00216.o)
                0x0000000000449e40                DeleteCriticalSection
 *fill*         0x0000000000449e48        0x8 
 .text          0x0000000000449e50        0x0 C:/Program Files/mingw-w64/x86_64-5.3.0-posix-seh-rt_v4-rev0/mingw64/bin/../lib/gcc/x86_64-w64-mingw32/5.3.0/../../../../x86_64-w64-mingw32/lib/../lib/libkernel32.a(dqmfh.o)
 .text          0x0000000000449e50        0x0 C:/Program Files/mingw-w64/x86_64-5.3.0-posix-seh-rt_v4-rev0/mingw64/bin/../lib/gcc/x86_64-w64-mingw32/5.3.0/../../../../x86_64-w64-mingw32/lib/../lib/libkernel32.a(dqmft.o)
 .text          0x0000000000449e50        0x0 C:/Program Files/mingw-w64/x86_64-5.3.0-posix-seh-rt_v4-rev0/mingw64/bin/../lib/gcc/x86_64-w64-mingw32/5.3.0/crtend.o
 *(SORT(.text$*))
 *(.text.*)
 .text.unlikely
                0x0000000000449e50        0x0 C:/Program Files/mingw-w64/x86_64-5.3.0-posix-seh-rt_v4-rev0/mingw64/bin/../lib/gcc/x86_64-w64-mingw32/5.3.0/../../../../x86_64-w64-mingw32/lib/../lib/crt2.o
 .text.unlikely
                0x0000000000449e50        0x0 C:/Program Files/mingw-w64/x86_64-5.3.0-posix-seh-rt_v4-rev0/mingw64/bin/../lib/gcc/x86_64-w64-mingw32/5.3.0/crtbegin.o
 .text.unlikely
                0x0000000000449e50        0x0 MinGW-w64R/main.o
 .text.startup  0x0000000000449e50      0x2e0 MinGW-w64R/main.o
                0x0000000000449e50                main
 .text.unlikely
                0x000000000044a130        0x0 MinGW-w64R/assemble.o
 .text.unlikely
                0x000000000044a130        0x0 MinGW-w64R/assume.o
 .text.unlikely
                0x000000000044a130        0x0 MinGW-w64R/atofloat.o
 .text.unlikely
                0x000000000044a130        0x0 MinGW-w64R/backptch.o
 .text.unlikely
                0x000000000044a130        0x0 MinGW-w64R/bin.o
 .text.unlikely
                0x000000000044a130        0x0 MinGW-w64R/branch.o
 .text.unlikely
                0x000000000044a130        0x0 MinGW-w64R/cmdline.o
 .text.unlikely
                0x000000000044a130        0x0 MinGW-w64R/codegen.o
 .text.unlikely
                0x000000000044a130        0x0 MinGW-w64R/coff.o
 .text.unlikely
                0x000000000044a130        0x0 MinGW-w64R/condasm.o
 .text.unlikely
                0x000000000044a130        0x0 MinGW-w64R/context.o
 .text.unlikely
                0x000000000044a130        0x0 MinGW-w64R/cpumodel.o
 .text.unlikely
                0x000000000044a130       0x50 MinGW-w64R/data.o
 .text.unlikely
                0x000000000044a180        0x0 MinGW-w64R/dbgcv.o
 .text.unlikely
                0x000000000044a180        0x0 MinGW-w64R/directiv.o
 .text.unlikely
                0x000000000044a180        0x0 MinGW-w64R/elf.o
 .text.unlikely
                0x000000000044a180        0x0 MinGW-w64R/end.o
 .text.unlikely
                0x000000000044a180        0x0 MinGW-w64R/equate.o
 .text.unlikely
                0x000000000044a180        0x0 MinGW-w64R/errmsg.o
 .text.unlikely
                0x000000000044a180        0x0 MinGW-w64R/expans.o
 .text.unlikely
                0x000000000044a180       0xe0 MinGW-w64R/expreval.o
 .text.unlikely
                0x000000000044a260        0x0 MinGW-w64R/extern.o
 .text.unlikely
                0x000000000044a260        0x0 MinGW-w64R/fastpass.o
 .text.unlikely
                0x000000000044a260        0x0 MinGW-w64R/fixup.o
 .text.unlikely
                0x000000000044a260        0x0 MinGW-w64R/fpfixup.o
 .text.unlikely
                0x000000000044a260        0x0 MinGW-w64R/hll.o
 .text.unlikely
                0x000000000044a260        0x0 MinGW-w64R/input.o
 .text.unlikely
                0x000000000044a260        0x0 MinGW-w64R/invoke.o
 .text.unlikely
                0x000000000044a260        0x0 MinGW-w64R/label.o
 .text.unlikely
                0x000000000044a260        0x0 MinGW-w64R/linnum.o
 .text.unlikely
                0x000000000044a260        0x0 MinGW-w64R/listing.o
 .text.unlikely
                0x000000000044a260        0x0 MinGW-w64R/loop.o
 .text.unlikely
                0x000000000044a260        0x0 MinGW-w64R/lqueue.o
 .text.unlikely
                0x000000000044a260        0x0 MinGW-w64R/macro.o
 .text.unlikely
                0x000000000044a260        0x0 MinGW-w64R/mangle.o
 .text.unlikely
                0x000000000044a260        0x0 MinGW-w64R/memalloc.o
 .text.unlikely
                0x000000000044a260        0x0 MinGW-w64R/msgtext.o
 .text.unlikely
                0x000000000044a260        0x0 MinGW-w64R/omf.o
 .text.unlikely
                0x000000000044a260        0x0 MinGW-w64R/omffixup.o
 .text.unlikely
                0x000000000044a260        0x0 MinGW-w64R/omfint.o
 .text.unlikely
                0x000000000044a260        0x0 MinGW-w64R/option.o
 .text.unlikely
                0x000000000044a260        0x0 MinGW-w64R/parser.o
 .text.unlikely
                0x000000000044a260        0x0 MinGW-w64R/posndir.o
 .text.unlikely
                0x000000000044a260        0x0 MinGW-w64R/preproc.o
 .text.unlikely
                0x000000000044a260        0x0 MinGW-w64R/proc.o
 .text.unlikely
                0x000000000044a260        0x0 MinGW-w64R/queue.o
 .text.unlikely
                0x000000000044a260        0x0 MinGW-w64R/reswords.o
 .text.unlikely
                0x000000000044a260        0x0 MinGW-w64R/safeseh.o
 .text.unlikely
                0x000000000044a260        0x0 MinGW-w64R/segment.o
 .text.unlikely
                0x000000000044a260        0x0 MinGW-w64R/simsegm.o
 .text.unlikely
                0x000000000044a260        0x0 MinGW-w64R/string.o
 .text.unlikely
                0x000000000044a260        0x0 MinGW-w64R/symbols.o
 .text.unlikely
                0x000000000044a260        0x0 MinGW-w64R/tbyte.o
 .text.unlikely
                0x000000000044a260        0x0 MinGW-w64R/tokenize.o
 .text.unlikely
                0x000000000044a260        0x0 MinGW-w64R/types.o
 .text.unlikely
                0x000000000044a260        0x0 C:/Program Files/mingw-w64/x86_64-5.3.0-posix-seh-rt_v4-rev0/mingw64/bin/../lib/gcc/x86_64-w64-mingw32/5.3.0/../../../../x86_64-w64-mingw32/lib/../lib/libmingw32.a(lib64_libmingw32_a-atonexit.o)
 .text.unlikely
                0x000000000044a260        0x0 C:/Program Files/mingw-w64/x86_64-5.3.0-posix-seh-rt_v4-rev0/mingw64/bin/../lib/gcc/x86_64-w64-mingw32/5.3.0/../../../../x86_64-w64-mingw32/lib/../lib/libmingw32.a(lib64_libmingw32_a-gccmain.o)
 .text.unlikely
                0x000000000044a260        0x0 C:/Program Files/mingw-w64/x86_64-5.3.0-posix-seh-rt_v4-rev0/mingw64/bin/../lib/gcc/x86_64-w64-mingw32/5.3.0/../../../../x86_64-w64-mingw32/lib/../lib/libmingw32.a(lib64_libmingw32_a-charmax.o)
 .text.unlikely
                0x000000000044a260        0x0 C:/Program Files/mingw-w64/x86_64-5.3.0-posix-seh-rt_v4-rev0/mingw64/bin/../lib/gcc/x86_64-w64-mingw32/5.3.0/../../../../x86_64-w64-mingw32/lib/../lib/libmingw32.a(lib64_libmingw32_a-dllargv.o)
 .text.unlikely
                0x000000000044a260        0x0 C:/Program Files/mingw-w64/x86_64-5.3.0-posix-seh-rt_v4-rev0/mingw64/bin/../lib/gcc/x86_64-w64-mingw32/5.3.0/../../../../x86_64-w64-mingw32/lib/../lib/libmingw32.a(lib64_libmingw32_a-gs_support.o)
 .text.unlikely
                0x000000000044a260        0x0 C:/Program Files/mingw-w64/x86_64-5.3.0-posix-seh-rt_v4-rev0/mingw64/bin/../lib/gcc/x86_64-w64-mingw32/5.3.0/../../../../x86_64-w64-mingw32/lib/../lib/libmingw32.a(lib64_libmingw32_a-tlssup.o)
 .text.unlikely
                0x000000000044a260        0x0 C:/Program Files/mingw-w64/x86_64-5.3.0-posix-seh-rt_v4-rev0/mingw64/bin/../lib/gcc/x86_64-w64-mingw32/5.3.0/../../../../x86_64-w64-mingw32/lib/../lib/libmingw32.a(lib64_libmingw32_a-merr.o)
 .text.unlikely
                0x000000000044a260        0x0 C:/Program Files/mingw-w64/x86_64-5.3.0-posix-seh-rt_v4-rev0/mingw64/bin/../lib/gcc/x86_64-w64-mingw32/5.3.0/../../../../x86_64-w64-mingw32/lib/../lib/libmingw32.a(lib64_libmingw32_a-CRT_fp10.o)
 .text.unlikely
                0x000000000044a260        0x0 C:/Program Files/mingw-w64/x86_64-5.3.0-posix-seh-rt_v4-rev0/mingw64/bin/../lib/gcc/x86_64-w64-mingw32/5.3.0/../../../../x86_64-w64-mingw32/lib/../lib/libmingw32.a(lib64_libmingw32_a-mingw_helpers.o)
 .text.unlikely
                0x000000000044a260        0x0 C:/Program Files/mingw-w64/x86_64-5.3.0-posix-seh-rt_v4-rev0/mingw64/bin/../lib/gcc/x86_64-w64-mingw32/5.3.0/../../../../x86_64-w64-mingw32/lib/../lib/libmingw32.a(lib64_libmingw32_a-pseudo-reloc.o)
 .text.unlikely
                0x000000000044a260        0x0 C:/Program Files/mingw-w64/x86_64-5.3.0-posix-seh-rt_v4-rev0/mingw64/bin/../lib/gcc/x86_64-w64-mingw32/5.3.0/../../../../x86_64-w64-mingw32/lib/../lib/libmingw32.a(lib64_libmingw32_a-crt_handler.o)
 .text.unlikely
                0x000000000044a260        0x0 C:/Program Files/mingw-w64/x86_64-5.3.0-posix-seh-rt_v4-rev0/mingw64/bin/../lib/gcc/x86_64-w64-mingw32/5.3.0/../../../../x86_64-w64-mingw32/lib/../lib/libmingw32.a(lib64_libmingw32_a-tlsthrd.o)
 .text.unlikely
                0x000000000044a260        0x0 C:/Program Files/mingw-w64/x86_64-5.3.0-posix-seh-rt_v4-rev0/mingw64/bin/../lib/gcc/x86_64-w64-mingw32/5.3.0/../../../../x86_64-w64-mingw32/lib/../lib/libmingw32.a(lib64_libmingw32_a-pesect.o)
 .text.unlikely
                0x000000000044a260        0x0 C:/Program Files/mingw-w64/x86_64-5.3.0-posix-seh-rt_v4-rev0/mingw64/bin/../lib/gcc/x86_64-w64-mingw32/5.3.0/../../../../x86_64-w64-mingw32/lib/../lib/libmingwex.a(lib64_libmingwex_a-strtodnrp.o)
 .text.unlikely
                0x000000000044a260        0x0 C:/Program Files/mingw-w64/x86_64-5.3.0-posix-seh-rt_v4-rev0/mingw64/bin/../lib/gcc/x86_64-w64-mingw32/5.3.0/../../../../x86_64-w64-mingw32/lib/../lib/libmingwex.a(lib64_libmingwex_a-strtodg.o)
 .text.unlikely
                0x000000000044a260        0x0 C:/Program Files/mingw-w64/x86_64-5.3.0-posix-seh-rt_v4-rev0/mingw64/bin/../lib/gcc/x86_64-w64-mingw32/5.3.0/../../../../x86_64-w64-mingw32/lib/../lib/libmingwex.a(lib64_libmingwex_a-sum.o)
 .text.unlikely
                0x000000000044a260        0x0 C:/Program Files/mingw-w64/x86_64-5.3.0-posix-seh-rt_v4-rev0/mingw64/bin/../lib/gcc/x86_64-w64-mingw32/5.3.0/../../../../x86_64-w64-mingw32/lib/../lib/libmingwex.a(lib64_libmingwex_a-gethex.o)
 .text.unlikely
                0x000000000044a260        0x0 C:/Program Files/mingw-w64/x86_64-5.3.0-posix-seh-rt_v4-rev0/mingw64/bin/../lib/gcc/x86_64-w64-mingw32/5.3.0/../../../../x86_64-w64-mingw32/lib/../lib/libmingwex.a(lib64_libmingwex_a-gmisc.o)
 .text.unlikely
                0x000000000044a260        0x0 C:/Program Files/mingw-w64/x86_64-5.3.0-posix-seh-rt_v4-rev0/mingw64/bin/../lib/gcc/x86_64-w64-mingw32/5.3.0/../../../../x86_64-w64-mingw32/lib/../lib/libmingwex.a(lib64_libmingwex_a-hd_init.o)
 .text.unlikely
                0x000000000044a260        0x0 C:/Program Files/mingw-w64/x86_64-5.3.0-posix-seh-rt_v4-rev0/mingw64/bin/../lib/gcc/x86_64-w64-mingw32/5.3.0/../../../../x86_64-w64-mingw32/lib/../lib/libmingwex.a(lib64_libmingwex_a-hexnan.o)
 .text.unlikely
                0x000000000044a260        0x0 C:/Program Files/mingw-w64/x86_64-5.3.0-posix-seh-rt_v4-rev0/mingw64/bin/../lib/gcc/x86_64-w64-mingw32/5.3.0/../../../../x86_64-w64-mingw32/lib/../lib/libmingwex.a(lib64_libmingwex_a-misc.o)
 .text.unlikely
                0x000000000044a260        0x0 C:/Program Files/mingw-w64/x86_64-5.3.0-posix-seh-rt_v4-rev0/mingw64/bin/../lib/gcc/x86_64-w64-mingw32/5.3.0/../../../../x86_64-w64-mingw32/lib/../lib/libmingwex.a(lib64_libmingwex_a-smisc.o)
 .text.unlikely
                0x000000000044a260        0x0 C:/Program Files/mingw-w64/x86_64-5.3.0-posix-seh-rt_v4-rev0/mingw64/bin/../lib/gcc/x86_64-w64-mingw32/5.3.0/../../../../x86_64-w64-mingw32/lib/../lib/libmsvcrt.a(lib64_libmsvcrt_a-invalid_parameter_handler.o)
 .text.unlikely
                0x000000000044a260        0x0 C:/Program Files/mingw-w64/x86_64-5.3.0-posix-seh-rt_v4-rev0/mingw64/bin/../lib/gcc/x86_64-w64-mingw32/5.3.0/crtend.o
 .text.startup  0x000000000044a260       0x10 C:/Program Files/mingw-w64/x86_64-5.3.0-posix-seh-rt_v4-rev0/mingw64/bin/../lib/gcc/x86_64-w64-mingw32/5.3.0/crtend.o
 *(.gnu.linkonce.t.*)
 *(.glue_7t)
 *(.glue_7)
                0x000000000044a270                . = ALIGN (0x8)
                0x000000000044a270                ___CTOR_LIST__ = .
                0x000000000044a270                __CTOR_LIST__ = .
                0x000000000044a270        0x4 LONG 0xffffffffffffffff
                0x000000000044a274        0x4 LONG 0xffffffffffffffff
 *(.ctors)
 *(.ctor)
 *(SORT(.ctors.*))
 .ctors.65535   0x000000000044a278        0x8 C:/Program Files/mingw-w64/x86_64-5.3.0-posix-seh-rt_v4-rev0/mingw64/bin/../lib/gcc/x86_64-w64-mingw32/5.3.0/crtend.o
                0x000000000044a280        0x4 LONG 0x0
                0x000000000044a284        0x4 LONG 0x0
                0x000000000044a288                ___DTOR_LIST__ = .
                0x000000000044a288                __DTOR_LIST__ = .
                0x000000000044a288        0x4 LONG 0xffffffffffffffff
                0x000000000044a28c        0x4 LONG 0xffffffffffffffff
 *(.dtors)
 *(.dtor)
 *(SORT(.dtors.*))
                0x000000000044a290        0x4 LONG 0x0
                0x000000000044a294        0x4 LONG 0x0
 *(.fini)
 *(.gcc_exc)
                0x000000000044a298                PROVIDE (etext, .)
 *(.gcc_except_table)

.data           0x000000000044b000     0x9200
                0x000000000044b000                __data_start__ = .
 *(.data)
 .data          0x000000000044b000       0x10 C:/Program Files/mingw-w64/x86_64-5.3.0-posix-seh-rt_v4-rev0/mingw64/bin/../lib/gcc/x86_64-w64-mingw32/5.3.0/../../../../x86_64-w64-mingw32/lib/../lib/crt2.o
                0x000000000044b000                __mingw_winmain_nShowCmd
 .data          0x000000000044b010        0x0 C:/Program Files/mingw-w64/x86_64-5.3.0-posix-seh-rt_v4-rev0/mingw64/bin/../lib/gcc/x86_64-w64-mingw32/5.3.0/crtbegin.o
 .data          0x000000000044b010        0x0 MinGW-w64R/main.o
 .data          0x000000000044b010        0x0 MinGW-w64R/apiemu.o
 .data          0x000000000044b010       0x10 MinGW-w64R/assemble.o
 .data          0x000000000044b020        0x0 MinGW-w64R/assume.o
 .data          0x000000000044b020        0x0 MinGW-w64R/atofloat.o
 .data          0x000000000044b020        0x0 MinGW-w64R/backptch.o
 .data          0x000000000044b020        0x0 MinGW-w64R/bin.o
 .data          0x000000000044b020        0x0 MinGW-w64R/branch.o
 .data          0x000000000044b020       0xc0 MinGW-w64R/cmdline.o
                0x000000000044b020                Options
 .data          0x000000000044b0e0        0x0 MinGW-w64R/codegen.o
 .data          0x000000000044b0e0        0x0 MinGW-w64R/coff.o
 .data          0x000000000044b0e0        0x0 MinGW-w64R/condasm.o
 .data          0x000000000044b0e0        0x0 MinGW-w64R/context.o
 .data          0x000000000044b0e0        0x0 MinGW-w64R/cpumodel.o
 .data          0x000000000044b0e0        0x0 MinGW-w64R/data.o
 .data          0x000000000044b0e0        0x0 MinGW-w64R/dbgcv.o
 .data          0x000000000044b0e0        0x0 MinGW-w64R/directiv.o
 .data          0x000000000044b0e0        0x0 MinGW-w64R/elf.o
 .data          0x000000000044b0e0        0x0 MinGW-w64R/end.o
 .data          0x000000000044b0e0        0x0 MinGW-w64R/equate.o
 .data          0x000000000044b0e0        0x0 MinGW-w64R/errmsg.o
 .data          0x000000000044b0e0        0x0 MinGW-w64R/expans.o
 .data          0x000000000044b0e0        0x0 MinGW-w64R/expreval.o
 .data          0x000000000044b0e0        0x0 MinGW-w64R/extern.o
 .data          0x000000000044b0e0        0x0 MinGW-w64R/fastpass.o
 .data          0x000000000044b0e0        0x0 MinGW-w64R/fixup.o
 .data          0x000000000044b0e0        0x0 MinGW-w64R/fpfixup.o
 .data          0x000000000044b0e0        0x0 MinGW-w64R/hll.o
 .data          0x000000000044b0e0        0x0 MinGW-w64R/input.o
 .data          0x000000000044b0e0        0x0 MinGW-w64R/invoke.o
 .data          0x000000000044b0e0        0x0 MinGW-w64R/label.o
 .data          0x000000000044b0e0        0x0 MinGW-w64R/linnum.o
 .data          0x000000000044b0e0        0x0 MinGW-w64R/listing.o
 .data          0x000000000044b0e0        0x0 MinGW-w64R/loop.o
 .data          0x000000000044b0e0        0x0 MinGW-w64R/lqueue.o
 .data          0x000000000044b0e0        0x0 MinGW-w64R/macro.o
 .data          0x000000000044b0e0        0x0 MinGW-w64R/mangle.o
 .data          0x000000000044b0e0        0x0 MinGW-w64R/memalloc.o
 .data          0x000000000044b0e0        0x0 MinGW-w64R/msgtext.o
 .data          0x000000000044b0e0        0x0 MinGW-w64R/omf.o
 .data          0x000000000044b0e0        0x0 MinGW-w64R/omffixup.o
 .data          0x000000000044b0e0        0x0 MinGW-w64R/omfint.o
 .data          0x000000000044b0e0        0x0 MinGW-w64R/option.o
 .data          0x000000000044b0e0        0x0 MinGW-w64R/parser.o
 .data          0x000000000044b0e0        0x0 MinGW-w64R/posndir.o
 .data          0x000000000044b0e0        0x0 MinGW-w64R/preproc.o
 .data          0x000000000044b0e0        0x0 MinGW-w64R/proc.o
 .data          0x000000000044b0e0        0x0 MinGW-w64R/queue.o
 .data          0x000000000044b0e0     0x8ee0 MinGW-w64R/reswords.o
                0x000000000044b0e0                ResWordTable
                0x0000000000453300                optable_idx
 .data          0x0000000000453fc0        0x0 MinGW-w64R/safeseh.o
 .data          0x0000000000453fc0        0x0 MinGW-w64R/segment.o
 .data          0x0000000000453fc0        0x0 MinGW-w64R/simsegm.o
 .data          0x0000000000453fc0        0x0 MinGW-w64R/string.o
 .data          0x0000000000453fc0        0x0 MinGW-w64R/symbols.o
 .data          0x0000000000453fc0        0x0 MinGW-w64R/tbyte.o
 .data          0x0000000000453fc0        0x0 MinGW-w64R/tokenize.o
 .data          0x0000000000453fc0        0x0 MinGW-w64R/types.o
 .data          0x0000000000453fc0        0x0 C:/Program Files/mingw-w64/x86_64-5.3.0-posix-seh-rt_v4-rev0/mingw64/bin/../lib/gcc/x86_64-w64-mingw32/5.3.0/../../../../x86_64-w64-mingw32/lib/../lib/libmingw32.a(lib64_libmingw32_a-atonexit.o)
 .data          0x0000000000453fc0       0x10 C:/Program Files/mingw-w64/x86_64-5.3.0-posix-seh-rt_v4-rev0/mingw64/bin/../lib/gcc/x86_64-w64-mingw32/5.3.0/../../../../x86_64-w64-mingw32/lib/../lib/libmingw32.a(lib64_libmingw32_a-gccmain.o)
 .data          0x0000000000453fd0       0x10 C:/Program Files/mingw-w64/x86_64-5.3.0-posix-seh-rt_v4-rev0/mingw64/bin/../lib/gcc/x86_64-w64-mingw32/5.3.0/../../../../x86_64-w64-mingw32/lib/../lib/libmingw32.a(lib64_libmingw32_a-natstart.o)
                0x0000000000453fd0                __native_vcclrit_reason
                0x0000000000453fd4                __native_dllmain_reason
 .data          0x0000000000453fe0       0x10 C:/Program Files/mingw-w64/x86_64-5.3.0-posix-seh-rt_v4-rev0/mingw64/bin/../lib/gcc/x86_64-w64-mingw32/5.3.0/../../../../x86_64-w64-mingw32/lib/../lib/libmingw32.a(lib64_libmingw32_a-wildcard.o)
                0x0000000000453fe0                _dowildcard
 .data          0x0000000000453ff0       0x10 C:/Program Files/mingw-w64/x86_64-5.3.0-posix-seh-rt_v4-rev0/mingw64/bin/../lib/gcc/x86_64-w64-mingw32/5.3.0/../../../../x86_64-w64-mingw32/lib/../lib/libmingw32.a(lib64_libmingw32_a-charmax.o)
                0x0000000000453ff0                _charmax
 .data          0x0000000000454000        0x0 C:/Program Files/mingw-w64/x86_64-5.3.0-posix-seh-rt_v4-rev0/mingw64/bin/../lib/gcc/x86_64-w64-mingw32/5.3.0/../../../../x86_64-w64-mingw32/lib/../lib/libmingw32.a(lib64_libmingw32_a-dllargv.o)
 .data          0x0000000000454000        0x0 C:/Program Files/mingw-w64/x86_64-5.3.0-posix-seh-rt_v4-rev0/mingw64/bin/../lib/gcc/x86_64-w64-mingw32/5.3.0/../../../../x86_64-w64-mingw32/lib/../lib/libmingw32.a(lib64_libmingw32_a-gs_support.o)
 .data          0x0000000000454000        0x0 C:/Program Files/mingw-w64/x86_64-5.3.0-posix-seh-rt_v4-rev0/mingw64/bin/../lib/gcc/x86_64-w64-mingw32/5.3.0/../../../../x86_64-w64-mingw32/lib/../lib/libmingw32.a(lib64_libmingw32_a-_newmode.o)
 .data          0x0000000000454000        0x0 C:/Program Files/mingw-w64/x86_64-5.3.0-posix-seh-rt_v4-rev0/mingw64/bin/../lib/gcc/x86_64-w64-mingw32/5.3.0/../../../../x86_64-w64-mingw32/lib/../lib/libmingw32.a(lib64_libmingw32_a-tlssup.o)
 .data          0x0000000000454000        0x0 C:/Program Files/mingw-w64/x86_64-5.3.0-posix-seh-rt_v4-rev0/mingw64/bin/../lib/gcc/x86_64-w64-mingw32/5.3.0/../../../../x86_64-w64-mingw32/lib/../lib/libmingw32.a(lib64_libmingw32_a-cinitexe.o)
 .data          0x0000000000454000        0x0 C:/Program Files/mingw-w64/x86_64-5.3.0-posix-seh-rt_v4-rev0/mingw64/bin/../lib/gcc/x86_64-w64-mingw32/5.3.0/../../../../x86_64-w64-mingw32/lib/../lib/libmingw32.a(lib64_libmingw32_a-merr.o)
 .data          0x0000000000454000        0x0 C:/Program Files/mingw-w64/x86_64-5.3.0-posix-seh-rt_v4-rev0/mingw64/bin/../lib/gcc/x86_64-w64-mingw32/5.3.0/../../../../x86_64-w64-mingw32/lib/../lib/libmingw32.a(lib64_libmingw32_a-CRT_fp10.o)
 .data          0x0000000000454000        0x0 C:/Program Files/mingw-w64/x86_64-5.3.0-posix-seh-rt_v4-rev0/mingw64/bin/../lib/gcc/x86_64-w64-mingw32/5.3.0/../../../../x86_64-w64-mingw32/lib/../lib/libmingw32.a(lib64_libmingw32_a-mingw_helpers.o)
 .data          0x0000000000454000        0x0 C:/Program Files/mingw-w64/x86_64-5.3.0-posix-seh-rt_v4-rev0/mingw64/bin/../lib/gcc/x86_64-w64-mingw32/5.3.0/../../../../x86_64-w64-mingw32/lib/../lib/libmingw32.a(lib64_libmingw32_a-pseudo-reloc.o)
 .data          0x0000000000454000        0x0 C:/Program Files/mingw-w64/x86_64-5.3.0-posix-seh-rt_v4-rev0/mingw64/bin/../lib/gcc/x86_64-w64-mingw32/5.3.0/../../../../x86_64-w64-mingw32/lib/../lib/libmingw32.a(lib64_libmingw32_a-xtxtmode.o)
 .data          0x0000000000454000        0x0 C:/Program Files/mingw-w64/x86_64-5.3.0-posix-seh-rt_v4-rev0/mingw64/bin/../lib/gcc/x86_64-w64-mingw32/5.3.0/../../../../x86_64-w64-mingw32/lib/../lib/libmingw32.a(lib64_libmingw32_a-crt_handler.o)
 .data          0x0000000000454000        0x0 C:/Program Files/mingw-w64/x86_64-5.3.0-posix-seh-rt_v4-rev0/mingw64/bin/../lib/gcc/x86_64-w64-mingw32/5.3.0/../../../../x86_64-w64-mingw32/lib/../lib/libmingw32.a(lib64_libmingw32_a-tlsthrd.o)
 .data          0x0000000000454000       0x10 C:/Program Files/mingw-w64/x86_64-5.3.0-posix-seh-rt_v4-rev0/mingw64/bin/../lib/gcc/x86_64-w64-mingw32/5.3.0/../../../../x86_64-w64-mingw32/lib/../lib/libmingw32.a(lib64_libmingw32_a-tlsmcrt.o)
                0x0000000000454000                _CRT_MT
 .data          0x0000000000454010        0x0 C:/Program Files/mingw-w64/x86_64-5.3.0-posix-seh-rt_v4-rev0/mingw64/bin/../lib/gcc/x86_64-w64-mingw32/5.3.0/../../../../x86_64-w64-mingw32/lib/../lib/libmingw32.a(lib64_libmingw32_a-pseudo-reloc-list.o)
 .data          0x0000000000454010        0x0 C:/Program Files/mingw-w64/x86_64-5.3.0-posix-seh-rt_v4-rev0/mingw64/bin/../lib/gcc/x86_64-w64-mingw32/5.3.0/../../../../x86_64-w64-mingw32/lib/../lib/libmingw32.a(lib64_libmingw32_a-pesect.o)
 .data          0x0000000000454010        0x0 C:/Program Files/mingw-w64/x86_64-5.3.0-posix-seh-rt_v4-rev0/mingw64/bin/../lib/gcc/x86_64-w64-mingw32/5.3.0/libgcc.a(_chkstk_ms.o)
 .data          0x0000000000454010        0x0 C:/Program Files/mingw-w64/x86_64-5.3.0-posix-seh-rt_v4-rev0/mingw64/bin/../lib/gcc/x86_64-w64-mingw32/5.3.0/libgcc.a(_ctors.o)
 .data          0x0000000000454010       0x20 C:/Program Files/mingw-w64/x86_64-5.3.0-posix-seh-rt_v4-rev0/mingw64/bin/../lib/gcc/x86_64-w64-mingw32/5.3.0/../../../../x86_64-w64-mingw32/lib/../lib/libmingwex.a(lib64_libmingwex_a-strtodnrp.o)
 .data          0x0000000000454030        0x0 C:/Program Files/mingw-w64/x86_64-5.3.0-posix-seh-rt_v4-rev0/mingw64/bin/../lib/gcc/x86_64-w64-mingw32/5.3.0/../../../../x86_64-w64-mingw32/lib/../lib/libmingwex.a(lib64_libmingwex_a-mingw_getsp.o)