Archive member included to satisfy reference by file (symbol)

/usr/lib/x86_64-linux-gnu/libc_nonshared.a(elf-init.oS)
                              /usr/lib/gcc/x86_64-linux-gnu/5/../../../x86_64-linux-gnu/crt1.o (__libc_csu_init)
/usr/lib/x86_64-linux-gnu/libc_nonshared.a(stat.oS)
                              GccUnixD/omf.o (stat)

Allocating common symbols
Common symbol       size              file

cntppl2             0x4               GccUnixD/preproc.o
MacroLevel          0x1               GccUnixD/expans.o
CurrProc            0x8               GccUnixD/proc.o
Frame_Datum         0x2               GccUnixD/fixup.o
LineCur             0x8               GccUnixD/input.o
ModuleInfo          0x1200            GccUnixD/assemble.o
sym_ReservedStack   0x8               GccUnixD/proc.o
sym_Interface       0x8               GccUnixD/cpumodel.o
SymTables           0x60              GccUnixD/parser.o
write_to_file       0x1               GccUnixD/assemble.o
SymCmpFunc          0x8               GccUnixD/symbols.o
cnttok0             0x4               GccUnixD/tokenize.o
Parse_Pass          0x4               GccUnixD/assemble.o
jmpenv              0xc8              GccUnixD/assemble.o
evex                0x1               GccUnixD/main.o
StackAdj            0x4               GccUnixD/proc.o
broadflags          0x1               GccUnixD/main.o
LineStoreCurr       0x8               GccUnixD/fastpass.o
CurrStruct          0x8               GccUnixD/types.o
decoflags           0x1               GccUnixD/main.o
MacroLocals         0x4               GccUnixD/expans.o
cntppl1             0x4               GccUnixD/preproc.o
ZEROLOCALS          0x1               GccUnixD/main.o
SegAssumeTable      0x60              GccUnixD/assume.o
procidx             0x4               GccUnixD/proc.o
ProcStatus          0x4               GccUnixD/proc.o
end_tokenarray      0x8               GccUnixD/input.o
SegOverride         0x8               GccUnixD/parser.o
StdAssumeTable      0x100             GccUnixD/assume.o
commentbuffer       0x8               GccUnixD/input.o
end_stringbuf       0x8               GccUnixD/input.o
LastCodeBufSize     0x4               GccUnixD/omf.o
UseSavedState       0x1               GccUnixD/fastpass.o
LinnumQueue         0x10              GccUnixD/assemble.o
CurrIfState         0x4               GccUnixD/condasm.o
FileCur             0x8               GccUnixD/input.o
sym_Cpu             0x8               GccUnixD/cpumodel.o
StoreState          0x1               GccUnixD/fastpass.o
list_pos            0x4               GccUnixD/listing.o
Frame_Type          0x1               GccUnixD/fixup.o
token_stringbuf     0x8               GccUnixD/input.o
symCurSeg           0x8               GccUnixD/segment.o
cnttok1             0x4               GccUnixD/tokenize.o
cntppl0             0x4               GccUnixD/preproc.o
StackAdjHigh        0x4               GccUnixD/proc.o

Discarded input sections

 .note.GNU-stack
                0x0000000000000000        0x0 /usr/lib/gcc/x86_64-linux-gnu/5/../../../x86_64-linux-gnu/crt1.o
 .gnu_debuglink
                0x0000000000000000        0xc /usr/lib/gcc/x86_64-linux-gnu/5/../../../x86_64-linux-gnu/crt1.o
 .note.GNU-stack
                0x0000000000000000        0x0 /usr/lib/gcc/x86_64-linux-gnu/5/../../../x86_64-linux-gnu/crti.o
 .gnu_debuglink
                0x0000000000000000        0xc /usr/lib/gcc/x86_64-linux-gnu/5/../../../x86_64-linux-gnu/crti.o
 .note.GNU-stack
                0x0000000000000000        0x0 /usr/lib/gcc/x86_64-linux-gnu/5/crtbegin.o
 .note.GNU-stack
                0x0000000000000000        0x0 GccUnixD/main.o
 .note.GNU-stack
                0x0000000000000000        0x0 GccUnixD/apiemu.o
 .note.GNU-stack
                0x0000000000000000        0x0 GccUnixD/assemble.o
 .note.GNU-stack
                0x0000000000000000        0x0 GccUnixD/assume.o
 .note.GNU-stack
                0x0000000000000000        0x0 GccUnixD/atofloat.o
 .note.GNU-stack
                0x0000000000000000        0x0 GccUnixD/backptch.o
 .note.GNU-stack
                0x0000000000000000        0x0 GccUnixD/bin.o
 .note.GNU-stack
                0x0000000000000000        0x0 GccUnixD/branch.o
 .note.GNU-stack
                0x0000000000000000        0x0 GccUnixD/cmdline.o
 .note.GNU-stack
                0x0000000000000000        0x0 GccUnixD/codegen.o
 .note.GNU-stack
                0x0000000000000000        0x0 GccUnixD/coff.o
 .note.GNU-stack
                0x0000000000000000        0x0 GccUnixD/condasm.o
 .note.GNU-stack
                0x0000000000000000        0x0 GccUnixD/context.o
 .note.GNU-stack
                0x0000000000000000        0x0 GccUnixD/cpumodel.o
 .note.GNU-stack
                0x0000000000000000        0x0 GccUnixD/data.o
 .note.GNU-stack
                0x0000000000000000        0x0 GccUnixD/dbgcv.o
 .note.GNU-stack
                0x0000000000000000        0x0 GccUnixD/directiv.o
 .note.GNU-stack
[...]
Memory Configuration

Name             Origin             Length             Attributes
*default*        0x0000000000000000 0xffffffffffffffff

Linker script and memory map

LOAD /usr/lib/gcc/x86_64-linux-gnu/5/../../../x86_64-linux-gnu/crt1.o
LOAD /usr/lib/gcc/x86_64-linux-gnu/5/../../../x86_64-linux-gnu/crti.o
LOAD /usr/lib/gcc/x86_64-linux-gnu/5/crtbegin.o
LOAD GccUnixD/main.o
LOAD GccUnixD/apiemu.o
LOAD GccUnixD/assemble.o
LOAD GccUnixD/assume.o
LOAD GccUnixD/atofloat.o
LOAD GccUnixD/backptch.o
LOAD GccUnixD/bin.o
LOAD GccUnixD/branch.o
LOAD GccUnixD/cmdline.o
LOAD GccUnixD/codegen.o
LOAD GccUnixD/coff.o
LOAD GccUnixD/condasm.o
LOAD GccUnixD/context.o
LOAD GccUnixD/cpumodel.o
LOAD GccUnixD/data.o
LOAD GccUnixD/dbgcv.o
LOAD GccUnixD/directiv.o
LOAD GccUnixD/elf.o
LOAD GccUnixD/end.o
LOAD GccUnixD/equate.o
LOAD GccUnixD/errmsg.o
LOAD GccUnixD/expans.o
LOAD GccUnixD/expreval.o
LOAD GccUnixD/extern.o
LOAD GccUnixD/fastpass.o
LOAD GccUnixD/fixup.o
LOAD GccUnixD/fpfixup.o
LOAD GccUnixD/hll.o
LOAD GccUnixD/input.o
LOAD GccUnixD/invoke.o
LOAD GccUnixD/label.o
LOAD GccUnixD/linnum.o
LOAD GccUnixD/listing.o
LOAD GccUnixD/loop.o
LOAD GccUnixD/lqueue.o
LOAD GccUnixD/macro.o
LOAD GccUnixD/mangle.o
LOAD GccUnixD/memalloc.o
LOAD GccUnixD/msgtext.o
LOAD GccUnixD/omf.o
LOAD GccUnixD/omffixup.o
LOAD GccUnixD/omfint.o
LOAD GccUnixD/option.o
LOAD GccUnixD/parser.o
LOAD GccUnixD/posndir.o
LOAD GccUnixD/preproc.o
LOAD GccUnixD/proc.o
LOAD GccUnixD/queue.o
LOAD GccUnixD/reswords.o
LOAD GccUnixD/safeseh.o
LOAD GccUnixD/segment.o
LOAD GccUnixD/simsegm.o
LOAD GccUnixD/string.o
LOAD GccUnixD/symbols.o
LOAD GccUnixD/tbyte.o
LOAD GccUnixD/tokenize.o
LOAD GccUnixD/types.o
LOAD /usr/lib/gcc/x86_64-linux-gnu/5/libgcc.a
LOAD /usr/lib/gcc/x86_64-linux-gnu/5/libgcc_s.so
LOAD /usr/lib/gcc/x86_64-linux-gnu/5/../../../x86_64-linux-gnu/libc.so
START GROUP
LOAD /lib/x86_64-linux-gnu/libc.so.6
LOAD /usr/lib/x86_64-linux-gnu/libc_nonshared.a
LOAD /lib/x86_64-linux-gnu/ld-linux-x86-64.so.2
END GROUP
LOAD /usr/lib/gcc/x86_64-linux-gnu/5/libgcc.a
LOAD /usr/lib/gcc/x86_64-linux-gnu/5/libgcc_s.so
LOAD /usr/lib/gcc/x86_64-linux-gnu/5/crtend.o
LOAD /usr/lib/gcc/x86_64-linux-gnu/5/../../../x86_64-linux-gnu/crtn.o
                [!provide]                        PROVIDE (__executable_start, 0x400000)
                0x0000000000400238                . = (0x400000 + SIZEOF_HEADERS)

.interp         0x0000000000400238       0x1c
 *(.interp)
 .interp        0x0000000000400238       0x1c /usr/lib/gcc/x86_64-linux-gnu/5/../../../x86_64-linux-gnu/crt1.o

.note.ABI-tag   0x0000000000400254       0x20
 .note.ABI-tag  0x0000000000400254       0x20 /usr/lib/gcc/x86_64-linux-gnu/5/../../../x86_64-linux-gnu/crt1.o

.note.gnu.build-id
                0x0000000000400274       0x24
 *(.note.gnu.build-id)
 .note.gnu.build-id
                0x0000000000400274       0x24 /usr/lib/gcc/x86_64-linux-gnu/5/../../../x86_64-linux-gnu/crt1.o

.hash
 *(.hash)

.gnu.hash       0x0000000000400298       0x30
 *(.gnu.hash)
 .gnu.hash      0x0000000000400298       0x30 /usr/lib/gcc/x86_64-linux-gnu/5/../../../x86_64-linux-gnu/crt1.o

.dynsym         0x00000000004002c8      0x570
 *(.dynsym)
 .dynsym        0x00000000004002c8      0x570 /usr/lib/gcc/x86_64-linux-gnu/5/../../../x86_64-linux-gnu/crt1.o

.dynstr         0x0000000000400838      0x1de
 *(.dynstr)
 .dynstr        0x0000000000400838      0x1de /usr/lib/gcc/x86_64-linux-gnu/5/../../../x86_64-linux-gnu/crt1.o

.gnu.version    0x0000000000400a16       0x74
 *(.gnu.version)
 .gnu.version   0x0000000000400a16       0x74 /usr/lib/gcc/x86_64-linux-gnu/5/../../../x86_64-linux-gnu/crt1.o

.gnu.version_d  0x0000000000400a90        0x0
 *(.gnu.version_d)
 .gnu.version_d
                0x0000000000400a90        0x0 /usr/lib/gcc/x86_64-linux-gnu/5/../../../x86_64-linux-gnu/crt1.o

.gnu.version_r  0x0000000000400a90       0x50
 *(.gnu.version_r)
 .gnu.version_r
                0x0000000000400a90       0x50 /usr/lib/gcc/x86_64-linux-gnu/5/../../../x86_64-linux-gnu/crt1.o

.rela.dyn       0x0000000000400ae0       0x30
 *(.rela.init)
 *(.rela.text .rela.text.* .rela.gnu.linkonce.t.*)
 .rela.text     0x0000000000400ae0        0x0 /usr/lib/gcc/x86_64-linux-gnu/5/../../../x86_64-linux-gnu/crt1.o
 *(.rela.fini)
 *(.rela.rodata .rela.rodata.* .rela.gnu.linkonce.r.*)
 .rela.rodata   0x0000000000400ae0        0x0 /usr/lib/gcc/x86_64-linux-gnu/5/../../../x86_64-linux-gnu/crt1.o
 *(.rela.data .rela.data.* .rela.gnu.linkonce.d.*)
 *(.rela.tdata .rela.tdata.* .rela.gnu.linkonce.td.*)
 *(.rela.tbss .rela.tbss.* .rela.gnu.linkonce.tb.*)
 *(.rela.ctors)
 *(.rela.dtors)
 *(.rela.got)
 .rela.got      0x0000000000400ae0       0x18 /usr/lib/gcc/x86_64-linux-gnu/5/../../../x86_64-linux-gnu/crt1.o
 *(.rela.bss .rela.bss.* .rela.gnu.linkonce.b.*)
 .rela.bss      0x0000000000400af8       0x18 /usr/lib/gcc/x86_64-linux-gnu/5/../../../x86_64-linux-gnu/crt1.o
 *(.rela.ldata .rela.ldata.* .rela.gnu.linkonce.l.*)
 *(.rela.lbss .rela.lbss.* .rela.gnu.linkonce.lb.*)
 *(.rela.lrodata .rela.lrodata.* .rela.gnu.linkonce.lr.*)
 *(.rela.ifunc)

.rela.plt       0x0000000000400b10      0x540
 *(.rela.plt)
 .rela.plt      0x0000000000400b10      0x540 /usr/lib/gcc/x86_64-linux-gnu/5/../../../x86_64-linux-gnu/crt1.o
                [!provide]                        PROVIDE (__rela_iplt_start, .)
 *(.rela.iplt)
 .rela.iplt     0x0000000000401050        0x0 /usr/lib/gcc/x86_64-linux-gnu/5/../../../x86_64-linux-gnu/crt1.o
                [!provide]                        PROVIDE (__rela_iplt_end, .)

.init           0x0000000000401050       0x1a
 *(SORT(.init))
 .init          0x0000000000401050       0x15 /usr/lib/gcc/x86_64-linux-gnu/5/../../../x86_64-linux-gnu/crti.o
                0x0000000000401050                _init
 .init          0x0000000000401065        0x5 /usr/lib/gcc/x86_64-linux-gnu/5/../../../x86_64-linux-gnu/crtn.o

.plt            0x0000000000401070      0x390
 *(.plt)
 .plt           0x0000000000401070      0x390 /usr/lib/gcc/x86_64-linux-gnu/5/../../../x86_64-linux-gnu/crt1.o
                0x0000000000401080                getenv@@GLIBC_2.2.5
                0x0000000000401090                free@@GLIBC_2.2.5
                0x00000000004010a0                putchar@@GLIBC_2.2.5
                0x00000000004010b0                strcasecmp@@GLIBC_2.2.5
                0x00000000004010c0                localtime@@GLIBC_2.2.5
                0x00000000004010d0                __errno_location@@GLIBC_2.2.5
                0x00000000004010e0                strncpy@@GLIBC_2.2.5
                0x00000000004010f0                remove@@GLIBC_2.2.5
                0x0000000000401100                strcpy@@GLIBC_2.2.5
                0x0000000000401110                puts@@GLIBC_2.2.5
                0x0000000000401120                qsort@@GLIBC_2.2.5
                0x0000000000401130                fread@@GLIBC_2.2.5
                0x0000000000401140                strtod@@GLIBC_2.2.5
                0x0000000000401150                clock@@GLIBC_2.2.5
                0x0000000000401160                fclose@@GLIBC_2.2.5
                0x0000000000401170                strlen@@GLIBC_2.2.5
                0x0000000000401180                __stack_chk_fail@@GLIBC_2.4
                0x0000000000401190                mmap@@GLIBC_2.2.5
                0x00000000004011a0                strchr@@GLIBC_2.2.5
                0x00000000004011b0                printf@@GLIBC_2.2.5
                0x00000000004011c0                rewind@@GLIBC_2.2.5
                0x00000000004011d0                ftruncate@@GLIBC_2.2.5
                0x00000000004011e0                fputs@@GLIBC_2.2.5
                0x00000000004011f0                memset@@GLIBC_2.2.5
                0x0000000000401200                __libc_start_main@@GLIBC_2.2.5
                0x0000000000401210                memcmp@@GLIBC_2.2.5
                0x0000000000401220                _setjmp@@GLIBC_2.2.5
                0x0000000000401230                strcmp@@GLIBC_2.2.5
                0x0000000000401240                signal@@GLIBC_2.2.5
                0x0000000000401250                fprintf@@GLIBC_2.2.5
                0x0000000000401260                ftell@@GLIBC_2.2.5
                0x0000000000401280                memcpy@@GLIBC_2.14
                0x0000000000401290                time@@GLIBC_2.2.5
                0x00000000004012a0                fileno@@GLIBC_2.2.5
                0x00000000004012b0                __xstat@@GLIBC_2.2.5
                0x00000000004012c0                tolower@@GLIBC_2.2.5
                0x00000000004012d0                malloc@@GLIBC_2.2.5
                0x00000000004012e0                strncasecmp@@GLIBC_2.2.5
                0x00000000004012f0                fflush@@GLIBC_2.2.5
                0x0000000000401300                _IO_getc@@GLIBC_2.2.5
                0x0000000000401310                vprintf@@GLIBC_2.2.5
                0x0000000000401320                fseek@@GLIBC_2.2.5
                0x0000000000401330                munmap@@GLIBC_2.2.5
                0x0000000000401340                longjmp@@GLIBC_2.2.5
                0x0000000000401350                memmove@@GLIBC_2.2.5
                0x0000000000401360                vsprintf@@GLIBC_2.2.5
                0x0000000000401370                fopen@@GLIBC_2.2.5
                0x0000000000401380                vfprintf@@GLIBC_2.2.5
                0x0000000000401390                atoi@@GLIBC_2.2.5
                0x00000000004013a0                strcat@@GLIBC_2.2.5
                0x00000000004013b0                sprintf@@GLIBC_2.2.5
                0x00000000004013c0                exit@@GLIBC_2.2.5
                0x00000000004013d0                fwrite@@GLIBC_2.2.5
                0x00000000004013e0                strstr@@GLIBC_2.2.5
                0x00000000004013f0                __ctype_b_loc@@GLIBC_2.3
 *(.iplt)
 .iplt          0x0000000000401400        0x0 /usr/lib/gcc/x86_64-linux-gnu/5/../../../x86_64-linux-gnu/crt1.o

.plt.bnd
 *(.plt.bnd)

.text           0x0000000000401400    0x6d060
 *(.text.unlikely .text.*_unlikely .text.unlikely.*)
 .text.unlikely
                0x0000000000401400        0x0 /usr/lib/gcc/x86_64-linux-gnu/5/crtbegin.o
 .text.unlikely
                0x0000000000401400        0x0 /usr/lib/x86_64-linux-gnu/libc_nonshared.a(elf-init.oS)
 .text.unlikely
                0x0000000000401400        0x0 /usr/lib/x86_64-linux-gnu/libc_nonshared.a(stat.oS)
 *(.text.exit .text.exit.*)
 *(.text.startup .text.startup.*)
 *(.text.hot .text.hot.*)
 *(.text .stub .text.* .gnu.linkonce.t.*)
 .text          0x0000000000401400       0x2a /usr/lib/gcc/x86_64-linux-gnu/5/../../../x86_64-linux-gnu/crt1.o
                0x0000000000401400                _start
 .text          0x000000000040142a        0x0 /usr/lib/gcc/x86_64-linux-gnu/5/../../../x86_64-linux-gnu/crti.o
 *fill*         0x000000000040142a        0x6 
 .text          0x0000000000401430       0xc6 /usr/lib/gcc/x86_64-linux-gnu/5/crtbegin.o
 .text          0x00000000004014f6      0x13f GccUnixD/main.o
                0x0000000000401520                main
 .text          0x0000000000401635       0x45 GccUnixD/apiemu.o
                0x0000000000401635                strupr
 .text          0x000000000040167a     0x2860 GccUnixD/assemble.o
                0x000000000040167a                ConvertSectionName
                0x0000000000401888                OutputByte
                0x0000000000401a2c                OutputBinBytes
                0x0000000000401c14                FillDataBytes
                0x0000000000401c53                OutputBytes
                0x0000000000401e4d                SetCurrOffset
                0x0000000000402595                WritePreprocessedLine
                0x000000000040262b                SetMasm510
                0x000000000040353a                close_files
                0x0000000000403a69                AssembleModule
 .text          0x0000000000403eda     0x120e GccUnixD/assume.o
                0x0000000000403eda                SetSegAssumeTable
                0x0000000000403f7f                GetSegAssumeTable
                0x0000000000404024                SetStdAssumeTable
                0x000000000040412b                GetStdAssumeTable
                0x0000000000404269                AssumeSaveState
                0x0000000000404289                AssumeInit
                0x0000000000404369                ModelAssumeInit
                0x0000000000404494                GetStdAssume
                0x0000000000404505                GetStdAssumeEx
                0x0000000000404520                AssumeDirective
                0x0000000000404e23                search_assume
                0x0000000000404faf                GetOverrideAssume
                0x0000000000404fe9                GetAssume
 .text          0x00000000004050e8      0x25c GccUnixD/atofloat.o
                0x00000000004050e8                atofloat
 .text          0x0000000000405344      0x613 GccUnixD/backptch.o
                0x0000000000405878                BackPatch
 .text          0x0000000000405957     0x44b8 GccUnixD/bin.o
                0x0000000000406f66                pe_create_PE_header
                0x0000000000409da9                bin_init
 .text          0x0000000000409e0f     0x1314 GccUnixD/branch.o
                0x0000000000409f86                process_branch
 .text          0x000000000040b123     0x15d0 GccUnixD/cmdline.o
                0x000000000040c1c9                ParseCmdline
                0x000000000040c5c3                CmdlineFini
 .text          0x000000000040c6f3     0x55e0 GccUnixD/codegen.o
                0x000000000040c6f3                GetByteDisp
                0x000000000040c91e                Check4CompDisp8
                0x0000000000411869                codegen
 .text          0x0000000000411cd3     0x3abc GccUnixD/coff.o
                0x0000000000415775                coff_init
 .text          0x000000000041578f     0x1d4a GccUnixD/condasm.o
                0x00000000004157b9                conditional_assembly_prepare
                0x0000000000415b31                CondAsmDirective
                0x0000000000416822                ErrorDirective
                0x000000000041746f                CondCheckOpen
                0x0000000000417495                GetIfNestLevel
                0x00000000004174a1                SetIfNestLevel
                0x00000000004174b4                CondInit
 .text          0x00000000004174d9      0x7b3 GccUnixD/context.o
                0x00000000004174d9                ContextDirective
                0x0000000000417b05                ContextSaveState
                0x0000000000417c73                ContextInit
 .text          0x0000000000417c8c      0x9cb GccUnixD/cpumodel.o
                0x0000000000417f91                ModelDirective
                0x00000000004182f4                SetCPU
                0x00000000004185c3                CpuDirective
 .text          0x0000000000418657     0x34ca GccUnixD/data.o
                0x000000000041b235                data_dir
 .text          0x000000000041bb21     0x3553 GccUnixD/dbgcv.o
                0x000000000041eb03                cv_write_debug_tables
 .text          0x000000000041f074     0x1160 GccUnixD/directiv.o
                0x000000000041f074                StubDir
                0x000000000041f086                EchoDirective
                0x000000000041f0d4                IncludeDirective
                0x000000000041f31a                IncludeLibDirective
                0x000000000041f4a5                IncBinDirective
                0x000000000041f98e                AliasDirective
                0x000000000041fdc1                NameDirective
                0x000000000041ff42                RadixDirective
                0x00000000004200ca                SegOrderDirective
 .text          0x00000000004201d4     0x2d4a GccUnixD/elf.o
                0x0000000000422ef9                elf_init
 .text          0x0000000000422f1e      0x8a3 GccUnixD/end.o
                0x0000000000422f1e                StartupExitDirective
                0x000000000042330c                EndDirective
 .text          0x00000000004237c1     0x1280 GccUnixD/equate.o
                0x0000000000423fa0                EqualSgnDirective
                0x000000000042401f                CreateVariable
                0x000000000042417e                CreateConstant
                0x000000000042498d                EquDirective
 .text          0x0000000000424a41      0xc67 GccUnixD/errmsg.o
                0x0000000000424a41                DoDebugMsg
                0x0000000000424b36                DoDebugMsg1
                0x0000000000424c6a                write_logo
                0x0000000000424cc4                PrintUsage
                0x0000000000425061                PrintNote
                0x000000000042515f                EmitErr
                0x00000000004252cf                EmitError
                0x00000000004252eb                EmitWarn
                0x0000000000425474                ErrnoStr
                0x00000000004254b0                Fatal
                0x00000000004255c8                WriteError
                0x00000000004255fe                InternalError
 .text          0x00000000004256a8     0x506c GccUnixD/expans.o
                0x00000000004256a8                myltoa
                0x000000000042586b                RunMacro
                0x00000000004281d8                ExpandText
                0x0000000000429f0e                ExpandLineItems
                0x000000000042a01b                ExpandLiterals
                0x000000000042a11a                ExpandLine
 .text          0x000000000042a714     0x86cd GccUnixD/expreval.o
                0x000000000042a9ce                myatoi128
                0x0000000000432c73                EvalOperand
                0x0000000000432d5d                EmitConstError
                0x0000000000432db9                ExprEvalInit
 .text          0x0000000000432de1     0x203e GccUnixD/extern.o
                0x0000000000433169                ExterndefDirective
                0x0000000000433866                ProtoDirective
                0x0000000000433921                MakeExtern
                0x0000000000433bec                ExternDirective
                0x0000000000434524                CommDirective
                0x0000000000434a80                AddPublicData
                0x0000000000434aba                FreePubQueue
                0x0000000000434acc                PublicDirective
 .text          0x0000000000434e1f      0x60b GccUnixD/fastpass.o
                0x0000000000434e9c                StoreLine
                0x00000000004351b2                SkipSavedState
                0x00000000004351cf                SaveVariableState
                0x00000000004352b2                RestoreState
                0x00000000004353f8                FastpassInit
 .text          0x000000000043542a      0x53b GccUnixD/fixup.o
                0x000000000043542a                CreateFixup
                0x0000000000435587                FreeFixup
                0x0000000000435621                SetFixupFrame
                0x0000000000435739                store_fixup
 .text          0x0000000000435965      0x246 GccUnixD/fpfixup.o
                0x0000000000435965                AddFloatingPointEmulationFixup
 .text          0x0000000000435bab     0x4d55 GccUnixD/hll.o
                0x0000000000438de4                HllStartDir
                0x0000000000439a70                HllEndDir
                0x000000000043a27f                HllExitDir
                0x000000000043a860                HllCheckOpen
                0x000000000043a8b3                HllInit
 .text          0x000000000043a900     0x17e8 GccUnixD/input.o
                0x000000000043a900                GetFNamePart
                0x000000000043a93f                GetExtPart
                0x000000000043ab19                GetFName
                0x000000000043ab6c                ClearSrcStack
                0x000000000043abe7                UpdateLineNumber
                0x000000000043ac33                GetLineNumber
                0x000000000043ac57                GetTopLine
                0x000000000043acdb                GetTopSrcName
                0x000000000043ae99                PushMacro
                0x000000000043aed7                get_curr_srcfile
                0x000000000043af1b                set_curr_srcfile
                0x000000000043af4c                SetLineNumber
                0x000000000043af63                GetCurrSrcPos
                0x000000000043aff9                print_source_nesting_structure
                0x000000000043b34a                SearchFile
                0x000000000043b6dc                GetTextLine
                0x000000000043b959                AddStringToIncludePath
                0x000000000043baa3                PushInputStatus
                0x000000000043bbf8                PopInputStatus
                0x000000000043bd11                InputInit
                0x000000000043be8e                InputPassInit
                0x000000000043bed8                InputFini
 .text          0x000000000043c0e8     0x5062 GccUnixD/invoke.o
                0x000000000044034d                InvokeDirective
 .text          0x000000000044114a      0x919 GccUnixD/label.o
                0x000000000044114a                LabelInit
                0x000000000044115b                GetAnonymousLabel
                0x0000000000441191                CreateLabel
                0x000000000044167f                LabelDirective
 .text          0x0000000000441a63      0x7bb GccUnixD/linnum.o
                0x0000000000441b1c                AddLinnumDataRef
                0x000000000044217a                QueueDeleteLinnum
                0x00000000004421b6                LinnumFini
                0x0000000000442202                LinnumInit
 .text          0x000000000044221e     0x31a2 GccUnixD/listing.o
                0x000000000044221e                LstWrite
                0x0000000000442c94                LstWriteSrcLine
                0x0000000000442caf                LstPrintf
                0x0000000000442d9d                LstNL
                0x0000000000442ddd                LstSetPosition
                0x0000000000444912                LstWriteCRef
                0x0000000000444f4f                ListingDirective
                0x0000000000445261                ListMacroDirective
                0x00000000004452f7                LstInit
 .text          0x00000000004453c0     0x1094 GccUnixD/loop.o
                0x00000000004453c0                LoopDirective
 .text          0x0000000000446454      0x606 GccUnixD/lqueue.o
                0x0000000000446454                GetLqLine
                0x0000000000446460                DeleteLineQueue
                0x00000000004464a9                AddLineQueue
                0x0000000000446574                AddLineQueueX
                0x0000000000446916                RunLineQueue
 .text          0x0000000000446a5a     0x20ed GccUnixD/macro.o
                0x0000000000446a7f                fill_placeholders
                0x0000000000447176                RenderMacroLine
                0x0000000000447261                StoreMacro
                0x0000000000448519                CreateMacro
                0x00000000004485db                ReleaseMacroData
                0x00000000004486b9                MacroDir
                0x000000000044884b                PurgeDirective
                0x0000000000448a5f                MacroInit
                0x0000000000448b3b                MacroFini
 .text          0x0000000000448b47      0x387 GccUnixD/mangle.o
                0x0000000000448e01                Mangle
                0x0000000000448eac                SetMangler
 .text          0x0000000000448ece      0x2d7 GccUnixD/memalloc.o
                0x0000000000448ece                MemInit
                0x0000000000448f00                MemFini
                0x0000000000448fab                LclAlloc
                0x00000000004490f8                MemAlloc
                0x000000000044915f                MemFree
 .text          0x00000000004491a5       0xb1 GccUnixD/msgtext.o
                0x000000000044923a                MsgGetEx
 .text          0x0000000000449256     0x2ebd GccUnixD/omf.o
                0x0000000000449617                omf_GetGrpIdx
                0x000000000044963a                omf_OutSelect
                0x0000000000449dbd                omf_FlushCurrSeg
                0x0000000000449ee7                omf_check_flush
                0x000000000044a039                omf_set_filepos
                0x000000000044c0a8                omf_init
 .text          0x000000000044c113      0xa41 GccUnixD/omffixup.o
                0x000000000044c34f                OmfFixGenFixModend
                0x000000000044c94e                OmfFixGenFix
 .text          0x000000000044cb54      0xcad GccUnixD/omfint.o
                0x000000000044d720                omf_write_record
 .text          0x000000000044d801     0x1e57 GccUnixD/option.o
                0x000000000044f40d                OptionDirective
 .text          0x000000000044f658     0x7eae GccUnixD/parser.o
                0x000000000044f658                sym_add_table
                0x000000000044f6fc                sym_remove_table
                0x000000000044f79f                sym_ext2int
                0x000000000044f81c                GetLangType
                0x000000000044f8c9                SizeFromRegister
                0x000000000044f9ce                SizeFromMemtype
                0x000000000044fbe2                MemtypeFromSize
                0x000000000044fc9b                OperandSize
                0x0000000000450234                set_frame
                0x0000000000450269                set_frame2
                0x0000000000450a96                segm_override
                0x0000000000450fd2                idata_fixup
                0x0000000000454fb0                ParseLine
                0x0000000000457488                ProcessFile
 .text          0x0000000000457506      0x72f GccUnixD/posndir.o
                0x0000000000457506                OrgDirective
                0x0000000000457873                AlignCurrOffset
                0x00000000004578c2                AlignDirective
 .text          0x0000000000457c35      0x48c GccUnixD/preproc.o
                0x0000000000457c35                WriteCodeLabel
                0x0000000000457d31                PreprocessLine
 .text          0x00000000004580c1     0x79a3 GccUnixD/proc.o
                0x0000000000458847                LocalDir
                0x0000000000458ec1                UpdateStackBase
                0x0000000000458f0c                UpdateProcStatus
                0x0000000000459df5                ParseProc
                0x000000000045abee                CreateProc
                0x000000000045adc1                DeleteProc
                0x000000000045aece                ProcDir
                0x000000000045b4e7                CopyPrototype
                0x000000000045bef4                EndpDir
                0x000000000045c000                ExcFrameDirective
                0x000000000045cb88                ProcCheckOpen
                0x000000000045e94a                write_prologue
                0x000000000045f5ee                RetInstr
                0x000000000045f9e3                ProcInit
 .text          0x000000000045fa64       0xbe GccUnixD/queue.o
                0x000000000045fa64                QEnqueue
                0x000000000045fae2                QAddItem
 .text          0x000000000045fb22     0x124d GccUnixD/reswords.o
                0x000000000045fba3                FindResWord
                0x000000000045fe3f                RenameKeyword
                0x00000000004600c9                Set64Bit
                0x0000000000460432                DisableKeyword
                0x00000000004604ea                IsKeywordDisabled
                0x000000000046057a                GetResWName
                0x00000000004605ed                ResWordsInit
                0x00000000004606d2                ResWordsFini
                0x0000000000460879                DumpResWords
                0x0000000000460b8d                DumpInstrStats
 .text          0x0000000000460d6f      0x25d GccUnixD/safeseh.o
                0x0000000000460d6f                SafeSEHDirective
 .text          0x0000000000460fcc     0x2ec5 GccUnixD/segment.o
                0x000000000046101f                UpdateCurPC
                0x000000000046130c                GetCurrOffset
                0x0000000000461333                GetCurrSegAlign
                0x00000000004615cd                DeleteGroup
                0x0000000000461647                GrpDir
                0x0000000000461a6d                UpdateWordSize
                0x0000000000461a8d                SetOfssize
                0x0000000000461ca7                DefineFlatGroup
                0x0000000000461d0c                GetSegIdx
                0x0000000000461d2f                GetGroup
                0x0000000000461d5e                GetSymOfssize
                0x0000000000461e09                SetSymSegOfs
                0x0000000000461e38                TypeFromClassName
                0x00000000004621b9                CreateIntSegment
                0x0000000000462312                EndsDir
                0x000000000046257b                SegmentDir
                0x0000000000463880                SortSegments
                0x0000000000463a25                SegmentModuleExit
                0x0000000000463a8c                SegmentFini
                0x0000000000463ab6                SegmentInit
                0x0000000000463e0e                SegmentSaveState
 .text          0x0000000000463e91      0xa1e GccUnixD/simsegm.o
                0x0000000000463e91                SimGetSegName
                0x0000000000463ea5                GetCodeClass
                0x00000000004641ca                SimplifiedSegDir
                0x00000000004645c8                SetModelDefaultSegNames
                0x000000000046473f                ModelSimSegmInit
                0x0000000000464892                ModelSimSegmExit
 .text          0x00000000004648af     0x1e69 GccUnixD/string.o
                0x00000000004648af                TextItemError
                0x000000000046493a                CatStrDir
                0x0000000000464d40                SetTextMacro
                0x0000000000464f63                AddPredefinedText
                0x0000000000464ff8                SubStrDir
                0x0000000000465636                SizeStrDir
                0x0000000000465785                InStrDir
                0x000000000046639f                StringInit
                0x00000000004666d1                StringFini
 .text          0x0000000000466718     0x1447 GccUnixD/symbols.o
                0x0000000000466772                SymSetCmpFunc
                0x000000000046679a                SymClearLocal
                0x00000000004667b5                SymGetLocal
                0x0000000000466823                SymSetLocal
                0x00000000004668c7                SymAlloc
                0x00000000004669be                SymFind
                0x0000000000466bd7                SymLookup
                0x0000000000466c91                SymLookupLocal
                0x0000000000466f2f                SymFree
                0x0000000000466f4a                SymAddLocal
                0x0000000000467018                SymAddGlobal
                0x0000000000467088                SymCreate
                0x00000000004670f5                SymLCreate
                0x0000000000467164                SymMakeAllSymbolsPublic
                0x000000000046722d                SymFini
                0x0000000000467335                SymInit
                0x000000000046761f                SymPassInit
                0x0000000000467695                SymGetCount
                0x00000000004676a1                SymGetAll
                0x000000000046770c                SymEnum
 .text          0x0000000000467b5f      0xbbe GccUnixD/tbyte.o
                0x000000000046840f                strtotb
 .text          0x000000000046871d     0x265b GccUnixD/tokenize.o
                0x00000000004688a1                get_broads
                0x00000000004689d5                get_decos
                0x000000000046a552                GetToken
                0x000000000046a7d5                Tokenize
 .text          0x000000000046ad78     0x3657 GccUnixD/types.o
                0x000000000046ad78                TypesInit
                0x000000000046ad95                CreateTypeSymbol
                0x000000000046ae49                SearchNameInStruct
                0x000000000046b14e                StructDirective
                0x000000000046b94d                EndstructDirective
                0x000000000046bf2d                CreateStructField
                0x000000000046c657                AlignInStruct
                0x000000000046c6c1                UpdateStructSize
                0x000000000046c7ac                SetStructCurrentOffset
                0x000000000046c817                GetQualifiedType
                0x000000000046d0d8                TypedefDirective
                0x000000000046d972                RecordDirective
                0x000000000046e35b                DeleteType
 *fill*         0x000000000046e3cf        0x1 
 .text          0x000000000046e3d0       0x72 /usr/lib/x86_64-linux-gnu/libc_nonshared.a(elf-init.oS)
                0x000000000046e3d0                __libc_csu_init
                0x000000000046e440                __libc_csu_fini
 *fill*         0x000000000046e442        0xe 
 .text          0x000000000046e450       0x10 /usr/lib/x86_64-linux-gnu/libc_nonshared.a(stat.oS)
                0x000000000046e450                __stat
                0x000000000046e450                stat
 .text          0x000000000046e460        0x0 /usr/lib/gcc/x86_64-linux-gnu/5/crtend.o
 .text          0x000000000046e460        0x0 /usr/lib/gcc/x86_64-linux-gnu/5/../../../x86_64-linux-gnu/crtn.o
 *(.gnu.warning)

.fini           0x000000000046e460        0x9
 *(SORT(.fini))
 .fini          0x000000000046e460        0x4 /usr/lib/gcc/x86_64-linux-gnu/5/../../../x86_64-linux-gnu/crti.o
                0x000000000046e460                _fini
 .fini          0x000000000046e464        0x5 /usr/lib/gcc/x86_64-linux-gnu/5/../../../x86_64-linux-gnu/crtn.o
                [!provide]                        PROVIDE (__etext, .)
                [!provide]                        PROVIDE (_etext, .)
                [!provide]                        PROVIDE (etext, .)

.rodata         0x000000000046e480    0x22ae0
 *(.rodata .rodata.* .gnu.linkonce.r.*)
 .rodata.cst4   0x000000000046e480        0x4 /usr/lib/gcc/x86_64-linux-gnu/5/../../../x86_64-linux-gnu/crt1.o
                0x000000000046e480                _IO_stdin_used
 .rodata        0x000000000046e484       0x27 GccUnixD/main.o
 *fill*         0x000000000046e4ab       0x15 
 .rodata        0x000000000046e4c0      0x7c8 GccUnixD/assemble.o
 *fill*         0x000000000046ec88        0x8 
 .rodata        0x000000000046ec90       0xf9 GccUnixD/assume.o
                0x000000000046ecb8                szDgroup
 *fill*         0x000000000046ed89        0x7 
 .rodata        0x000000000046ed90       0x90 GccUnixD/atofloat.o
 .rodata        0x000000000046ee20      0x2c0 GccUnixD/backptch.o
 .rodata        0x000000000046f0e0     0x16da GccUnixD/bin.o
 *fill*         0x00000000004707ba        0x6 
 .rodata        0x00000000004707c0      0x507 GccUnixD/branch.o
 *fill*         0x0000000000470cc7       0x19 
 .rodata        0x0000000000470ce0      0xc20 GccUnixD/cmdline.o
 .rodata        0x0000000000471900      0x793 GccUnixD/codegen.o
                0x0000000000471900                szNull
 *fill*         0x0000000000472093        0xd 
 .rodata        0x00000000004720a0      0x83f GccUnixD/coff.o
 *fill*         0x00000000004728df        0x1 
 .rodata        0x00000000004728e0      0x3d8 GccUnixD/condasm.o
 *fill*         0x0000000000472cb8        0x8 
 .rodata        0x0000000000472cc0      0x234 GccUnixD/context.o
 *fill*         0x0000000000472ef4        0xc 
 .rodata        0x0000000000472f00      0x1de GccUnixD/cpumodel.o
                0x0000000000472f40                ModelToken
                0x0000000000472fd0                coff64_fmtopt
                0x0000000000472fe0                elf64_fmtopt
 *fill*         0x00000000004730de        0x2 
 .rodata        0x00000000004730e0      0xbc7 GccUnixD/data.o
 *fill*         0x0000000000473ca7        0x1 
 .rodata        0x0000000000473ca8      0x535 GccUnixD/dbgcv.o
 *fill*         0x00000000004741dd        0x3 
 .rodata        0x00000000004741e0      0x318 GccUnixD/directiv.o
                0x00000000004741e0                directive_tab
 *fill*         0x00000000004744f8        0x8 
 .rodata        0x0000000000474500      0x893 GccUnixD/elf.o
 *fill*         0x0000000000474d93        0xd 
 .rodata        0x0000000000474da0      0x3dc GccUnixD/end.o
 *fill*         0x000000000047517c        0x4 
 .rodata        0x0000000000475180      0x40b GccUnixD/equate.o
                0x0000000000475180                maxintvalues
                0x00000000004751a0                minintvalues
 *fill*         0x000000000047558b       0x15 
 .rodata        0x00000000004755a0      0xdda GccUnixD/errmsg.o
 *fill*         0x000000000047637a        0x6 
 .rodata        0x0000000000476380      0xa80 GccUnixD/expans.o
 .rodata        0x0000000000476e00     0x1fdd GccUnixD/expreval.o
 *fill*         0x0000000000478ddd        0x3 
 .rodata        0x0000000000478de0      0x381 GccUnixD/extern.o
 *fill*         0x0000000000479161        0x7 
 .rodata        0x0000000000479168       0xdc GccUnixD/fastpass.o
 *fill*         0x0000000000479244        0x4 
 .rodata        0x0000000000479248      0x104 GccUnixD/fixup.o
 *fill*         0x000000000047934c        0x4 
 .rodata        0x0000000000479350       0x50 GccUnixD/fpfixup.o
 .rodata        0x00000000004793a0      0x893 GccUnixD/hll.o
 *fill*         0x0000000000479c33        0x5 
 .rodata        0x0000000000479c38      0x3c6 GccUnixD/input.o
 *fill*         0x0000000000479ffe        0x2 
 .rodata        0x000000000047a000      0xdad GccUnixD/invoke.o
 *fill*         0x000000000047adad        0x3 
 .rodata        0x000000000047adb0      0x220 GccUnixD/label.o
 .rodata        0x000000000047afd0      0x20e GccUnixD/linnum.o
 *fill*         0x000000000047b1de        0x2 
 .rodata        0x000000000047b1e0      0xd28 GccUnixD/listing.o
 .rodata        0x000000000047bf08      0x218 GccUnixD/loop.o
 .rodata        0x000000000047c120      0x138 GccUnixD/lqueue.o
 .rodata        0x000000000047c258      0x340 GccUnixD/macro.o
 *fill*         0x000000000047c598        0x8 
 .rodata        0x000000000047c5a0       0x68 GccUnixD/mangle.o
 .rodata        0x000000000047c608       0xaa GccUnixD/memalloc.o
 *fill*         0x000000000047c6b2        0xe 
 .rodata        0x000000000047c6c0     0x2f55 GccUnixD/msgtext.o
                0x000000000047f5c0                szCVCompiler
 *fill*         0x000000000047f615        0xb 
 .rodata        0x000000000047f620      0x593 GccUnixD/omf.o
 *fill*         0x000000000047fbb3        0x5 
 .rodata        0x000000000047fbb8      0x2b0 GccUnixD/omffixup.o
 *fill*         0x000000000047fe68       0x18 
 .rodata        0x000000000047fe80      0x136 GccUnixD/omfint.o
 *fill*         0x000000000047ffb6        0xa 
 .rodata        0x000000000047ffc0      0x4be GccUnixD/option.o
 *fill*         0x000000000048047e        0x2 
 .rodata        0x0000000000480480     0x14e2 GccUnixD/parser.o
 *fill*         0x0000000000481962        0xe 
 .rodata        0x0000000000481970       0xab GccUnixD/posndir.o
 *fill*         0x0000000000481a1b        0x5 
 .rodata        0x0000000000481a20       0x39 GccUnixD/preproc.o
 *fill*         0x0000000000481a59        0x7 
 .rodata        0x0000000000481a60      0xeb3 GccUnixD/proc.o
                0x0000000000481b10                stackreg
 .rodata        0x0000000000482913        0x8 GccUnixD/queue.o
 *fill*         0x000000000048291b        0x5 
 .rodata        0x0000000000482920     0xc09f GccUnixD/reswords.o
                0x0000000000482920                InstrTable
                0x0000000000488b20                SpecialTable
                0x000000000048a040                opnd_clstab
                0x000000000048e2a0                vex_flags
 .rodata        0x000000000048e9bf        0xd GccUnixD/safeseh.o
 *fill*         0x000000000048e9cc       0x14 
 .rodata        0x000000000048e9e0      0x725 GccUnixD/segment.o
 *fill*         0x000000000048f105       0x1b 
 .rodata        0x000000000048f120      0x26d GccUnixD/simsegm.o
 *fill*         0x000000000048f38d        0x3 
 .rodata        0x000000000048f390      0x4e9 GccUnixD/string.o
 *fill*         0x000000000048f879        0x7 
 .rodata        0x000000000048f880      0x6f5 GccUnixD/symbols.o
 *fill*         0x000000000048ff75        0xb 
 .rodata        0x000000000048ff80      0x1b0 GccUnixD/tbyte.o
 .rodata        0x0000000000490130      0x501 GccUnixD/tokenize.o
 *fill*         0x0000000000490631        0x7 
 .rodata        0x0000000000490638      0x928 GccUnixD/types.o

.rodata1
 *(.rodata1)

.eh_frame_hdr   0x0000000000490f60     0x1864
 *(.eh_frame_hdr)
 .eh_frame_hdr  0x0000000000490f60     0x1864 /usr/lib/gcc/x86_64-linux-gnu/5/../../../x86_64-linux-gnu/crt1.o

.eh_frame       0x00000000004927c8     0x6454
 *(.eh_frame)
 .eh_frame      0x00000000004927c8       0x30 /usr/lib/gcc/x86_64-linux-gnu/5/../../../x86_64-linux-gnu/crt1.o
 .eh_frame      0x00000000004927f8       0x40 /usr/lib/gcc/x86_64-linux-gnu/5/../../../x86_64-linux-gnu/crt1.o
 .eh_frame      0x0000000000492838       0x40 GccUnixD/main.o
                                         0x58 (size before relaxing)
 .eh_frame      0x0000000000492878       0x20 GccUnixD/apiemu.o
                                         0x38 (size before relaxing)
 .eh_frame      0x0000000000492898      0x350 GccUnixD/assemble.o
                                        0x368 (size before relaxing)
 .eh_frame      0x0000000000492be8      0x1a0 GccUnixD/assume.o
                                        0x1b8 (size before relaxing)
 .eh_frame      0x0000000000492d88       0x20 GccUnixD/atofloat.o
                                         0x38 (size before relaxing)
 .eh_frame      0x0000000000492da8       0x40 GccUnixD/backptch.o
                                         0x58 (size before relaxing)
 .eh_frame      0x0000000000492de8      0x280 GccUnixD/bin.o
                                        0x288 (size before relaxing)
 .eh_frame      0x0000000000493068       0x78 GccUnixD/branch.o
                                         0x88 (size before relaxing)
 .eh_frame      0x00000000004930e0      0x648 GccUnixD/cmdline.o
                                        0x658 (size before relaxing)
 .eh_frame      0x0000000000493728      0x148 GccUnixD/codegen.o
                                        0x150 (size before relaxing)
 .eh_frame      0x0000000000493870      0x230 GccUnixD/coff.o
                                        0x240 (size before relaxing)
 .eh_frame      0x0000000000493aa0      0x190 GccUnixD/condasm.o
                                        0x1a8 (size before relaxing)
 .eh_frame      0x0000000000493c30       0x80 GccUnixD/context.o
                                         0x98 (size before relaxing)
 .eh_frame      0x0000000000493cb0       0xe0 GccUnixD/cpumodel.o
                                         0xf8 (size before relaxing)
 .eh_frame      0x0000000000493d90       0xf0 GccUnixD/data.o
                                        0x100 (size before relaxing)
 .eh_frame      0x0000000000493e80      0x208 GccUnixD/dbgcv.o
                                        0x210 (size before relaxing)
 .eh_frame      0x0000000000494088      0x140 GccUnixD/directiv.o
                                        0x158 (size before relaxing)
 .eh_frame      0x00000000004941c8      0x1f8 GccUnixD/elf.o
                                        0x208 (size before relaxing)
 .eh_frame      0x00000000004943c0       0x40 GccUnixD/end.o
                                         0x58 (size before relaxing)
 .eh_frame      0x0000000000494400       0xc0 GccUnixD/equate.o
                                         0xd8 (size before relaxing)
 .eh_frame      0x00000000004944c0      0x1d0 GccUnixD/errmsg.o
                                        0x1d8 (size before relaxing)
 .eh_frame      0x0000000000494690      0x170 GccUnixD/expans.o
                                        0x180 (size before relaxing)
 .eh_frame      0x0000000000494800      0x690 GccUnixD/expreval.o
 .eh_frame      0x0000000000494e90      0x1a8 GccUnixD/extern.o
                                        0x1c0 (size before relaxing)
 .eh_frame      0x0000000000495038       0xc8 GccUnixD/fastpass.o
                                         0xe0 (size before relaxing)
 .eh_frame      0x0000000000495100       0x80 GccUnixD/fixup.o
                                         0x98 (size before relaxing)
 .eh_frame      0x0000000000495180       0x20 GccUnixD/fpfixup.o
                                         0x38 (size before relaxing)
 .eh_frame      0x00000000004951a0      0x2c8 GccUnixD/hll.o
                                        0x2e0 (size before relaxing)
 .eh_frame      0x0000000000495468      0x398 GccUnixD/input.o
 .eh_frame      0x0000000000495800      0x1a0 GccUnixD/invoke.o
                                        0x1b8 (size before relaxing)
 .eh_frame      0x00000000004959a0       0x80 GccUnixD/label.o
                                         0x98 (size before relaxing)
 .eh_frame      0x0000000000495a20       0xa8 GccUnixD/linnum.o
                                         0xc0 (size before relaxing)
 .eh_frame      0x0000000000495ac8      0x360 GccUnixD/listing.o
                                        0x368 (size before relaxing)
 .eh_frame      0x0000000000495e28       0x28 GccUnixD/loop.o
                                         0x40 (size before relaxing)
 .eh_frame      0x0000000000495e50       0xa0 GccUnixD/lqueue.o
                                         0xb8 (size before relaxing)
 .eh_frame      0x0000000000495ef0      0x1b8 GccUnixD/macro.o
                                        0x1c8 (size before relaxing)
 .eh_frame      0x00000000004960a8      0x120 GccUnixD/mangle.o
                                        0x138 (size before relaxing)
 .eh_frame      0x00000000004961c8       0xa0 GccUnixD/memalloc.o
                                         0xb8 (size before relaxing)
 .eh_frame      0x0000000000496268       0x40 GccUnixD/msgtext.o
                                         0x58 (size before relaxing)
 .eh_frame      0x00000000004962a8      0x540 GccUnixD/omf.o
                                        0x558 (size before relaxing)
 .eh_frame      0x00000000004967e8      0x120 GccUnixD/omffixup.o
                                        0x138 (size before relaxing)
 .eh_frame      0x0000000000496908      0x2c0 GccUnixD/omfint.o
                                        0x2d8 (size before relaxing)
 .eh_frame      0x0000000000496bc8      0x520 GccUnixD/option.o
                                        0x538 (size before relaxing)
 .eh_frame      0x00000000004970e8      0x380 GccUnixD/parser.o
                                        0x398 (size before relaxing)
 .eh_frame      0x0000000000497468       0x80 GccUnixD/posndir.o
                                         0x98 (size before relaxing)
 .eh_frame      0x00000000004974e8       0x48 GccUnixD/preproc.o
                                         0x60 (size before relaxing)
 .eh_frame      0x0000000000497530      0x4f8 GccUnixD/proc.o
                                        0x4e8 (size before relaxing)
 .eh_frame      0x0000000000497a28       0x40 GccUnixD/queue.o
                                         0x58 (size before relaxing)
 .eh_frame      0x0000000000497a68      0x1b0 GccUnixD/reswords.o
                                        0x1c8 (size before relaxing)
 .eh_frame      0x0000000000497c18       0x20 GccUnixD/safeseh.o
                                         0x38 (size before relaxing)
 .eh_frame      0x0000000000497c38      0x468 GccUnixD/segment.o
                                        0x480 (size before relaxing)
 .eh_frame      0x00000000004980a0      0x148 GccUnixD/simsegm.o
                                        0x160 (size before relaxing)
 .eh_frame      0x00000000004981e8      0x1d8 GccUnixD/string.o
                                        0x1e8 (size before relaxing)
 .eh_frame      0x00000000004983c0      0x300 GccUnixD/symbols.o
                                        0x318 (size before relaxing)
 .eh_frame      0x00000000004986c0      0x140 GccUnixD/tbyte.o
                                        0x158 (size before relaxing)
 .eh_frame      0x0000000000498800      0x1b0 GccUnixD/tokenize.o
                                        0x1c0 (size before relaxing)
 .eh_frame      0x00000000004989b0      0x1f0 GccUnixD/types.o
                                        0x208 (size before relaxing)
 .eh_frame      0x0000000000498ba0       0x60 /usr/lib/x86_64-linux-gnu/libc_nonshared.a(elf-init.oS)
                                         0x78 (size before relaxing)
 .eh_frame      0x0000000000498c00       0x18 /usr/lib/x86_64-linux-gnu/libc_nonshared.a(stat.oS)
                                         0x30 (size before relaxing)
 .eh_frame      0x0000000000498c18        0x4 /usr/lib/gcc/x86_64-linux-gnu/5/crtend.o

.gcc_except_table
 *(.gcc_except_table .gcc_except_table.*)

.exception_ranges
 *(.exception_ranges .exception_ranges*)
                0x0000000000498c1c                . = (ALIGN (0x200000) - ((0x200000 - .) & 0x1fffff))
                0x0000000000698e10                . = DATA_SEGMENT_ALIGN (0x200000, 0x1000)

.eh_frame
 *(.eh_frame)

.gcc_except_table
 *(.gcc_except_table .gcc_except_table.*)

.exception_ranges
 *(.exception_ranges .exception_ranges*)

.tdata
 *(.tdata .tdata.* .gnu.linkonce.td.*)

.tbss
 *(.tbss .tbss.* .gnu.linkonce.tb.*)
 *(.tcommon)

.preinit_array  0x0000000000698e10        0x0
                [!provide]                        PROVIDE (__preinit_array_start, .)
 *(.preinit_array)
                [!provide]                        PROVIDE (__preinit_array_end, .)

.init_array     0x0000000000698e10        0x8
                0x0000000000698e10                PROVIDE (__init_array_start, .)
 *(SORT(.init_array.*) SORT(.ctors.*))
 *(.init_array EXCLUDE_FILE(*crtend?.o *crtend.o *crtbegin?.o *crtbegin.o) .ctors)
 .init_array    0x0000000000698e10        0x8 /usr/lib/gcc/x86_64-linux-gnu/5/crtbegin.o
                0x0000000000698e18                PROVIDE (__init_array_end, .)

.fini_array     0x0000000000698e18        0x8
                [!provide]                        PROVIDE (__fini_array_start, .)
 *(SORT(.fini_array.*) SORT(.dtors.*))
 *(.fini_array EXCLUDE_FILE(*crtend?.o *crtend.o *crtbegin?.o *crtbegin.o) .dtors)
 .fini_array    0x0000000000698e18        0x8 /usr/lib/gcc/x86_64-linux-gnu/5/crtbegin.o
                [!provide]                        PROVIDE (__fini_array_end, .)

.ctors
 *crtbegin.o(.ctors)
 *crtbegin?.o(.ctors)
 *(EXCLUDE_FILE(*crtend?.o *crtend.o) .ctors)
 *(SORT(.ctors.*))
 *(.ctors)

.dtors
 *crtbegin.o(.dtors)
 *crtbegin?.o(.dtors)
 *(EXCLUDE_FILE(*crtend?.o *crtend.o) .dtors)
 *(SORT(.dtors.*))
 *(.dtors)

.jcr            0x0000000000698e20        0x8
 *(.jcr)
 .jcr           0x0000000000698e20        0x0 /usr/lib/gcc/x86_64-linux-gnu/5/crtbegin.o
 .jcr           0x0000000000698e20        0x8 /usr/lib/gcc/x86_64-linux-gnu/5/crtend.o

.data.rel.ro
 *(.data.rel.ro.local* .gnu.linkonce.d.rel.ro.local.*)
 *(.data.rel.ro .data.rel.ro.* .gnu.linkonce.d.rel.ro.*)

.dynamic        0x0000000000698e28      0x1d0
 *(.dynamic)
 .dynamic       0x0000000000698e28      0x1d0 /usr/lib/gcc/x86_64-linux-gnu/5/../../../x86_64-linux-gnu/crt1.o
                0x0000000000698e28                _DYNAMIC

.got            0x0000000000698ff8        0x8
 *(.got)
 .got           0x0000000000698ff8        0x8 /usr/lib/gcc/x86_64-linux-gnu/5/../../../x86_64-linux-gnu/crt1.o
 *(.igot)
                0x0000000000699fe8                . = DATA_SEGMENT_RELRO_END (., (SIZEOF (.got.plt) >= 0x18)?0x18:0x0)

.got.plt        0x0000000000699000      0x1d8
 *(.got.plt)
 .got.plt       0x0000000000699000      0x1d8 /usr/lib/gcc/x86_64-linux-gnu/5/../../../x86_64-linux-gnu/crt1.o
                0x0000000000699000                _GLOBAL_OFFSET_TABLE_
 *(.igot.plt)
 .igot.plt      0x00000000006991d8        0x0 /usr/lib/gcc/x86_64-linux-gnu/5/../../../x86_64-linux-gnu/crt1.o

.data           0x00000000006991e0     0x8fb0
 *(.data .data.* .gnu.linkonce.d.*)
 .data          0x00000000006991e0        0x4 /usr/lib/gcc/x86_64-linux-gnu/5/../../../x86_64-linux-gnu/crt1.o
                0x00000000006991e0                data_start
                0x00000000006991e0                __data_start
 .data          0x00000000006991e4        0x0 /usr/lib/gcc/x86_64-linux-gnu/5/../../../x86_64-linux-gnu/crti.o
 *fill*         0x00000000006991e4        0x4 
 .data          0x00000000006991e8        0x8 /usr/lib/gcc/x86_64-linux-gnu/5/crtbegin.o
                0x00000000006991e8                __dso_handle
 .data          0x00000000006991f0        0x0 GccUnixD/main.o
 .data          0x00000000006991f0        0x0 GccUnixD/apiemu.o
 .data          0x00000000006991f0        0x1 GccUnixD/assemble.o
 .data          0x00000000006991f1        0x0 GccUnixD/assume.o
 .data          0x00000000006991f1        0x0 GccUnixD/atofloat.o
 .data          0x00000000006991f1        0x0 GccUnixD/backptch.o
 .data          0x00000000006991f1        0x0 GccUnixD/bin.o
 .data          0x00000000006991f1        0x0 GccUnixD/branch.o
 *fill*         0x00000000006991f1        0xf 
 .data          0x0000000000699200       0xc0 GccUnixD/cmdline.o
                0x0000000000699200                Options
 .data          0x00000000006992c0        0x0 GccUnixD/codegen.o
 .data          0x00000000006992c0        0x0 GccUnixD/coff.o
 .data          0x00000000006992c0        0x0 GccUnixD/condasm.o
 .data          0x00000000006992c0        0x0 GccUnixD/context.o
 .data          0x00000000006992c0        0x0 GccUnixD/cpumodel.o
 .data          0x00000000006992c0        0x0 GccUnixD/data.o
 .data          0x00000000006992c0        0x0 GccUnixD/dbgcv.o
 .data          0x00000000006992c0        0x0 GccUnixD/directiv.o
 .data          0x00000000006992c0        0x0 GccUnixD/elf.o
 .data          0x00000000006992c0        0x0 GccUnixD/end.o
 .data          0x00000000006992c0        0x0 GccUnixD/equate.o
 .data          0x00000000006992c0        0x0 GccUnixD/errmsg.o
 .data          0x00000000006992c0        0x0 GccUnixD/expans.o
 .data          0x00000000006992c0        0x0 GccUnixD/expreval.o
 .data          0x00000000006992c0        0x0 GccUnixD/extern.o
 .data          0x00000000006992c0        0x0 GccUnixD/fastpass.o
 .data          0x00000000006992c0        0x0 GccUnixD/fixup.o
 .data          0x00000000006992c0        0x0 GccUnixD/fpfixup.o
 .data          0x00000000006992c0        0x0 GccUnixD/hll.o
 .data          0x00000000006992c0        0x0 GccUnixD/input.o
 .data          0x00000000006992c0        0x0 GccUnixD/invoke.o
 .data          0x00000000006992c0        0x0 GccUnixD/label.o
 .data          0x00000000006992c0        0x0 GccUnixD/linnum.o
 .data          0x00000000006992c0        0x0 GccUnixD/listing.o
 .data          0x00000000006992c0        0x0 GccUnixD/loop.o
 .data          0x00000000006992c0        0x0 GccUnixD/lqueue.o
 .data          0x00000000006992c0        0x0 GccUnixD/macro.o
 .data          0x00000000006992c0        0x0 GccUnixD/mangle.o
 .data          0x00000000006992c0        0x0 GccUnixD/memalloc.o
 .data          0x00000000006992c0        0x0 GccUnixD/msgtext.o
 .data          0x00000000006992c0        0x0 GccUnixD/omf.o
 .data          0x00000000006992c0        0x0 GccUnixD/omffixup.o
 .data          0x00000000006992c0        0x0 GccUnixD/omfint.o
 .data          0x00000000006992c0        0x0 GccUnixD/option.o
 .data          0x00000000006992c0        0x0 GccUnixD/parser.o
 .data          0x00000000006992c0        0x0 GccUnixD/posndir.o
 .data          0x00000000006992c0        0x0 GccUnixD/preproc.o
 .data          0x00000000006992c0        0x0 GccUnixD/proc.o
 .data          0x00000000006992c0        0x0 GccUnixD/queue.o
 .data          0x00000000006992c0     0x8ed0 GccUnixD/reswords.o
                0x00000000006992c0                optable_idx
                0x0000000000699f80                ResWordTable
 .data          0x00000000006a2190        0x0 GccUnixD/safeseh.o
 .data          0x00000000006a2190        0x0 GccUnixD/segment.o
 .data          0x00000000006a2190        0x0 GccUnixD/simsegm.o
 .data          0x00000000006a2190        0x0 GccUnixD/string.o
 .data          0x00000000006a2190        0x0 GccUnixD/symbols.o
 .data          0x00000000006a2190        0x0 GccUnixD/tbyte.o
 .data          0x00000000006a2190        0x0 GccUnixD/tokenize.o
 .data          0x00000000006a2190        0x0 GccUnixD/types.o
 .data          0x00000000006a2190        0x0 /usr/lib/x86_64-linux-gnu/libc_nonshared.a(elf-init.oS)
 .data          0x00000000006a2190        0x0 /usr/lib/x86_64-linux-gnu/libc_nonshared.a(stat.oS)
 .data          0x00000000006a2190        0x0 /usr/lib/gcc/x86_64-linux-gnu/5/crtend.o
 .data          0x00000000006a2190        0x0 /usr/lib/gcc/x86_64-linux-gnu/5/../../../x86_64-linux-gnu/crtn.o

.tm_clone_table
                0x00000000006a2190        0x0
 .tm_clone_table
                0x00000000006a2190        0x0 /usr/lib/gcc/x86_64-linux-gnu/5/crtbegin.o
 .tm_clone_table
                0x00000000006a2190        0x0 /usr/lib/gcc/x86_64-linux-gnu/5/crtend.o

.data1
 *(.data1)
                0x00000000006a2190                _edata = .
                [!provide]                        PROVIDE (edata, .)
                0x00000000006a2190                . = .
                0x00000000006a2190                __bss_start = .

.bss            0x00000000006a21a0    0x149d8
 *(.dynbss)
 .dynbss        0x00000000006a21a0        0x8 /usr/lib/gcc/x86_64-linux-gnu/5/../../../x86_64-linux-gnu/crt1.o
                0x00000000006a21a0                stderr@@GLIBC_2.2.5
 *(.bss .bss.* .gnu.linkonce.b.*)
 .bss           0x00000000006a21a8        0x0 /usr/lib/gcc/x86_64-linux-gnu/5/../../../x86_64-linux-gnu/crt1.o
 .bss           0x00000000006a21a8        0x0 /usr/lib/gcc/x86_64-linux-gnu/5/../../../x86_64-linux-gnu/crti.o
 .bss           0x00000000006a21a8        0x1 /usr/lib/gcc/x86_64-linux-gnu/5/crtbegin.o
 .bss           0x00000000006a21a9        0x0 GccUnixD/main.o
 .bss           0x00000000006a21a9        0x0 GccUnixD/apiemu.o
 .bss           0x00000000006a21a9        0x0 GccUnixD/assemble.o
 *fill*         0x00000000006a21a9       0x17 
 .bss           0x00000000006a21c0      0x360 GccUnixD/assume.o
 .bss           0x00000000006a2520        0x0 GccUnixD/atofloat.o
 .bss           0x00000000006a2520        0x0 GccUnixD/backptch.o
 .bss           0x00000000006a2520        0x0 GccUnixD/bin.o
 .bss           0x00000000006a2520        0x0 GccUnixD/branch.o
 .bss           0x00000000006a2520      0x13c GccUnixD/cmdline.o
                0x00000000006a2520                DefaultDir
 .bss           0x00000000006a265c        0x0 GccUnixD/codegen.o
 *fill*         0x00000000006a265c        0x4 
 .bss           0x00000000006a2660      0x401 GccUnixD/coff.o
 *fill*         0x00000000006a2a61        0x3 
 .bss           0x00000000006a2a64        0xc GccUnixD/condasm.o
 .bss           0x00000000006a2a70        0x0 GccUnixD/context.o
 .bss           0x00000000006a2a70       0x18 GccUnixD/cpumodel.o
 .bss           0x00000000006a2a88        0x0 GccUnixD/data.o
 .bss           0x00000000006a2a88        0x0 GccUnixD/dbgcv.o
 .bss           0x00000000006a2a88        0x0 GccUnixD/directiv.o
 .bss           0x00000000006a2a88        0x0 GccUnixD/elf.o
 .bss           0x00000000006a2a88        0x0 GccUnixD/end.o
 .bss           0x00000000006a2a88        0x0 GccUnixD/equate.o
 *fill*         0x00000000006a2a88       0x18 
 .bss           0x00000000006a2aa0       0x40 GccUnixD/errmsg.o
                0x00000000006a2aa0                banner_printed
 .bss           0x00000000006a2ae0        0x0 GccUnixD/expans.o
 .bss           0x00000000006a2ae0       0x28 GccUnixD/expreval.o
 .bss           0x00000000006a2b08        0x0 GccUnixD/extern.o
 *fill*         0x00000000006a2b08       0x18 
 .bss           0x00000000006a2b20     0x10f0 GccUnixD/fastpass.o
 .bss           0x00000000006a3c10        0x4 GccUnixD/fixup.o
 .bss           0x00000000006a3c14        0x0 GccUnixD/fpfixup.o
 .bss           0x00000000006a3c14       0x14 GccUnixD/hll.o
 .bss           0x00000000006a3c28       0x18 GccUnixD/input.o
 .bss           0x00000000006a3c40        0x8 GccUnixD/invoke.o
 .bss           0x00000000006a3c48        0x0 GccUnixD/label.o
 .bss           0x00000000006a3c48        0xc GccUnixD/linnum.o
 .bss           0x00000000006a3c54        0x4 GccUnixD/listing.o
 .bss           0x00000000006a3c58        0x0 GccUnixD/loop.o
 .bss           0x00000000006a3c58        0x8 GccUnixD/lqueue.o
 .bss           0x00000000006a3c60      0x258 GccUnixD/macro.o
 .bss           0x00000000006a3eb8        0x0 GccUnixD/mangle.o
 .bss           0x00000000006a3eb8       0x20 GccUnixD/memalloc.o
 .bss           0x00000000006a3ed8        0x0 GccUnixD/msgtext.o
 *fill*         0x00000000006a3ed8        0x8 
 .bss           0x00000000006a3ee0       0x34 GccUnixD/omf.o
 .bss           0x00000000006a3f14        0x0 GccUnixD/omffixup.o
 .bss           0x00000000006a3f14        0x0 GccUnixD/omfint.o
 .bss           0x00000000006a3f14        0x0 GccUnixD/option.o
 .bss           0x00000000006a3f14        0x4 GccUnixD/parser.o
 .bss           0x00000000006a3f18        0x0 GccUnixD/posndir.o
 .bss           0x00000000006a3f18        0x0 GccUnixD/preproc.o
 *fill*         0x00000000006a3f18        0x8 
 .bss           0x00000000006a3f20      0x2a0 GccUnixD/proc.o
 .bss           0x00000000006a41c0        0x0 GccUnixD/queue.o
 .bss           0x00000000006a41c0     0x1000 GccUnixD/reswords.o
 .bss           0x00000000006a51c0        0x0 GccUnixD/safeseh.o
 .bss           0x00000000006a51c0      0x4e4 GccUnixD/segment.o
 *fill*         0x00000000006a56a4       0x1c 
 .bss           0x00000000006a56c0       0x38 GccUnixD/simsegm.o
 .bss           0x00000000006a56f8       0x14 GccUnixD/string.o
 *fill*         0x00000000006a570c       0x14 
 .bss           0x00000000006a5720     0xfe98 GccUnixD/symbols.o
 .bss           0x00000000006b55b8        0x0 GccUnixD/tbyte.o
 .bss           0x00000000006b55b8        0x0 GccUnixD/tokenize.o
 .bss           0x00000000006b55b8        0x8 GccUnixD/types.o
 .bss           0x00000000006b55c0        0x0 /usr/lib/x86_64-linux-gnu/libc_nonshared.a(elf-init.oS)
 .bss           0x00000000006b55c0        0x0 /usr/lib/x86_64-linux-gnu/libc_nonshared.a(stat.oS)
 .bss           0x00000000006b55c0        0x0 /usr/lib/gcc/x86_64-linux-gnu/5/crtend.o
 .bss           0x00000000006b55c0        0x0 /usr/lib/gcc/x86_64-linux-gnu/5/../../../x86_64-linux-gnu/crtn.o
 *(COMMON)
 COMMON         0x00000000006b55c0        0x4 GccUnixD/main.o
                0x00000000006b55c0                evex
                0x00000000006b55c1                broadflags
                0x00000000006b55c2                decoflags
                0x00000000006b55c3                ZEROLOCALS
 *fill*         0x00000000006b55c4       0x1c 
 COMMON         0x00000000006b55e0     0x1300 GccUnixD/assemble.o
                0x00000000006b55e0                ModuleInfo
                0x00000000006b67e0                write_to_file
                0x00000000006b67e4                Parse_Pass
                0x00000000006b6800                jmpenv
                0x00000000006b68d0                LinnumQueue
 COMMON         0x00000000006b68e0      0x160 GccUnixD/assume.o
                0x00000000006b68e0                SegAssumeTable
                0x00000000006b6940                StdAssumeTable
 COMMON         0x00000000006b6a40        0x4 GccUnixD/condasm.o
                0x00000000006b6a40                CurrIfState
 *fill*         0x00000000006b6a44        0x4 
 COMMON         0x00000000006b6a48       0x10 GccUnixD/cpumodel.o
                0x00000000006b6a48                sym_Interface
                0x00000000006b6a50                sym_Cpu
 COMMON         0x00000000006b6a58        0x8 GccUnixD/expans.o
                0x00000000006b6a58                MacroLevel
                0x00000000006b6a5c                MacroLocals
 COMMON         0x00000000006b6a60        0xa GccUnixD/fastpass.o
                0x00000000006b6a60                LineStoreCurr
                0x00000000006b6a68                UseSavedState
                0x00000000006b6a69                StoreState
 COMMON         0x00000000006b6a6a        0x3 GccUnixD/fixup.o
                0x00000000006b6a6a                Frame_Datum
                0x00000000006b6a6c                Frame_Type
 *fill*         0x00000000006b6a6d        0x3 
 COMMON         0x00000000006b6a70       0x30 GccUnixD/input.o
                0x00000000006b6a70                LineCur
                0x00000000006b6a78                end_tokenarray
                0x00000000006b6a80                commentbuffer
                0x00000000006b6a88                end_stringbuf
                0x00000000006b6a90                FileCur
                0x00000000006b6a98                token_stringbuf
 COMMON         0x00000000006b6aa0        0x4 GccUnixD/listing.o
                0x00000000006b6aa0                list_pos
 COMMON         0x00000000006b6aa4        0x4 GccUnixD/omf.o
                0x00000000006b6aa4                LastCodeBufSize
 *fill*         0x00000000006b6aa8       0x18 
 COMMON         0x00000000006b6ac0       0x68 GccUnixD/parser.o
                0x00000000006b6ac0                SymTables
                0x00000000006b6b20                SegOverride
 COMMON         0x00000000006b6b28        0xc GccUnixD/preproc.o
                0x00000000006b6b28                cntppl2
                0x00000000006b6b2c                cntppl1
                0x00000000006b6b30                cntppl0
 *fill*         0x00000000006b6b34        0x4 
 COMMON         0x00000000006b6b38       0x20 GccUnixD/proc.o
                0x00000000006b6b38                CurrProc
                0x00000000006b6b40                sym_ReservedStack
                0x00000000006b6b48                StackAdj
                0x00000000006b6b4c                procidx
                0x00000000006b6b50                ProcStatus
                0x00000000006b6b54                StackAdjHigh
 COMMON         0x00000000006b6b58        0x8 GccUnixD/segment.o
                0x00000000006b6b58                symCurSeg
 COMMON         0x00000000006b6b60        0x8 GccUnixD/symbols.o
                0x00000000006b6b60                SymCmpFunc
 COMMON         0x00000000006b6b68        0x8 GccUnixD/tokenize.o
                0x00000000006b6b68                cnttok0
                0x00000000006b6b6c                cnttok1
 COMMON         0x00000000006b6b70        0x8 GccUnixD/types.o
                0x00000000006b6b70                CurrStruct
                0x00000000006b6b78                . = ALIGN ((. != 0x0)?0x8:0x1)

.lbss
 *(.dynlbss)
 *(.lbss .lbss.* .gnu.linkonce.lb.*)
 *(LARGE_COMMON)
                0x00000000006b6b78                . = ALIGN (0x8)
                0x00000000006b6b78                . = SEGMENT_START ("ldata-segment", .)

.lrodata
 *(.lrodata .lrodata.* .gnu.linkonce.lr.*)

.ldata          0x0000000000ab6b78        0x0
 *(.ldata .ldata.* .gnu.linkonce.l.*)
                0x0000000000ab6b78                . = ALIGN ((. != 0x0)?0x8:0x1)
                0x0000000000ab6b78                . = ALIGN (0x8)
                0x0000000000ab6b78                _end = .
                [!provide]                        PROVIDE (end, .)
                0x0000000000ab6b78                . = DATA_SEGMENT_END (.)

.stab
 *(.stab)

.stabstr
 *(.stabstr)

.stab.excl
 *(.stab.excl)

.stab.exclstr
 *(.stab.exclstr)

.stab.index
 *(.stab.index)

.stab.indexstr
 *(.stab.indexstr)

.comment        0x0000000000000000       0x52
 *(.comment)
 .comment       0x0000000000000000       0x2d /usr/lib/gcc/x86_64-linux-gnu/5/crtbegin.o
                                         0x2e (size before relaxing)
 .comment       0x000000000000002d       0x2e GccUnixD/main.o
 .comment       0x000000000000002d       0x2e GccUnixD/apiemu.o
 .comment       0x000000000000002d       0x2e GccUnixD/assemble.o
 .comment       0x000000000000002d       0x2e GccUnixD/assume.o
 .comment       0x000000000000002d       0x2e GccUnixD/atofloat.o
 .comment       0x000000000000002d       0x2e GccUnixD/backptch.o
 .comment       0x000000000000002d       0x2e GccUnixD/bin.o
 .comment       0x000000000000002d       0x2e GccUnixD/branch.o
 .comment       0x000000000000002d       0x2e GccUnixD/cmdline.o
 .comment       0x000000000000002d       0x2e GccUnixD/codegen.o
 .comment       0x000000000000002d       0x2e GccUnixD/coff.o
 .comment       0x000000000000002d       0x2e GccUnixD/condasm.o
 .comment       0x000000000000002d       0x2e GccUnixD/context.o
 .comment       0x000000000000002d       0x2e GccUnixD/cpumodel.o
 .comment       0x000000000000002d       0x2e GccUnixD/data.o
 .comment       0x000000000000002d       0x2e GccUnixD/dbgcv.o
 .comment       0x000000000000002d       0x2e GccUnixD/directiv.o
 .comment       0x000000000000002d       0x2e GccUnixD/elf.o
 .comment       0x000000000000002d       0x2e GccUnixD/end.o
 .comment       0x000000000000002d       0x2e GccUnixD/equate.o
 .comment       0x000000000000002d       0x2e GccUnixD/errmsg.o
 .comment       0x000000000000002d       0x2e GccUnixD/expans.o
 .comment       0x000000000000002d       0x2e GccUnixD/expreval.o
 .comment       0x000000000000002d       0x2e GccUnixD/extern.o
 .comment       0x000000000000002d       0x2e GccUnixD/fastpass.o
 .comment       0x000000000000002d       0x2e GccUnixD/fixup.o
 .comment       0x000000000000002d       0x2e GccUnixD/fpfixup.o
 .comment       0x000000000000002d       0x2e GccUnixD/hll.o
 .comment       0x000000000000002d       0x2e GccUnixD/input.o
 .comment       0x000000000000002d       0x2e GccUnixD/invoke.o
 .comment       0x000000000000002d       0x2e GccUnixD/label.o
 .comment       0x000000000000002d       0x2e GccUnixD/linnum.o
 .comment       0x000000000000002d       0x2e GccUnixD/listing.o
 .comment       0x000000000000002d       0x2e GccUnixD/loop.o
 .comment       0x000000000000002d       0x2e GccUnixD/lqueue.o
 .comment       0x000000000000002d       0x2e GccUnixD/macro.o
 .comment       0x000000000000002d       0x2e GccUnixD/mangle.o
 .comment       0x000000000000002d       0x2e GccUnixD/memalloc.o
 .comment       0x000000000000002d       0x2e GccUnixD/msgtext.o
 .comment       0x000000000000002d       0x2e GccUnixD/omf.o
 .comment       0x000000000000002d       0x2e GccUnixD/omffixup.o
 .comment       0x000000000000002d       0x2e GccUnixD/omfint.o
 .comment       0x000000000000002d       0x2e GccUnixD/option.o
 .comment       0x000000000000002d       0x2e GccUnixD/parser.o
 .comment       0x000000000000002d       0x2e GccUnixD/posndir.o
 .comment       0x000000000000002d       0x2e GccUnixD/preproc.o
 .comment       0x000000000000002d       0x2e GccUnixD/proc.o
 .comment       0x000000000000002d       0x2e GccUnixD/queue.o
 .comment       0x000000000000002d       0x2e GccUnixD/reswords.o
 .comment       0x000000000000002d       0x2e GccUnixD/safeseh.o
 .comment       0x000000000000002d       0x2e GccUnixD/segment.o
 .comment       0x000000000000002d       0x2e GccUnixD/simsegm.o
 .comment       0x000000000000002d       0x2e GccUnixD/string.o
 .comment       0x000000000000002d       0x2e GccUnixD/symbols.o
 .comment       0x000000000000002d       0x2e GccUnixD/tbyte.o
 .comment       0x000000000000002d       0x2e GccUnixD/tokenize.o
 .comment       0x000000000000002d       0x2e GccUnixD/types.o
 .comment       0x000000000000002d       0x25 /usr/lib/x86_64-linux-gnu/libc_nonshared.a(elf-init.oS)
                                         0x26 (size before relaxing)
 .comment       0x0000000000000052       0x26 /usr/lib/x86_64-linux-gnu/libc_nonshared.a(stat.oS)
 .comment       0x0000000000000052       0x2e /usr/lib/gcc/x86_64-linux-gnu/5/crtend.o

.debug
 *(.debug)

.line
 *(.line)

.debug_srcinfo
 *(.debug_srcinfo)

.debug_sfnames
 *(.debug_sfnames)

.debug_aranges  0x0000000000000000      0xab0
 *(.debug_aranges)
 .debug_aranges
                0x0000000000000000       0x30 GccUnixD/main.o
 .debug_aranges
                0x0000000000000030       0x30 GccUnixD/apiemu.o
 .debug_aranges
                0x0000000000000060       0x30 GccUnixD/assemble.o
 .debug_aranges
                0x0000000000000090       0x30 GccUnixD/assume.o
 .debug_aranges
                0x00000000000000c0       0x30 GccUnixD/atofloat.o
 .debug_aranges
                0x00000000000000f0       0x30 GccUnixD/backptch.o
 .debug_aranges
                0x0000000000000120       0x30 GccUnixD/bin.o
 .debug_aranges
                0x0000000000000150       0x30 GccUnixD/branch.o
 .debug_aranges
                0x0000000000000180       0x30 GccUnixD/cmdline.o
 .debug_aranges
                0x00000000000001b0       0x30 GccUnixD/codegen.o
 .debug_aranges
                0x00000000000001e0       0x30 GccUnixD/coff.o
 .debug_aranges
                0x0000000000000210       0x30 GccUnixD/condasm.o
 .debug_aranges
                0x0000000000000240       0x30 GccUnixD/context.o
 .debug_aranges
                0x0000000000000270       0x30 GccUnixD/cpumodel.o
 .debug_aranges
                0x00000000000002a0       0x30 GccUnixD/data.o
 .debug_aranges
                0x00000000000002d0       0x30 GccUnixD/dbgcv.o
 .debug_aranges
                0x0000000000000300       0x30 GccUnixD/directiv.o
 .debug_aranges
                0x0000000000000330       0x30 GccUnixD/elf.o
 .debug_aranges
                0x0000000000000360       0x30 GccUnixD/end.o
 .debug_aranges
                0x0000000000000390       0x30 GccUnixD/equate.o
 .debug_aranges
                0x00000000000003c0       0x30 GccUnixD/errmsg.o
 .debug_aranges
                0x00000000000003f0       0x30 GccUnixD/expans.o
 .debug_aranges
                0x0000000000000420       0x30 GccUnixD/expreval.o
 .debug_aranges
                0x0000000000000450       0x30 GccUnixD/extern.o
 .debug_aranges
                0x0000000000000480       0x30 GccUnixD/fastpass.o
 .debug_aranges
                0x00000000000004b0       0x30 GccUnixD/fixup.o
 .debug_aranges
                0x00000000000004e0       0x30 GccUnixD/fpfixup.o
 .debug_aranges
                0x0000000000000510       0x30 GccUnixD/hll.o
 .debug_aranges
                0x0000000000000540       0x30 GccUnixD/input.o
 .debug_aranges
                0x0000000000000570       0x30 GccUnixD/invoke.o
 .debug_aranges
                0x00000000000005a0       0x30 GccUnixD/label.o
 .debug_aranges
                0x00000000000005d0       0x30 GccUnixD/linnum.o
 .debug_aranges
                0x0000000000000600       0x30 GccUnixD/listing.o
 .debug_aranges
                0x0000000000000630       0x30 GccUnixD/loop.o
 .debug_aranges
                0x0000000000000660       0x30 GccUnixD/lqueue.o
 .debug_aranges
                0x0000000000000690       0x30 GccUnixD/macro.o
 .debug_aranges
                0x00000000000006c0       0x30 GccUnixD/mangle.o
 .debug_aranges
                0x00000000000006f0       0x30 GccUnixD/memalloc.o
 .debug_aranges
                0x0000000000000720       0x30 GccUnixD/msgtext.o
 .debug_aranges
                0x0000000000000750       0x30 GccUnixD/omf.o
 .debug_aranges
                0x0000000000000780       0x30 GccUnixD/omffixup.o
 .debug_aranges
                0x00000000000007b0       0x30 GccUnixD/omfint.o
 .debug_aranges
                0x00000000000007e0       0x30 GccUnixD/option.o
 .debug_aranges
                0x0000000000000810       0x30 GccUnixD/parser.o
 .debug_aranges
                0x0000000000000840       0x30 GccUnixD/posndir.o
 .debug_aranges
                0x0000000000000870       0x30 GccUnixD/preproc.o
 .debug_aranges
                0x00000000000008a0       0x30 GccUnixD/proc.o
 .debug_aranges
                0x00000000000008d0       0x30 GccUnixD/queue.o
 .debug_aranges
                0x0000000000000900       0x30 GccUnixD/reswords.o
 .debug_aranges
                0x0000000000000930       0x30 GccUnixD/safeseh.o
 .debug_aranges
                0x0000000000000960       0x30 GccUnixD/segment.o
 .debug_aranges
                0x0000000000000990       0x30 GccUnixD/simsegm.o
 .debug_aranges
                0x00000000000009c0       0x30 GccUnixD/string.o
 .debug_aranges
                0x00000000000009f0       0x30 GccUnixD/symbols.o
 .debug_aranges
                0x0000000000000a20       0x30 GccUnixD/tbyte.o
 .debug_aranges
                0x0000000000000a50       0x30 GccUnixD/tokenize.o
 .debug_aranges
                0x0000000000000a80       0x30 GccUnixD/types.o

.debug_pubnames
 *(.debug_pubnames)

.debug_info     0x0000000000000000    0xdc28d
 *(.debug_info .gnu.linkonce.wi.*)
 .debug_info    0x0000000000000000      0xe99 GccUnixD/main.o
 .debug_info    0x0000000000000e99       0x8a GccUnixD/apiemu.o
 .debug_info    0x0000000000000f23     0x40a1 GccUnixD/assemble.o
 .debug_info    0x0000000000004fc4     0x3e83 GccUnixD/assume.o
 .debug_info    0x0000000000008e47      0x990 GccUnixD/atofloat.o
 .debug_info    0x00000000000097d7     0x25de GccUnixD/backptch.o
 .debug_info    0x000000000000bdb5     0x4c31 GccUnixD/bin.o
 .debug_info    0x00000000000109e6     0x6777 GccUnixD/branch.o
 .debug_info    0x000000000001715d     0x3d58 GccUnixD/cmdline.o
 .debug_info    0x000000000001aeb5     0x6fc5 GccUnixD/codegen.o
 .debug_info    0x0000000000021e7a     0x45cb GccUnixD/coff.o
 .debug_info    0x0000000000026445     0x3ae7 GccUnixD/condasm.o
 .debug_info    0x0000000000029f2c     0x36c8 GccUnixD/context.o
 .debug_info    0x000000000002d5f4     0x395a GccUnixD/cpumodel.o
 .debug_info    0x0000000000030f4e     0x4168 GccUnixD/data.o
 .debug_info    0x00000000000350b6     0x4900 GccUnixD/dbgcv.o
 .debug_info    0x00000000000399b6     0x3c91 GccUnixD/directiv.o
 .debug_info    0x000000000003d647     0x3f3a GccUnixD/elf.o
 .debug_info    0x0000000000041581     0x6c23 GccUnixD/end.o
 .debug_info    0x00000000000481a4     0x37ad GccUnixD/equate.o
 .debug_info    0x000000000004b951     0x389b GccUnixD/errmsg.o
 .debug_info    0x000000000004f1ec     0x4449 GccUnixD/expans.o
 .debug_info    0x0000000000053635     0x79a2 GccUnixD/expreval.o
 .debug_info    0x000000000005afd7     0x3e16 GccUnixD/extern.o
 .debug_info    0x000000000005eded     0x2f05 GccUnixD/fastpass.o
 .debug_info    0x0000000000061cf2     0x2f0c GccUnixD/fixup.o
 .debug_info    0x0000000000064bfe     0x60a4 GccUnixD/fpfixup.o
 .debug_info    0x000000000006aca2     0x4542 GccUnixD/hll.o
 .debug_info    0x000000000006f1e4     0x3bca GccUnixD/input.o
 .debug_info    0x0000000000072dae     0x7135 GccUnixD/invoke.o
 .debug_info    0x0000000000079ee3     0x3a42 GccUnixD/label.o
 .debug_info    0x000000000007d925     0x34b5 GccUnixD/linnum.o
 .debug_info    0x0000000000080dda     0x4415 GccUnixD/listing.o
 .debug_info    0x00000000000851ef     0x33e2 GccUnixD/loop.o
 .debug_info    0x00000000000885d1     0x2ba9 GccUnixD/lqueue.o
 .debug_info    0x000000000008b17a     0x3d78 GccUnixD/macro.o
 .debug_info    0x000000000008eef2     0x2e95 GccUnixD/mangle.o
 .debug_info    0x0000000000091d87      0xfb1 GccUnixD/memalloc.o
 .debug_info    0x0000000000092d38     0x1671 GccUnixD/msgtext.o
 .debug_info    0x00000000000943a9     0x503f GccUnixD/omf.o
 .debug_info    0x00000000000993e8     0x292f GccUnixD/omffixup.o
 .debug_info    0x000000000009bd17     0x208a GccUnixD/omfint.o
 .debug_info    0x000000000009dda1     0x4592 GccUnixD/option.o
 .debug_info    0x00000000000a2333     0x7c55 GccUnixD/parser.o
 .debug_info    0x00000000000a9f88     0x3a04 GccUnixD/posndir.o
 .debug_info    0x00000000000ad98c     0x368b GccUnixD/preproc.o
 .debug_info    0x00000000000b1017     0x818c GccUnixD/proc.o
 .debug_info    0x00000000000b91a3      0x183 GccUnixD/queue.o
 .debug_info    0x00000000000b9326     0x8881 GccUnixD/reswords.o
 .debug_info    0x00000000000c1ba7     0x2810 GccUnixD/safeseh.o
 .debug_info    0x00000000000c43b7     0x45b4 GccUnixD/segment.o
 .debug_info    0x00000000000c896b     0x395f GccUnixD/simsegm.o
 .debug_info    0x00000000000cc2ca     0x3d81 GccUnixD/string.o
 .debug_info    0x00000000000d004b     0x3de3 GccUnixD/symbols.o
 .debug_info    0x00000000000d3e2e      0x73a GccUnixD/tbyte.o
 .debug_info    0x00000000000d4568     0x3e5c GccUnixD/tokenize.o
 .debug_info    0x00000000000d83c4     0x3ec9 GccUnixD/types.o

.debug_abbrev   0x0000000000000000     0xbef3
 *(.debug_abbrev)
 .debug_abbrev  0x0000000000000000      0x16f GccUnixD/main.o
 .debug_abbrev  0x000000000000016f       0x62 GccUnixD/apiemu.o
 .debug_abbrev  0x00000000000001d1      0x462 GccUnixD/assemble.o
 .debug_abbrev  0x0000000000000633      0x3bc GccUnixD/assume.o
 .debug_abbrev  0x00000000000009ef      0x142 GccUnixD/atofloat.o
 .debug_abbrev  0x0000000000000b31      0x2e8 GccUnixD/backptch.o
 .debug_abbrev  0x0000000000000e19      0x3f6 GccUnixD/bin.o
 .debug_abbrev  0x000000000000120f      0x2f4 GccUnixD/branch.o
 .debug_abbrev  0x0000000000001503      0x3ed GccUnixD/cmdline.o
 .debug_abbrev  0x00000000000018f0      0x3b2 GccUnixD/codegen.o
 .debug_abbrev  0x0000000000001ca2      0x3ed GccUnixD/coff.o
 .debug_abbrev  0x000000000000208f      0x41e GccUnixD/condasm.o
 .debug_abbrev  0x00000000000024ad      0x38c GccUnixD/context.o
 .debug_abbrev  0x0000000000002839      0x37f GccUnixD/cpumodel.o
 .debug_abbrev  0x0000000000002bb8      0x3bf GccUnixD/data.o
 .debug_abbrev  0x0000000000002f77      0x409 GccUnixD/dbgcv.o
 .debug_abbrev  0x0000000000003380      0x3b1 GccUnixD/directiv.o
 .debug_abbrev  0x0000000000003731      0x3aa GccUnixD/elf.o
 .debug_abbrev  0x0000000000003adb      0x305 GccUnixD/end.o
 .debug_abbrev  0x0000000000003de0      0x384 GccUnixD/equate.o
 .debug_abbrev  0x0000000000004164      0x3b6 GccUnixD/errmsg.o
 .debug_abbrev  0x000000000000451a      0x3cc GccUnixD/expans.o
 .debug_abbrev  0x00000000000048e6      0x438 GccUnixD/expreval.o
 .debug_abbrev  0x0000000000004d1e      0x3ba GccUnixD/extern.o
 .debug_abbrev  0x00000000000050d8      0x377 GccUnixD/fastpass.o
 .debug_abbrev  0x000000000000544f      0x322 GccUnixD/fixup.o
 .debug_abbrev  0x0000000000005771      0x2d5 GccUnixD/fpfixup.o
 .debug_abbrev  0x0000000000005a46      0x3ea GccUnixD/hll.o
 .debug_abbrev  0x0000000000005e30      0x415 GccUnixD/input.o
 .debug_abbrev  0x0000000000006245      0x3cd GccUnixD/invoke.o
 .debug_abbrev  0x0000000000006612      0x314 GccUnixD/label.o
 .debug_abbrev  0x0000000000006926      0x339 GccUnixD/linnum.o
 .debug_abbrev  0x0000000000006c5f      0x3ee GccUnixD/listing.o
 .debug_abbrev  0x000000000000704d      0x2d5 GccUnixD/loop.o
 .debug_abbrev  0x0000000000007322      0x30d GccUnixD/lqueue.o
 .debug_abbrev  0x000000000000762f      0x41b GccUnixD/macro.o
 .debug_abbrev  0x0000000000007a4a      0x318 GccUnixD/mangle.o
 .debug_abbrev  0x0000000000007d62      0x1bf GccUnixD/memalloc.o
 .debug_abbrev  0x0000000000007f21      0x25b GccUnixD/msgtext.o
 .debug_abbrev  0x000000000000817c      0x45c GccUnixD/omf.o
 .debug_abbrev  0x00000000000085d8      0x365 GccUnixD/omffixup.o
 .debug_abbrev  0x000000000000893d      0x32f GccUnixD/omfint.o
 .debug_abbrev  0x0000000000008c6c      0x3bb GccUnixD/option.o
 .debug_abbrev  0x0000000000009027      0x44e GccUnixD/parser.o
 .debug_abbrev  0x0000000000009475      0x329 GccUnixD/posndir.o
 .debug_abbrev  0x000000000000979e      0x2ef GccUnixD/preproc.o
 .debug_abbrev  0x0000000000009a8d      0x467 GccUnixD/proc.o
 .debug_abbrev  0x0000000000009ef4       0xdd GccUnixD/queue.o
 .debug_abbrev  0x0000000000009fd1      0x251 GccUnixD/reswords.o
 .debug_abbrev  0x000000000000a222      0x2ca GccUnixD/safeseh.o
 .debug_abbrev  0x000000000000a4ec      0x49f GccUnixD/segment.o
 .debug_abbrev  0x000000000000a98b      0x3a9 GccUnixD/simsegm.o
 .debug_abbrev  0x000000000000ad34      0x3a0 GccUnixD/string.o
 .debug_abbrev  0x000000000000b0d4      0x47f GccUnixD/symbols.o
 .debug_abbrev  0x000000000000b553      0x1d9 GccUnixD/tbyte.o
 .debug_abbrev  0x000000000000b72c      0x3e1 GccUnixD/tokenize.o
 .debug_abbrev  0x000000000000bb0d      0x3e6 GccUnixD/types.o

.debug_line     0x0000000000000000    0x159b7
 *(.debug_line .debug_line.* .debug_line_end)
 .debug_line    0x0000000000000000       0x96 GccUnixD/main.o
 .debug_line    0x0000000000000096       0x48 GccUnixD/apiemu.o
 .debug_line    0x00000000000000de      0x818 GccUnixD/assemble.o
 .debug_line    0x00000000000008f6      0x40b GccUnixD/assume.o
 .debug_line    0x0000000000000d01       0xd1 GccUnixD/atofloat.o
 .debug_line    0x0000000000000dd2      0x279 GccUnixD/backptch.o
 .debug_line    0x000000000000104b      0xbf4 GccUnixD/bin.o
 .debug_line    0x0000000000001c3f      0x4e4 GccUnixD/branch.o
 .debug_line    0x0000000000002123      0x4d9 GccUnixD/cmdline.o
 .debug_line    0x00000000000025fc     0x1365 GccUnixD/codegen.o
 .debug_line    0x0000000000003961      0xa60 GccUnixD/coff.o
 .debug_line    0x00000000000043c1      0x517 GccUnixD/condasm.o
 .debug_line    0x00000000000048d8      0x255 GccUnixD/context.o
 .debug_line    0x0000000000004b2d      0x2a4 GccUnixD/cpumodel.o
 .debug_line    0x0000000000004dd1      0xa13 GccUnixD/data.o
 .debug_line    0x00000000000057e4      0x990 GccUnixD/dbgcv.o
 .debug_line    0x0000000000006174      0x363 GccUnixD/directiv.o
 .debug_line    0x00000000000064d7      0x8ab GccUnixD/elf.o
 .debug_line    0x0000000000006d82      0x280 GccUnixD/end.o
 .debug_line    0x0000000000007002      0x419 GccUnixD/equate.o
 .debug_line    0x000000000000741b      0x2e8 GccUnixD/errmsg.o
 .debug_line    0x0000000000007703      0xc88 GccUnixD/expans.o
 .debug_line    0x000000000000838b     0x1920 GccUnixD/expreval.o
 .debug_line    0x0000000000009cab      0x5e7 GccUnixD/extern.o
 .debug_line    0x000000000000a292      0x24e GccUnixD/fastpass.o
 .debug_line    0x000000000000a4e0      0x1f7 GccUnixD/fixup.o
 .debug_line    0x000000000000a6d7      0x1a2 GccUnixD/fpfixup.o
 .debug_line    0x000000000000a879      0xbca GccUnixD/hll.o
 .debug_line    0x000000000000b443      0x46d GccUnixD/input.o
 .debug_line    0x000000000000b8b0      0xdf2 GccUnixD/invoke.o
 .debug_line    0x000000000000c6a2      0x2a8 GccUnixD/label.o
 .debug_line    0x000000000000c94a      0x2ae GccUnixD/linnum.o
 .debug_line    0x000000000000cbf8      0xa4c GccUnixD/listing.o
 .debug_line    0x000000000000d644      0x357 GccUnixD/loop.o
 .debug_line    0x000000000000d99b      0x23d GccUnixD/lqueue.o
 .debug_line    0x000000000000dbd8      0x65d GccUnixD/macro.o
 .debug_line    0x000000000000e235      0x1a4 GccUnixD/mangle.o
 .debug_line    0x000000000000e3d9       0xef GccUnixD/memalloc.o
 .debug_line    0x000000000000e4c8      0x114 GccUnixD/msgtext.o
 .debug_line    0x000000000000e5dc      0x91b GccUnixD/omf.o
 .debug_line    0x000000000000eef7      0x330 GccUnixD/omffixup.o
 .debug_line    0x000000000000f227      0x2db GccUnixD/omfint.o
 .debug_line    0x000000000000f502      0x529 GccUnixD/option.o
 .debug_line    0x000000000000fa2b     0x161b GccUnixD/parser.o
 .debug_line    0x0000000000011046      0x294 GccUnixD/posndir.o
 .debug_line    0x00000000000112da      0x22e GccUnixD/preproc.o
 .debug_line    0x0000000000011508     0x160d GccUnixD/proc.o
 .debug_line    0x0000000000012b15       0x5d GccUnixD/queue.o
 .debug_line    0x0000000000012b72      0x440 GccUnixD/reswords.o
 .debug_line    0x0000000000012fb2      0x15d GccUnixD/safeseh.o
 .debug_line    0x000000000001310f      0x7af GccUnixD/segment.o
 .debug_line    0x00000000000138be      0x287 GccUnixD/simsegm.o
 .debug_line    0x0000000000013b45      0x54d GccUnixD/string.o
 .debug_line    0x0000000000014092      0x4fe GccUnixD/symbols.o
 .debug_line    0x0000000000014590      0x265 GccUnixD/tbyte.o
 .debug_line    0x00000000000147f5      0x850 GccUnixD/tokenize.o
 .debug_line    0x0000000000015045      0x972 GccUnixD/types.o

.debug_frame
 *(.debug_frame)

.debug_str      0x0000000000000000    0x16cb5
 *(.debug_str)
 .debug_str     0x0000000000000000     0x2441 GccUnixD/main.o
                                       0x2518 (size before relaxing)
 .debug_str     0x0000000000002441       0x10 GccUnixD/apiemu.o
                                         0xa0 (size before relaxing)
 .debug_str     0x0000000000002451     0x1fbf GccUnixD/assemble.o
                                       0x498c (size before relaxing)
 .debug_str     0x0000000000004410      0x686 GccUnixD/assume.o
                                       0x4aa9 (size before relaxing)
 .debug_str     0x0000000000004a96       0x33 GccUnixD/atofloat.o
                                       0x1f4c (size before relaxing)
 .debug_str     0x0000000000004ac9       0x39 GccUnixD/backptch.o
                                       0x331b (size before relaxing)
 .debug_str     0x0000000000004b02      0x8c4 GccUnixD/bin.o
                                       0x5013 (size before relaxing)
 .debug_str     0x00000000000053c6     0x454f GccUnixD/branch.o
                                       0x8acc (size before relaxing)
 .debug_str     0x0000000000009915      0x42d GccUnixD/cmdline.o
                                       0x4817 (size before relaxing)
 .debug_str     0x0000000000009d42      0x487 GccUnixD/codegen.o
                                       0x90cb (size before relaxing)
 .debug_str     0x000000000000a1c9      0x3a1 GccUnixD/coff.o
                                       0x4b94 (size before relaxing)
 .debug_str     0x000000000000a56a      0x1e8 GccUnixD/condasm.o
                                       0x4875 (size before relaxing)
 .debug_str     0x000000000000a752      0x115 GccUnixD/context.o
                                       0x45c6 (size before relaxing)
 .debug_str     0x000000000000a867      0x158 GccUnixD/cpumodel.o
                                       0x47fe (size before relaxing)
 .debug_str     0x000000000000a9bf      0x3b2 GccUnixD/data.o
                                       0x4d3e (size before relaxing)
 .debug_str     0x000000000000ad71      0xf77 GccUnixD/dbgcv.o
                                       0x3d26 (size before relaxing)
 .debug_str     0x000000000000bce8       0xd1 GccUnixD/directiv.o
                                       0x4a89 (size before relaxing)
 .debug_str     0x000000000000bdb9      0x60d GccUnixD/elf.o
                                       0x48b2 (size before relaxing)
 .debug_str     0x000000000000c3c6       0x7c GccUnixD/end.o
                                       0x8ec9 (size before relaxing)
 .debug_str     0x000000000000c442       0xc9 GccUnixD/equate.o
                                       0x463d (size before relaxing)
 .debug_str     0x000000000000c50b      0x10d GccUnixD/errmsg.o
                                       0x45b4 (size before relaxing)
 .debug_str     0x000000000000c618      0x2b0 GccUnixD/expans.o
                                       0x4c2d (size before relaxing)
 .debug_str     0x000000000000c8c8      0x44a GccUnixD/expreval.o
                                       0x90d5 (size before relaxing)
 .debug_str     0x000000000000cd12       0xe1 GccUnixD/extern.o
                                       0x4919 (size before relaxing)
 .debug_str     0x000000000000cdf3       0x76 GccUnixD/fastpass.o
                                       0x2839 (size before relaxing)
 .debug_str     0x000000000000ce69       0x55 GccUnixD/fixup.o
                                       0x290e (size before relaxing)
 .debug_str     0x000000000000cebe       0x86 GccUnixD/fpfixup.o
                                       0x6f7a (size before relaxing)
 .debug_str     0x000000000000cf44      0x3d8 GccUnixD/hll.o
                                       0x4a6f (size before relaxing)
 .debug_str     0x000000000000d31c      0x26a GccUnixD/input.o
                                       0x46a5 (size before relaxing)
 .debug_str     0x000000000000d586      0x27c GccUnixD/invoke.o
                                       0x8eae (size before relaxing)
 .debug_str     0x000000000000d802       0x46 GccUnixD/label.o
                                       0x4931 (size before relaxing)
 .debug_str     0x000000000000d848       0x78 GccUnixD/linnum.o
                                       0x4442 (size before relaxing)
 .debug_str     0x000000000000d8c0      0x51b GccUnixD/listing.o
                                       0x4c65 (size before relaxing)
 .debug_str     0x000000000000dddb       0x3e GccUnixD/loop.o
                                       0x4415 (size before relaxing)
 .debug_str     0x000000000000de19       0x79 GccUnixD/lqueue.o
                                       0x24f9 (size before relaxing)
 .debug_str     0x000000000000de92      0x18c GccUnixD/macro.o
                                       0x4a97 (size before relaxing)
 .debug_str     0x000000000000e01e       0xc5 GccUnixD/mangle.o
                                       0x27aa (size before relaxing)
 .debug_str     0x000000000000e0e3       0x68 GccUnixD/memalloc.o
                                       0x2570 (size before relaxing)
 .debug_str     0x000000000000e14b       0x29 GccUnixD/msgtext.o
                                       0x2921 (size before relaxing)
 .debug_str     0x000000000000e174      0xc96 GccUnixD/omf.o
                                       0x5392 (size before relaxing)
 .debug_str     0x000000000000ee0a      0x1da GccUnixD/omffixup.o
                                       0x3535 (size before relaxing)